Build started 3/1/2026 1:14:04 AM.
     1>Project "/home/rrj/src/github/rudironsoni/Ghost/Ghost.sln" on node 1 (default targets).
     1>ValidateSolutionConfiguration:
         Building solution configuration "Debug|Any CPU".
     1>Project "/home/rrj/src/github/rudironsoni/Ghost/Ghost.sln" (1) is building "/home/rrj/src/github/rudironsoni/Ghost/src/Kernel/Ghost/Ghost.csproj" (2) on node 1 (default targets).
     2>Project "/home/rrj/src/github/rudironsoni/Ghost/src/Kernel/Ghost/Ghost.csproj" (2) is building "/home/rrj/src/github/rudironsoni/Ghost/src/Contracts/Ghost.Contracts.Jobs/Ghost.Contracts.Jobs.csproj" (3:2) on node 1 (default targets).
     3>_GenerateSourceLinkFile:
         Updating Source Link file '/tmp/ghost-build/obj/Ghost.Contracts.Jobs/Debug/net10.0/Ghost.Contracts.Jobs.sourcelink.json'.
       CoreCompile:
         Setting DOTNET_ROOT to '/usr/share/dotnet'
         /usr/share/dotnet/sdk/10.0.103/Roslyn/bincore/csc /noconfig /unsafe- /checked- /nowarn:1701,1702,1701,1702 /fullpaths /nostdlib+ /errorreport:prompt /warn:10 /define:TRACE;DEBUG;NET;NET10_0;NETCOREAPP;NET5_0_OR_GREATER;NET6_0_OR_GREATER;NET7_0_OR_GREATER;NET8_0_OR_GREATER;NET9_0_OR_GREATER;NET10_0_OR_GREATER;NETCOREAPP1_0_OR_GREATER;NETCOREAPP1_1_OR_GREATER;NETCOREAPP2_0_OR_GREATER;NETCOREAPP2_1_OR_GREATER;NETCOREAPP2_2_OR_GREATER;NETCOREAPP3_0_OR_GREATER;NETCOREAPP3_1_OR_GREATER /highentropyva+ /nullable:enable /reference:/usr/share/dotnet/packs/Microsoft.NETCore.App.Ref/10.0.3/ref/net10.0/Microsoft.CSharp.dll /reference:/usr/share/dotnet/packs/Microsoft.NETCore.App.Ref/10.0.3/ref/net10.0/Microsoft.VisualBasic.Core.dll /reference:/usr/share/dotnet/packs/Microsoft.NETCore.App.Ref/10.0.3/ref/net10.0/Microsoft.VisualBasic.dll /reference:/usr/share/dotnet/packs/Microsoft.NETCore.App.Ref/10.0.3/ref/net10.0/Microsoft.Win32.Primitives.dll /reference:/usr/share/dotnet/packs/Microsoft.NETCore.App.Ref/10.0.3/ref/net10.0/Microsoft.Win32.Registry.dll /reference:/usr/share/dotnet/packs/Microsoft.NETCore.App.Ref/10.0.3/ref/net10.0/mscorlib.dll /reference:/usr/share/dotnet/packs/Microsoft.NETCore.App.Ref/10.0.3/ref/net10.0/netstandard.dll /reference:/usr/share/dotnet/packs/Microsoft.NETCore.App.Ref/10.0.3/ref/net10.0/System.AppContext.dll /reference:/usr/share/dotnet/packs/Microsoft.NETCore.App.Ref/10.0.3/ref/net10.0/System.Buffers.dll /reference:/usr/share/dotnet/packs/Microsoft.NETCore.App.Ref/10.0.3/ref/net10.0/System.Collections.Concurrent.dll /reference:/usr/share/dotnet/packs/Microsoft.NETCore.App.Ref/10.0.3/ref/net10.0/System.Collections.dll /reference:/usr/share/dotnet/packs/Microsoft.NETCore.App.Ref/10.0.3/ref/net10.0/System.Collections.Immutable.dll /reference:/usr/share/dotnet/packs/Microsoft.NETCore.App.Ref/10.0.3/ref/net10.0/System.Collections.NonGeneric.dll /reference:/usr/share/dotnet/packs/Microsoft.NETCore.App.Ref/10.0.3/ref/net10.0/System.Collections.Specialized.dll /reference:/usr/share/dotnet/packs/Microsoft.NETCore.App.Ref/10.0.3/ref/net10.0/System.ComponentModel.Annotations.dll /reference:/usr/share/dotnet/packs/Microsoft.NETCore.App.Ref/10.0.3/ref/net10.0/System.ComponentModel.DataAnnotations.dll /reference:/usr/share/dotnet/packs/Microsoft.NETCore.App.Ref/10.0.3/ref/net10.0/System.ComponentModel.dll /reference:/usr/share/dotnet/packs/Microsoft.NETCore.App.Ref/10.0.3/ref/net10.0/System.ComponentModel.EventBasedAsync.dll /reference:/usr/share/dotnet/packs/Microsoft.NETCore.App.Ref/10.0.3/ref/net10.0/System.ComponentModel.Primitives.dll /reference:/usr/share/dotnet/packs/Microsoft.NETCore.App.Ref/10.0.3/ref/net10.0/System.ComponentModel.TypeConverter.dll /reference:/usr/share/dotnet/packs/Microsoft.NETCore.App.Ref/10.0.3/ref/net10.0/System.Configuration.dll /reference:/usr/share/dotnet/packs/Microsoft.NETCore.App.Ref/10.0.3/ref/net10.0/System.Console.dll /reference:/usr/share/dotnet/packs/Microsoft.NETCore.App.Ref/10.0.3/ref/net10.0/System.Core.dll /reference:/usr/share/dotnet/packs/Microsoft.NETCore.App.Ref/10.0.3/ref/net10.0/System.Data.Common.dll /reference:/usr/share/dotnet/packs/Microsoft.NETCore.App.Ref/10.0.3/ref/net10.0/System.Data.DataSetExtensions.dll /reference:/usr/share/dotnet/packs/Microsoft.NETCore.App.Ref/10.0.3/ref/net10.0/System.Data.dll /reference:/usr/share/dotnet/packs/Microsoft.NETCore.App.Ref/10.0.3/ref/net10.0/System.Diagnostics.Contracts.dll /reference:/usr/share/dotnet/packs/Microsoft.NETCore.App.Ref/10.0.3/ref/net10.0/System.Diagnostics.Debug.dll /reference:/usr/share/dotnet/packs/Microsoft.NETCore.App.Ref/10.0.3/ref/net10.0/System.Diagnostics.DiagnosticSource.dll /reference:/usr/share/dotnet/packs/Microsoft.NETCore.App.Ref/10.0.3/ref/net10.0/System.Diagnostics.FileVersionInfo.dll /reference:/usr/share/dotnet/packs/Microsoft.NETCore.App.Ref/10.0.3/ref/net10.0/System.Diagnostics.Process.dll /reference:/usr/share/dotnet/packs/Microsoft.NETCore.App.Ref/10.0.3/ref/net10.0/System.Diagnostics.StackTrace.dll /reference:/usr/share/dotnet/packs/Microsoft.NETCore.App.Ref/10.0.3/ref/net10.0/System.Diagnostics.TextWriterTraceListener.dll /reference:/usr/share/dotnet/packs/Microsoft.NETCore.App.Ref/10.0.3/ref/net10.0/System.Diagnostics.Tools.dll /reference:/usr/share/dotnet/packs/Microsoft.NETCore.App.Ref/10.0.3/ref/net10.0/System.Diagnostics.TraceSource.dll /reference:/usr/share/dotnet/packs/Microsoft.NETCore.App.Ref/10.0.3/ref/net10.0/System.Diagnostics.Tracing.dll /reference:/usr/share/dotnet/packs/Microsoft.NETCore.App.Ref/10.0.3/ref/net10.0/System.dll /reference:/usr/share/dotnet/packs/Microsoft.NETCore.App.Ref/10.0.3/ref/net10.0/System.Drawing.dll /reference:/usr/share/dotnet/packs/Microsoft.NETCore.App.Ref/10.0.3/ref/net10.0/System.Drawing.Primitives.dll /reference:/usr/share/dotnet/packs/Microsoft.NETCore.App.Ref/10.0.3/ref/net10.0/System.Dynamic.Runtime.dll /reference:/usr/share/dotnet/packs/Microsoft.NETCore.App.Ref/10.0.3/ref/net10.0/System.Formats.Asn1.dll /reference:/usr/share/dotnet/packs/Microsoft.NETCore.App.Ref/10.0.3/ref/net10.0/System.Formats.Tar.dll /reference:/usr/share/dotnet/packs/Microsoft.NETCore.App.Ref/10.0.3/ref/net10.0/System.Globalization.Calendars.dll /reference:/usr/share/dotnet/packs/Microsoft.NETCore.App.Ref/10.0.3/ref/net10.0/System.Globalization.dll /reference:/usr/share/dotnet/packs/Microsoft.NETCore.App.Ref/10.0.3/ref/net10.0/System.Globalization.Extensions.dll /reference:/usr/share/dotnet/packs/Microsoft.NETCore.App.Ref/10.0.3/ref/net10.0/System.IO.Compression.Brotli.dll /reference:/usr/share/dotnet/packs/Microsoft.NETCore.App.Ref/10.0.3/ref/net10.0/System.IO.Compression.dll /reference:/usr/share/dotnet/packs/Microsoft.NETCore.App.Ref/10.0.3/ref/net10.0/System.IO.Compression.FileSystem.dll /reference:/usr/share/dotnet/packs/Microsoft.NETCore.App.Ref/10.0.3/ref/net10.0/System.IO.Compression.ZipFile.dll /reference:/usr/share/dotnet/packs/Microsoft.NETCore.App.Ref/10.0.3/ref/net10.0/System.IO.dll /reference:/usr/share/dotnet/packs/Microsoft.NETCore.App.Ref/10.0.3/ref/net10.0/System.IO.FileSystem.AccessControl.dll /reference:/usr/share/dotnet/packs/Microsoft.NETCore.App.Ref/10.0.3/ref/net10.0/System.IO.FileSystem.dll /reference:/usr/share/dotnet/packs/Microsoft.NETCore.App.Ref/10.0.3/ref/net10.0/System.IO.FileSystem.DriveInfo.dll /reference:/usr/share/dotnet/packs/Microsoft.NETCore.App.Ref/10.0.3/ref/net10.0/System.IO.FileSystem.Primitives.dll /reference:/usr/share/dotnet/packs/Microsoft.NETCore.App.Ref/10.0.3/ref/net10.0/System.IO.FileSystem.Watcher.dll /reference:/usr/share/dotnet/packs/Microsoft.NETCore.App.Ref/10.0.3/ref/net10.0/System.IO.IsolatedStorage.dll /reference:/usr/share/dotnet/packs/Microsoft.NETCore.App.Ref/10.0.3/ref/net10.0/System.IO.MemoryMappedFiles.dll /reference:/usr/share/dotnet/packs/Microsoft.NETCore.App.Ref/10.0.3/ref/net10.0/System.IO.Pipelines.dll /reference:/usr/share/dotnet/packs/Microsoft.NETCore.App.Ref/10.0.3/ref/net10.0/System.IO.Pipes.AccessControl.dll /reference:/usr/share/dotnet/packs/Microsoft.NETCore.App.Ref/10.0.3/ref/net10.0/System.IO.Pipes.dll /reference:/usr/share/dotnet/packs/Microsoft.NETCore.App.Ref/10.0.3/ref/net10.0/System.IO.UnmanagedMemoryStream.dll /reference:/usr/share/dotnet/packs/Microsoft.NETCore.App.Ref/10.0.3/ref/net10.0/System.Linq.AsyncEnumerable.dll /reference:/usr/share/dotnet/packs/Microsoft.NETCore.App.Ref/10.0.3/ref/net10.0/System.Linq.dll /reference:/usr/share/dotnet/packs/Microsoft.NETCore.App.Ref/10.0.3/ref/net10.0/System.Linq.Expressions.dll /reference:/usr/share/dotnet/packs/Microsoft.NETCore.App.Ref/10.0.3/ref/net10.0/System.Linq.Parallel.dll /reference:/usr/share/dotnet/packs/Microsoft.NETCore.App.Ref/10.0.3/ref/net10.0/System.Linq.Queryable.dll /reference:/usr/share/dotnet/packs/Microsoft.NETCore.App.Ref/10.0.3/ref/net10.0/System.Memory.dll /reference:/usr/share/dotnet/packs/Microsoft.NETCore.App.Ref/10.0.3/ref/net10.0/System.Net.dll /reference:/usr/share/dotnet/packs/Microsoft.NETCore.App.Ref/10.0.3/ref/net10.0/System.Net.Http.dll /reference:/usr/share/dotnet/packs/Microsoft.NETCore.App.Ref/10.0.3/ref/net10.0/System.Net.Http.Json.dll /reference:/usr/share/dotnet/packs/Microsoft.NETCore.App.Ref/10.0.3/ref/net10.0/System.Net.HttpListener.dll /reference:/usr/share/dotnet/packs/Microsoft.NETCore.App.Ref/10.0.3/ref/net10.0/System.Net.Mail.dll /reference:/usr/share/dotnet/packs/Microsoft.NETCore.App.Ref/10.0.3/ref/net10.0/System.Net.NameResolution.dll /reference:/usr/share/dotnet/packs/Microsoft.NETCore.App.Ref/10.0.3/ref/net10.0/System.Net.NetworkInformation.dll /reference:/usr/share/dotnet/packs/Microsoft.NETCore.App.Ref/10.0.3/ref/net10.0/System.Net.Ping.dll /reference:/usr/share/dotnet/packs/Microsoft.NETCore.App.Ref/10.0.3/ref/net10.0/System.Net.Primitives.dll /reference:/usr/share/dotnet/packs/Microsoft.NETCore.App.Ref/10.0.3/ref/net10.0/System.Net.Quic.dll /reference:/usr/share/dotnet/packs/Microsoft.NETCore.App.Ref/10.0.3/ref/net10.0/System.Net.Requests.dll /reference:/usr/share/dotnet/packs/Microsoft.NETCore.App.Ref/10.0.3/ref/net10.0/System.Net.Security.dll /reference:/usr/share/dotnet/packs/Microsoft.NETCore.App.Ref/10.0.3/ref/net10.0/System.Net.ServerSentEvents.dll /reference:/usr/share/dotnet/packs/Microsoft.NETCore.App.Ref/10.0.3/ref/net10.0/System.Net.ServicePoint.dll /reference:/usr/share/dotnet/packs/Microsoft.NETCore.App.Ref/10.0.3/ref/net10.0/System.Net.Sockets.dll /reference:/usr/share/dotnet/packs/Microsoft.NETCore.App.Ref/10.0.3/ref/net10.0/System.Net.WebClient.dll /reference:/usr/share/dotnet/packs/Microsoft.NETCore.App.Ref/10.0.3/ref/net10.0/System.Net.WebHeaderCollection.dll /reference:/usr/share/dotnet/packs/Microsoft.NETCore.App.Ref/10.0.3/ref/net10.0/System.Net.WebProxy.dll /reference:/usr/share/dotnet/packs/Microsoft.NETCore.App.Ref/10.0.3/ref/net10.0/System.Net.WebSockets.Client.dll /reference:/usr/share/dotnet/packs/Microsoft.NETCore.App.Ref/10.0.3/ref/net10.0/System.Net.WebSockets.dll /reference:/usr/share/dotnet/packs/Microsoft.NETCore.App.Ref/10.0.3/ref/net10.0/System.Numerics.dll /reference:/usr/share/dotnet/packs/Microsoft.NETCore.App.Ref/10.0.3/ref/net10.0/System.Numerics.Vectors.dll /reference:/usr/share/dotnet/packs/Microsoft.NETCore.App.Ref/10.0.3/ref/net10.0/System.ObjectModel.dll /reference:/usr/share/dotnet/packs/Microsoft.NETCore.App.Ref/10.0.3/ref/net10.0/System.Reflection.DispatchProxy.dll /reference:/usr/share/dotnet/packs/Microsoft.NETCore.App.Ref/10.0.3/ref/net10.0/System.Reflection.dll /reference:/usr/share/dotnet/packs/Microsoft.NETCore.App.Ref/10.0.3/ref/net10.0/System.Reflection.Emit.dll /reference:/usr/share/dotnet/packs/Microsoft.NETCore.App.Ref/10.0.3/ref/net10.0/System.Reflection.Emit.ILGeneration.dll /reference:/usr/share/dotnet/packs/Microsoft.NETCore.App.Ref/10.0.3/ref/net10.0/System.Reflection.Emit.Lightweight.dll /reference:/usr/share/dotnet/packs/Microsoft.NETCore.App.Ref/10.0.3/ref/net10.0/System.Reflection.Extensions.dll /reference:/usr/share/dotnet/packs/Microsoft.NETCore.App.Ref/10.0.3/ref/net10.0/System.Reflection.Metadata.dll /reference:/usr/share/dotnet/packs/Microsoft.NETCore.App.Ref/10.0.3/ref/net10.0/System.Reflection.Primitives.dll /reference:/usr/share/dotnet/packs/Microsoft.NETCore.App.Ref/10.0.3/ref/net10.0/System.Reflection.TypeExtensions.dll /reference:/usr/share/dotnet/packs/Microsoft.NETCore.App.Ref/10.0.3/ref/net10.0/System.Resources.Reader.dll /reference:/usr/share/dotnet/packs/Microsoft.NETCore.App.Ref/10.0.3/ref/net10.0/System.Resources.ResourceManager.dll /reference:/usr/share/dotnet/packs/Microsoft.NETCore.App.Ref/10.0.3/ref/net10.0/System.Resources.Writer.dll /reference:/usr/share/dotnet/packs/Microsoft.NETCore.App.Ref/10.0.3/ref/net10.0/System.Runtime.CompilerServices.Unsafe.dll /reference:/usr/share/dotnet/packs/Microsoft.NETCore.App.Ref/10.0.3/ref/net10.0/System.Runtime.CompilerServices.VisualC.dll /reference:/usr/share/dotnet/packs/Microsoft.NETCore.App.Ref/10.0.3/ref/net10.0/System.Runtime.dll /reference:/usr/share/dotnet/packs/Microsoft.NETCore.App.Ref/10.0.3/ref/net10.0/System.Runtime.Extensions.dll /reference:/usr/share/dotnet/packs/Microsoft.NETCore.App.Ref/10.0.3/ref/net10.0/System.Runtime.Handles.dll /reference:/usr/share/dotnet/packs/Microsoft.NETCore.App.Ref/10.0.3/ref/net10.0/System.Runtime.InteropServices.dll /reference:/usr/share/dotnet/packs/Microsoft.NETCore.App.Ref/10.0.3/ref/net10.0/System.Runtime.InteropServices.JavaScript.dll /reference:/usr/share/dotnet/packs/Microsoft.NETCore.App.Ref/10.0.3/ref/net10.0/System.Runtime.InteropServices.RuntimeInformation.dll /reference:/usr/share/dotnet/packs/Microsoft.NETCore.App.Ref/10.0.3/ref/net10.0/System.Runtime.Intrinsics.dll /reference:/usr/share/dotnet/packs/Microsoft.NETCore.App.Ref/10.0.3/ref/net10.0/System.Runtime.Loader.dll /reference:/usr/share/dotnet/packs/Microsoft.NETCore.App.Ref/10.0.3/ref/net10.0/System.Runtime.Numerics.dll /reference:/usr/share/dotnet/packs/Microsoft.NETCore.App.Ref/10.0.3/ref/net10.0/System.Runtime.Serialization.dll /reference:/usr/share/dotnet/packs/Microsoft.NETCore.App.Ref/10.0.3/ref/net10.0/System.Runtime.Serialization.Formatters.dll /reference:/usr/share/dotnet/packs/Microsoft.NETCore.App.Ref/10.0.3/ref/net10.0/System.Runtime.Serialization.Json.dll /reference:/usr/share/dotnet/packs/Microsoft.NETCore.App.Ref/10.0.3/ref/net10.0/System.Runtime.Serialization.Primitives.dll /reference:/usr/share/dotnet/packs/Microsoft.NETCore.App.Ref/10.0.3/ref/net10.0/System.Runtime.Serialization.Xml.dll /reference:/usr/share/dotnet/packs/Microsoft.NETCore.App.Ref/10.0.3/ref/net10.0/System.Security.AccessControl.dll /reference:/usr/share/dotnet/packs/Microsoft.NETCore.App.Ref/10.0.3/ref/net10.0/System.Security.Claims.dll /reference:/usr/share/dotnet/packs/Microsoft.NETCore.App.Ref/10.0.3/ref/net10.0/System.Security.Cryptography.Algorithms.dll /reference:/usr/share/dotnet/packs/Microsoft.NETCore.App.Ref/10.0.3/ref/net10.0/System.Security.Cryptography.Cng.dll /reference:/usr/share/dotnet/packs/Microsoft.NETCore.App.Ref/10.0.3/ref/net10.0/System.Security.Cryptography.Csp.dll /reference:/usr/share/dotnet/packs/Microsoft.NETCore.App.Ref/10.0.3/ref/net10.0/System.Security.Cryptography.dll /reference:/usr/share/dotnet/packs/Microsoft.NETCore.App.Ref/10.0.3/ref/net10.0/System.Security.Cryptography.Encoding.dll /reference:/usr/share/dotnet/packs/Microsoft.NETCore.App.Ref/10.0.3/ref/net10.0/System.Security.Cryptography.OpenSsl.dll /reference:/usr/share/dotnet/packs/Microsoft.NETCore.App.Ref/10.0.3/ref/net10.0/System.Security.Cryptography.Primitives.dll /reference:/usr/share/dotnet/packs/Microsoft.NETCore.App.Ref/10.0.3/ref/net10.0/System.Security.Cryptography.X509Certificates.dll /reference:/usr/share/dotnet/packs/Microsoft.NETCore.App.Ref/10.0.3/ref/net10.0/System.Security.dll /reference:/usr/share/dotnet/packs/Microsoft.NETCore.App.Ref/10.0.3/ref/net10.0/System.Security.Principal.dll /reference:/usr/share/dotnet/packs/Microsoft.NETCore.App.Ref/10.0.3/ref/net10.0/System.Security.Principal.Windows.dll /reference:/usr/share/dotnet/packs/Microsoft.NETCore.App.Ref/10.0.3/ref/net10.0/System.Security.SecureString.dll /reference:/usr/share/dotnet/packs/Microsoft.NETCore.App.Ref/10.0.3/ref/net10.0/System.ServiceModel.Web.dll /reference:/usr/share/dotnet/packs/Microsoft.NETCore.App.Ref/10.0.3/ref/net10.0/System.ServiceProcess.dll /reference:/usr/share/dotnet/packs/Microsoft.NETCore.App.Ref/10.0.3/ref/net10.0/System.Text.Encoding.CodePages.dll /reference:/usr/share/dotnet/packs/Microsoft.NETCore.App.Ref/10.0.3/ref/net10.0/System.Text.Encoding.dll /reference:/usr/share/dotnet/packs/Microsoft.NETCore.App.Ref/10.0.3/ref/net10.0/System.Text.Encoding.Extensions.dll /reference:/usr/share/dotnet/packs/Microsoft.NETCore.App.Ref/10.0.3/ref/net10.0/System.Text.Encodings.Web.dll /reference:/usr/share/dotnet/packs/Microsoft.NETCore.App.Ref/10.0.3/ref/net10.0/System.Text.Json.dll /reference:/usr/share/dotnet/packs/Microsoft.NETCore.App.Ref/10.0.3/ref/net10.0/System.Text.RegularExpressions.dll /reference:/usr/share/dotnet/packs/Microsoft.NETCore.App.Ref/10.0.3/ref/net10.0/System.Threading.AccessControl.dll /reference:/usr/share/dotnet/packs/Microsoft.NETCore.App.Ref/10.0.3/ref/net10.0/System.Threading.Channels.dll /reference:/usr/share/dotnet/packs/Microsoft.NETCore.App.Ref/10.0.3/ref/net10.0/System.Threading.dll /reference:/usr/share/dotnet/packs/Microsoft.NETCore.App.Ref/10.0.3/ref/net10.0/System.Threading.Overlapped.dll /reference:/usr/share/dotnet/packs/Microsoft.NETCore.App.Ref/10.0.3/ref/net10.0/System.Threading.Tasks.Dataflow.dll /reference:/usr/share/dotnet/packs/Microsoft.NETCore.App.Ref/10.0.3/ref/net10.0/System.Threading.Tasks.dll /reference:/usr/share/dotnet/packs/Microsoft.NETCore.App.Ref/10.0.3/ref/net10.0/System.Threading.Tasks.Extensions.dll /reference:/usr/share/dotnet/packs/Microsoft.NETCore.App.Ref/10.0.3/ref/net10.0/System.Threading.Tasks.Parallel.dll /reference:/usr/share/dotnet/packs/Microsoft.NETCore.App.Ref/10.0.3/ref/net10.0/System.Threading.Thread.dll /reference:/usr/share/dotnet/packs/Microsoft.NETCore.App.Ref/10.0.3/ref/net10.0/System.Threading.ThreadPool.dll /reference:/usr/share/dotnet/packs/Microsoft.NETCore.App.Ref/10.0.3/ref/net10.0/System.Threading.Timer.dll /reference:/usr/share/dotnet/packs/Microsoft.NETCore.App.Ref/10.0.3/ref/net10.0/System.Transactions.dll /reference:/usr/share/dotnet/packs/Microsoft.NETCore.App.Ref/10.0.3/ref/net10.0/System.Transactions.Local.dll /reference:/usr/share/dotnet/packs/Microsoft.NETCore.App.Ref/10.0.3/ref/net10.0/System.ValueTuple.dll /reference:/usr/share/dotnet/packs/Microsoft.NETCore.App.Ref/10.0.3/ref/net10.0/System.Web.dll /reference:/usr/share/dotnet/packs/Microsoft.NETCore.App.Ref/10.0.3/ref/net10.0/System.Web.HttpUtility.dll /reference:/usr/share/dotnet/packs/Microsoft.NETCore.App.Ref/10.0.3/ref/net10.0/System.Windows.dll /reference:/usr/share/dotnet/packs/Microsoft.NETCore.App.Ref/10.0.3/ref/net10.0/System.Xml.dll /reference:/usr/share/dotnet/packs/Microsoft.NETCore.App.Ref/10.0.3/ref/net10.0/System.Xml.Linq.dll /reference:/usr/share/dotnet/packs/Microsoft.NETCore.App.Ref/10.0.3/ref/net10.0/System.Xml.ReaderWriter.dll /reference:/usr/share/dotnet/packs/Microsoft.NETCore.App.Ref/10.0.3/ref/net10.0/System.Xml.Serialization.dll /reference:/usr/share/dotnet/packs/Microsoft.NETCore.App.Ref/10.0.3/ref/net10.0/System.Xml.XDocument.dll /reference:/usr/share/dotnet/packs/Microsoft.NETCore.App.Ref/10.0.3/ref/net10.0/System.Xml.XmlDocument.dll /reference:/usr/share/dotnet/packs/Microsoft.NETCore.App.Ref/10.0.3/ref/net10.0/System.Xml.XmlSerializer.dll /reference:/usr/share/dotnet/packs/Microsoft.NETCore.App.Ref/10.0.3/ref/net10.0/System.Xml.XPath.dll /reference:/usr/share/dotnet/packs/Microsoft.NETCore.App.Ref/10.0.3/ref/net10.0/System.Xml.XPath.XDocument.dll /reference:/usr/share/dotnet/packs/Microsoft.NETCore.App.Ref/10.0.3/ref/net10.0/WindowsBase.dll /features:"InterceptorsNamespaces=;Microsoft.Extensions.Validation.Generated" /debug+ /debug:portable /filealign:512 /optimize- /out:/tmp/ghost-build/obj/Ghost.Contracts.Jobs/Debug/net10.0/Ghost.Contracts.Jobs.dll /refout:/tmp/ghost-build/obj/Ghost.Contracts.Jobs/Debug/net10.0/refint/Ghost.Contracts.Jobs.dll /target:library /warnaserror+ /utf8output /deterministic+ /sourcelink:/tmp/ghost-build/obj/Ghost.Contracts.Jobs/Debug/net10.0/Ghost.Contracts.Jobs.sourcelink.json /langversion:preview /embed:/tmp/ghost-build/obj/Ghost.Contracts.Jobs/Debug/net10.0/Ghost.Contracts.Jobs.GlobalUsings.g.cs /embed:/tmp/ghost-build/obj/Ghost.Contracts.Jobs/Debug/net10.0/Ghost.Contracts.Jobs.AssemblyInfo.cs /analyzerconfig:/home/rrj/src/github/rudironsoni/Ghost/.editorconfig /analyzerconfig:/tmp/ghost-build/obj/Ghost.Contracts.Jobs/Debug/net10.0/Ghost.Contracts.Jobs.GeneratedMSBuildEditorConfig.editorconfig /analyzerconfig:/usr/share/dotnet/sdk/10.0.103/Sdks/Microsoft.NET.Sdk/analyzers/build/config/analysislevel_10_recommended.globalconfig /analyzer:/usr/share/dotnet/sdk/10.0.103/Sdks/Microsoft.NET.Sdk/targets/../analyzers/Microsoft.CodeAnalysis.CSharp.NetAnalyzers.dll /analyzer:/usr/share/dotnet/sdk/10.0.103/Sdks/Microsoft.NET.Sdk/targets/../analyzers/Microsoft.CodeAnalysis.NetAnalyzers.dll /analyzer:/usr/share/dotnet/sdk/10.0.103/Sdks/Microsoft.NET.Sdk/targets/../codestyle/cs/Microsoft.CodeAnalysis.CodeStyle.dll /analyzer:/usr/share/dotnet/sdk/10.0.103/Sdks/Microsoft.NET.Sdk/targets/../codestyle/cs/Microsoft.CodeAnalysis.CodeStyle.Fixes.dll /analyzer:/usr/share/dotnet/sdk/10.0.103/Sdks/Microsoft.NET.Sdk/targets/../codestyle/cs/Microsoft.CodeAnalysis.CSharp.CodeStyle.dll /analyzer:/usr/share/dotnet/sdk/10.0.103/Sdks/Microsoft.NET.Sdk/targets/../codestyle/cs/Microsoft.CodeAnalysis.CSharp.CodeStyle.Fixes.dll /analyzer:/usr/share/dotnet/packs/Microsoft.NETCore.App.Ref/10.0.3/analyzers/dotnet/cs/Microsoft.Interop.ComInterfaceGenerator.dll /analyzer:/usr/share/dotnet/packs/Microsoft.NETCore.App.Ref/10.0.3/analyzers/dotnet/cs/Microsoft.Interop.JavaScript.JSImportGenerator.dll /analyzer:/usr/share/dotnet/packs/Microsoft.NETCore.App.Ref/10.0.3/analyzers/dotnet/cs/Microsoft.Interop.LibraryImportGenerator.dll /analyzer:/usr/share/dotnet/packs/Microsoft.NETCore.App.Ref/10.0.3/analyzers/dotnet/cs/Microsoft.Interop.SourceGeneration.dll /analyzer:/usr/share/dotnet/packs/Microsoft.NETCore.App.Ref/10.0.3/analyzers/dotnet/cs/System.Text.Json.SourceGeneration.dll /analyzer:/usr/share/dotnet/packs/Microsoft.NETCore.App.Ref/10.0.3/analyzers/dotnet/cs/System.Text.RegularExpressions.Generator.dll DTOs/ApplicationDetails.cs DTOs/ApplicationsFilter.cs DTOs/Enums.cs DTOs/JobApplication.cs DTOs/JobListing.cs DTOs/JobSearchCriteria.cs DTOs/JobSearchResult.cs IJobClient.cs Serialization/JobsSerializerContext.cs /tmp/ghost-build/obj/Ghost.Contracts.Jobs/Debug/net10.0/Ghost.Contracts.Jobs.GlobalUsings.g.cs /tmp/ghost-build/obj/Ghost.Contracts.Jobs/Debug/net10.0/Ghost.Contracts.Jobs.AssemblyInfo.cs /warnaserror+:NU1605,SYSLIB0011
         Compilation request Ghost.Contracts.Jobs (net10.0), PathToTool=/usr/share/dotnet/sdk/10.0.103/Roslyn/bincore/csc
         CompilerServer: tool - using command line tool by design '/usr/share/dotnet/sdk/10.0.103/Roslyn/bincore/csc' - Ghost.Contracts.Jobs (net10.0)
     1>Project "/home/rrj/src/github/rudironsoni/Ghost/Ghost.sln" (1) is building "/home/rrj/src/github/rudironsoni/Ghost/src/Contracts/Ghost.Contracts/Ghost.Contracts.csproj" (4) on node 3 (default targets).
     4>_GenerateSourceLinkFile:
         Updating Source Link file '/tmp/ghost-build/obj/Ghost.Contracts/Debug/net10.0/Ghost.Contracts.sourcelink.json'.
       CoreCompile:
         Setting DOTNET_ROOT to '/usr/share/dotnet'
         /usr/share/dotnet/sdk/10.0.103/Roslyn/bincore/csc /noconfig /unsafe- /checked- /nowarn:1701,1702,1701,1702 /fullpaths /nostdlib+ /errorreport:prompt /warn:10 /define:TRACE;DEBUG;NET;NET10_0;NETCOREAPP;NET5_0_OR_GREATER;NET6_0_OR_GREATER;NET7_0_OR_GREATER;NET8_0_OR_GREATER;NET9_0_OR_GREATER;NET10_0_OR_GREATER;NETCOREAPP1_0_OR_GREATER;NETCOREAPP1_1_OR_GREATER;NETCOREAPP2_0_OR_GREATER;NETCOREAPP2_1_OR_GREATER;NETCOREAPP2_2_OR_GREATER;NETCOREAPP3_0_OR_GREATER;NETCOREAPP3_1_OR_GREATER /highentropyva+ /nullable:enable /reference:/usr/share/dotnet/packs/Microsoft.NETCore.App.Ref/10.0.3/ref/net10.0/Microsoft.CSharp.dll /reference:/home/rrj/.nuget/packages/microsoft.extensions.configuration.abstractions/9.0.1/lib/net9.0/Microsoft.Extensions.Configuration.Abstractions.dll /reference:/home/rrj/.nuget/packages/microsoft.extensions.dependencyinjection.abstractions/9.0.1/lib/net9.0/Microsoft.Extensions.DependencyInjection.Abstractions.dll /reference:/home/rrj/.nuget/packages/microsoft.extensions.primitives/9.0.1/lib/net9.0/Microsoft.Extensions.Primitives.dll /reference:/usr/share/dotnet/packs/Microsoft.NETCore.App.Ref/10.0.3/ref/net10.0/Microsoft.VisualBasic.Core.dll /reference:/usr/share/dotnet/packs/Microsoft.NETCore.App.Ref/10.0.3/ref/net10.0/Microsoft.VisualBasic.dll /reference:/usr/share/dotnet/packs/Microsoft.NETCore.App.Ref/10.0.3/ref/net10.0/Microsoft.Win32.Primitives.dll /reference:/usr/share/dotnet/packs/Microsoft.NETCore.App.Ref/10.0.3/ref/net10.0/Microsoft.Win32.Registry.dll /reference:/usr/share/dotnet/packs/Microsoft.NETCore.App.Ref/10.0.3/ref/net10.0/mscorlib.dll /reference:/usr/share/dotnet/packs/Microsoft.NETCore.App.Ref/10.0.3/ref/net10.0/netstandard.dll /reference:/usr/share/dotnet/packs/Microsoft.NETCore.App.Ref/10.0.3/ref/net10.0/System.AppContext.dll /reference:/usr/share/dotnet/packs/Microsoft.NETCore.App.Ref/10.0.3/ref/net10.0/System.Buffers.dll /reference:/usr/share/dotnet/packs/Microsoft.NETCore.App.Ref/10.0.3/ref/net10.0/System.Collections.Concurrent.dll /reference:/usr/share/dotnet/packs/Microsoft.NETCore.App.Ref/10.0.3/ref/net10.0/System.Collections.dll /reference:/usr/share/dotnet/packs/Microsoft.NETCore.App.Ref/10.0.3/ref/net10.0/System.Collections.Immutable.dll /reference:/usr/share/dotnet/packs/Microsoft.NETCore.App.Ref/10.0.3/ref/net10.0/System.Collections.NonGeneric.dll /reference:/usr/share/dotnet/packs/Microsoft.NETCore.App.Ref/10.0.3/ref/net10.0/System.Collections.Specialized.dll /reference:/usr/share/dotnet/packs/Microsoft.NETCore.App.Ref/10.0.3/ref/net10.0/System.ComponentModel.Annotations.dll /reference:/usr/share/dotnet/packs/Microsoft.NETCore.App.Ref/10.0.3/ref/net10.0/System.ComponentModel.DataAnnotations.dll /reference:/usr/share/dotnet/packs/Microsoft.NETCore.App.Ref/10.0.3/ref/net10.0/System.ComponentModel.dll /reference:/usr/share/dotnet/packs/Microsoft.NETCore.App.Ref/10.0.3/ref/net10.0/System.ComponentModel.EventBasedAsync.dll /reference:/usr/share/dotnet/packs/Microsoft.NETCore.App.Ref/10.0.3/ref/net10.0/System.ComponentModel.Primitives.dll /reference:/usr/share/dotnet/packs/Microsoft.NETCore.App.Ref/10.0.3/ref/net10.0/System.ComponentModel.TypeConverter.dll /reference:/usr/share/dotnet/packs/Microsoft.NETCore.App.Ref/10.0.3/ref/net10.0/System.Configuration.dll /reference:/usr/share/dotnet/packs/Microsoft.NETCore.App.Ref/10.0.3/ref/net10.0/System.Console.dll /reference:/usr/share/dotnet/packs/Microsoft.NETCore.App.Ref/10.0.3/ref/net10.0/System.Core.dll /reference:/usr/share/dotnet/packs/Microsoft.NETCore.App.Ref/10.0.3/ref/net10.0/System.Data.Common.dll /reference:/usr/share/dotnet/packs/Microsoft.NETCore.App.Ref/10.0.3/ref/net10.0/System.Data.DataSetExtensions.dll /reference:/usr/share/dotnet/packs/Microsoft.NETCore.App.Ref/10.0.3/ref/net10.0/System.Data.dll /reference:/usr/share/dotnet/packs/Microsoft.NETCore.App.Ref/10.0.3/ref/net10.0/System.Diagnostics.Contracts.dll /reference:/usr/share/dotnet/packs/Microsoft.NETCore.App.Ref/10.0.3/ref/net10.0/System.Diagnostics.Debug.dll /reference:/usr/share/dotnet/packs/Microsoft.NETCore.App.Ref/10.0.3/ref/net10.0/System.Diagnostics.DiagnosticSource.dll /reference:/usr/share/dotnet/packs/Microsoft.NETCore.App.Ref/10.0.3/ref/net10.0/System.Diagnostics.FileVersionInfo.dll /reference:/usr/share/dotnet/packs/Microsoft.NETCore.App.Ref/10.0.3/ref/net10.0/System.Diagnostics.Process.dll /reference:/usr/share/dotnet/packs/Microsoft.NETCore.App.Ref/10.0.3/ref/net10.0/System.Diagnostics.StackTrace.dll /reference:/usr/share/dotnet/packs/Microsoft.NETCore.App.Ref/10.0.3/ref/net10.0/System.Diagnostics.TextWriterTraceListener.dll /reference:/usr/share/dotnet/packs/Microsoft.NETCore.App.Ref/10.0.3/ref/net10.0/System.Diagnostics.Tools.dll /reference:/usr/share/dotnet/packs/Microsoft.NETCore.App.Ref/10.0.3/ref/net10.0/System.Diagnostics.TraceSource.dll /reference:/usr/share/dotnet/packs/Microsoft.NETCore.App.Ref/10.0.3/ref/net10.0/System.Diagnostics.Tracing.dll /reference:/usr/share/dotnet/packs/Microsoft.NETCore.App.Ref/10.0.3/ref/net10.0/System.dll /reference:/usr/share/dotnet/packs/Microsoft.NETCore.App.Ref/10.0.3/ref/net10.0/System.Drawing.dll /reference:/usr/share/dotnet/packs/Microsoft.NETCore.App.Ref/10.0.3/ref/net10.0/System.Drawing.Primitives.dll /reference:/usr/share/dotnet/packs/Microsoft.NETCore.App.Ref/10.0.3/ref/net10.0/System.Dynamic.Runtime.dll /reference:/usr/share/dotnet/packs/Microsoft.NETCore.App.Ref/10.0.3/ref/net10.0/System.Formats.Asn1.dll /reference:/usr/share/dotnet/packs/Microsoft.NETCore.App.Ref/10.0.3/ref/net10.0/System.Formats.Tar.dll /reference:/usr/share/dotnet/packs/Microsoft.NETCore.App.Ref/10.0.3/ref/net10.0/System.Globalization.Calendars.dll /reference:/usr/share/dotnet/packs/Microsoft.NETCore.App.Ref/10.0.3/ref/net10.0/System.Globalization.dll /reference:/usr/share/dotnet/packs/Microsoft.NETCore.App.Ref/10.0.3/ref/net10.0/System.Globalization.Extensions.dll /reference:/usr/share/dotnet/packs/Microsoft.NETCore.App.Ref/10.0.3/ref/net10.0/System.IO.Compression.Brotli.dll /reference:/usr/share/dotnet/packs/Microsoft.NETCore.App.Ref/10.0.3/ref/net10.0/System.IO.Compression.dll /reference:/usr/share/dotnet/packs/Microsoft.NETCore.App.Ref/10.0.3/ref/net10.0/System.IO.Compression.FileSystem.dll /reference:/usr/share/dotnet/packs/Microsoft.NETCore.App.Ref/10.0.3/ref/net10.0/System.IO.Compression.ZipFile.dll /reference:/usr/share/dotnet/packs/Microsoft.NETCore.App.Ref/10.0.3/ref/net10.0/System.IO.dll /reference:/usr/share/dotnet/packs/Microsoft.NETCore.App.Ref/10.0.3/ref/net10.0/System.IO.FileSystem.AccessControl.dll /reference:/usr/share/dotnet/packs/Microsoft.NETCore.App.Ref/10.0.3/ref/net10.0/System.IO.FileSystem.dll /reference:/usr/share/dotnet/packs/Microsoft.NETCore.App.Ref/10.0.3/ref/net10.0/System.IO.FileSystem.DriveInfo.dll /reference:/usr/share/dotnet/packs/Microsoft.NETCore.App.Ref/10.0.3/ref/net10.0/System.IO.FileSystem.Primitives.dll /reference:/usr/share/dotnet/packs/Microsoft.NETCore.App.Ref/10.0.3/ref/net10.0/System.IO.FileSystem.Watcher.dll /reference:/usr/share/dotnet/packs/Microsoft.NETCore.App.Ref/10.0.3/ref/net10.0/System.IO.IsolatedStorage.dll /reference:/usr/share/dotnet/packs/Microsoft.NETCore.App.Ref/10.0.3/ref/net10.0/System.IO.MemoryMappedFiles.dll /reference:/usr/share/dotnet/packs/Microsoft.NETCore.App.Ref/10.0.3/ref/net10.0/System.IO.Pipelines.dll /reference:/usr/share/dotnet/packs/Microsoft.NETCore.App.Ref/10.0.3/ref/net10.0/System.IO.Pipes.AccessControl.dll /reference:/usr/share/dotnet/packs/Microsoft.NETCore.App.Ref/10.0.3/ref/net10.0/System.IO.Pipes.dll /reference:/usr/share/dotnet/packs/Microsoft.NETCore.App.Ref/10.0.3/ref/net10.0/System.IO.UnmanagedMemoryStream.dll /reference:/usr/share/dotnet/packs/Microsoft.NETCore.App.Ref/10.0.3/ref/net10.0/System.Linq.AsyncEnumerable.dll /reference:/usr/share/dotnet/packs/Microsoft.NETCore.App.Ref/10.0.3/ref/net10.0/System.Linq.dll /reference:/usr/share/dotnet/packs/Microsoft.NETCore.App.Ref/10.0.3/ref/net10.0/System.Linq.Expressions.dll /reference:/usr/share/dotnet/packs/Microsoft.NETCore.App.Ref/10.0.3/ref/net10.0/System.Linq.Parallel.dll /reference:/usr/share/dotnet/packs/Microsoft.NETCore.App.Ref/10.0.3/ref/net10.0/System.Linq.Queryable.dll /reference:/usr/share/dotnet/packs/Microsoft.NETCore.App.Ref/10.0.3/ref/net10.0/System.Memory.dll /reference:/usr/share/dotnet/packs/Microsoft.NETCore.App.Ref/10.0.3/ref/net10.0/System.Net.dll /reference:/usr/share/dotnet/packs/Microsoft.NETCore.App.Ref/10.0.3/ref/net10.0/System.Net.Http.dll /reference:/usr/share/dotnet/packs/Microsoft.NETCore.App.Ref/10.0.3/ref/net10.0/System.Net.Http.Json.dll /reference:/usr/share/dotnet/packs/Microsoft.NETCore.App.Ref/10.0.3/ref/net10.0/System.Net.HttpListener.dll /reference:/usr/share/dotnet/packs/Microsoft.NETCore.App.Ref/10.0.3/ref/net10.0/System.Net.Mail.dll /reference:/usr/share/dotnet/packs/Microsoft.NETCore.App.Ref/10.0.3/ref/net10.0/System.Net.NameResolution.dll /reference:/usr/share/dotnet/packs/Microsoft.NETCore.App.Ref/10.0.3/ref/net10.0/System.Net.NetworkInformation.dll /reference:/usr/share/dotnet/packs/Microsoft.NETCore.App.Ref/10.0.3/ref/net10.0/System.Net.Ping.dll /reference:/usr/share/dotnet/packs/Microsoft.NETCore.App.Ref/10.0.3/ref/net10.0/System.Net.Primitives.dll /reference:/usr/share/dotnet/packs/Microsoft.NETCore.App.Ref/10.0.3/ref/net10.0/System.Net.Quic.dll /reference:/usr/share/dotnet/packs/Microsoft.NETCore.App.Ref/10.0.3/ref/net10.0/System.Net.Requests.dll /reference:/usr/share/dotnet/packs/Microsoft.NETCore.App.Ref/10.0.3/ref/net10.0/System.Net.Security.dll /reference:/usr/share/dotnet/packs/Microsoft.NETCore.App.Ref/10.0.3/ref/net10.0/System.Net.ServerSentEvents.dll /reference:/usr/share/dotnet/packs/Microsoft.NETCore.App.Ref/10.0.3/ref/net10.0/System.Net.ServicePoint.dll /reference:/usr/share/dotnet/packs/Microsoft.NETCore.App.Ref/10.0.3/ref/net10.0/System.Net.Sockets.dll /reference:/usr/share/dotnet/packs/Microsoft.NETCore.App.Ref/10.0.3/ref/net10.0/System.Net.WebClient.dll /reference:/usr/share/dotnet/packs/Microsoft.NETCore.App.Ref/10.0.3/ref/net10.0/System.Net.WebHeaderCollection.dll /reference:/usr/share/dotnet/packs/Microsoft.NETCore.App.Ref/10.0.3/ref/net10.0/System.Net.WebProxy.dll /reference:/usr/share/dotnet/packs/Microsoft.NETCore.App.Ref/10.0.3/ref/net10.0/System.Net.WebSockets.Client.dll /reference:/usr/share/dotnet/packs/Microsoft.NETCore.App.Ref/10.0.3/ref/net10.0/System.Net.WebSockets.dll /reference:/usr/share/dotnet/packs/Microsoft.NETCore.App.Ref/10.0.3/ref/net10.0/System.Numerics.dll /reference:/usr/share/dotnet/packs/Microsoft.NETCore.App.Ref/10.0.3/ref/net10.0/System.Numerics.Vectors.dll /reference:/usr/share/dotnet/packs/Microsoft.NETCore.App.Ref/10.0.3/ref/net10.0/System.ObjectModel.dll /reference:/usr/share/dotnet/packs/Microsoft.NETCore.App.Ref/10.0.3/ref/net10.0/System.Reflection.DispatchProxy.dll /reference:/usr/share/dotnet/packs/Microsoft.NETCore.App.Ref/10.0.3/ref/net10.0/System.Reflection.dll /reference:/usr/share/dotnet/packs/Microsoft.NETCore.App.Ref/10.0.3/ref/net10.0/System.Reflection.Emit.dll /reference:/usr/share/dotnet/packs/Microsoft.NETCore.App.Ref/10.0.3/ref/net10.0/System.Reflection.Emit.ILGeneration.dll /reference:/usr/share/dotnet/packs/Microsoft.NETCore.App.Ref/10.0.3/ref/net10.0/System.Reflection.Emit.Lightweight.dll /reference:/usr/share/dotnet/packs/Microsoft.NETCore.App.Ref/10.0.3/ref/net10.0/System.Reflection.Extensions.dll /reference:/usr/share/dotnet/packs/Microsoft.NETCore.App.Ref/10.0.3/ref/net10.0/System.Reflection.Metadata.dll /reference:/usr/share/dotnet/packs/Microsoft.NETCore.App.Ref/10.0.3/ref/net10.0/System.Reflection.Primitives.dll /reference:/usr/share/dotnet/packs/Microsoft.NETCore.App.Ref/10.0.3/ref/net10.0/System.Reflection.TypeExtensions.dll /reference:/usr/share/dotnet/packs/Microsoft.NETCore.App.Ref/10.0.3/ref/net10.0/System.Resources.Reader.dll /reference:/usr/share/dotnet/packs/Microsoft.NETCore.App.Ref/10.0.3/ref/net10.0/System.Resources.ResourceManager.dll /reference:/usr/share/dotnet/packs/Microsoft.NETCore.App.Ref/10.0.3/ref/net10.0/System.Resources.Writer.dll /reference:/usr/share/dotnet/packs/Microsoft.NETCore.App.Ref/10.0.3/ref/net10.0/System.Runtime.CompilerServices.Unsafe.dll /reference:/usr/share/dotnet/packs/Microsoft.NETCore.App.Ref/10.0.3/ref/net10.0/System.Runtime.CompilerServices.VisualC.dll /reference:/usr/share/dotnet/packs/Microsoft.NETCore.App.Ref/10.0.3/ref/net10.0/System.Runtime.dll /reference:/usr/share/dotnet/packs/Microsoft.NETCore.App.Ref/10.0.3/ref/net10.0/System.Runtime.Extensions.dll /reference:/usr/share/dotnet/packs/Microsoft.NETCore.App.Ref/10.0.3/ref/net10.0/System.Runtime.Handles.dll /reference:/usr/share/dotnet/packs/Microsoft.NETCore.App.Ref/10.0.3/ref/net10.0/System.Runtime.InteropServices.dll /reference:/usr/share/dotnet/packs/Microsoft.NETCore.App.Ref/10.0.3/ref/net10.0/System.Runtime.InteropServices.JavaScript.dll /reference:/usr/share/dotnet/packs/Microsoft.NETCore.App.Ref/10.0.3/ref/net10.0/System.Runtime.InteropServices.RuntimeInformation.dll /reference:/usr/share/dotnet/packs/Microsoft.NETCore.App.Ref/10.0.3/ref/net10.0/System.Runtime.Intrinsics.dll /reference:/usr/share/dotnet/packs/Microsoft.NETCore.App.Ref/10.0.3/ref/net10.0/System.Runtime.Loader.dll /reference:/usr/share/dotnet/packs/Microsoft.NETCore.App.Ref/10.0.3/ref/net10.0/System.Runtime.Numerics.dll /reference:/usr/share/dotnet/packs/Microsoft.NETCore.App.Ref/10.0.3/ref/net10.0/System.Runtime.Serialization.dll /reference:/usr/share/dotnet/packs/Microsoft.NETCore.App.Ref/10.0.3/ref/net10.0/System.Runtime.Serialization.Formatters.dll /reference:/usr/share/dotnet/packs/Microsoft.NETCore.App.Ref/10.0.3/ref/net10.0/System.Runtime.Serialization.Json.dll /reference:/usr/share/dotnet/packs/Microsoft.NETCore.App.Ref/10.0.3/ref/net10.0/System.Runtime.Serialization.Primitives.dll /reference:/usr/share/dotnet/packs/Microsoft.NETCore.App.Ref/10.0.3/ref/net10.0/System.Runtime.Serialization.Xml.dll /reference:/usr/share/dotnet/packs/Microsoft.NETCore.App.Ref/10.0.3/ref/net10.0/System.Security.AccessControl.dll /reference:/usr/share/dotnet/packs/Microsoft.NETCore.App.Ref/10.0.3/ref/net10.0/System.Security.Claims.dll /reference:/usr/share/dotnet/packs/Microsoft.NETCore.App.Ref/10.0.3/ref/net10.0/System.Security.Cryptography.Algorithms.dll /reference:/usr/share/dotnet/packs/Microsoft.NETCore.App.Ref/10.0.3/ref/net10.0/System.Security.Cryptography.Cng.dll /reference:/usr/share/dotnet/packs/Microsoft.NETCore.App.Ref/10.0.3/ref/net10.0/System.Security.Cryptography.Csp.dll /reference:/usr/share/dotnet/packs/Microsoft.NETCore.App.Ref/10.0.3/ref/net10.0/System.Security.Cryptography.dll /reference:/usr/share/dotnet/packs/Microsoft.NETCore.App.Ref/10.0.3/ref/net10.0/System.Security.Cryptography.Encoding.dll /reference:/usr/share/dotnet/packs/Microsoft.NETCore.App.Ref/10.0.3/ref/net10.0/System.Security.Cryptography.OpenSsl.dll /reference:/usr/share/dotnet/packs/Microsoft.NETCore.App.Ref/10.0.3/ref/net10.0/System.Security.Cryptography.Primitives.dll /reference:/usr/share/dotnet/packs/Microsoft.NETCore.App.Ref/10.0.3/ref/net10.0/System.Security.Cryptography.X509Certificates.dll /reference:/usr/share/dotnet/packs/Microsoft.NETCore.App.Ref/10.0.3/ref/net10.0/System.Security.dll /reference:/usr/share/dotnet/packs/Microsoft.NETCore.App.Ref/10.0.3/ref/net10.0/System.Security.Principal.dll /reference:/usr/share/dotnet/packs/Microsoft.NETCore.App.Ref/10.0.3/ref/net10.0/System.Security.Principal.Windows.dll /reference:/usr/share/dotnet/packs/Microsoft.NETCore.App.Ref/10.0.3/ref/net10.0/System.Security.SecureString.dll /reference:/usr/share/dotnet/packs/Microsoft.NETCore.App.Ref/10.0.3/ref/net10.0/System.ServiceModel.Web.dll /reference:/usr/share/dotnet/packs/Microsoft.NETCore.App.Ref/10.0.3/ref/net10.0/System.ServiceProcess.dll /reference:/usr/share/dotnet/packs/Microsoft.NETCore.App.Ref/10.0.3/ref/net10.0/System.Text.Encoding.CodePages.dll /reference:/usr/share/dotnet/packs/Microsoft.NETCore.App.Ref/10.0.3/ref/net10.0/System.Text.Encoding.dll /reference:/usr/share/dotnet/packs/Microsoft.NETCore.App.Ref/10.0.3/ref/net10.0/System.Text.Encoding.Extensions.dll /reference:/usr/share/dotnet/packs/Microsoft.NETCore.App.Ref/10.0.3/ref/net10.0/System.Text.Encodings.Web.dll /reference:/usr/share/dotnet/packs/Microsoft.NETCore.App.Ref/10.0.3/ref/net10.0/System.Text.Json.dll /reference:/usr/share/dotnet/packs/Microsoft.NETCore.App.Ref/10.0.3/ref/net10.0/System.Text.RegularExpressions.dll /reference:/usr/share/dotnet/packs/Microsoft.NETCore.App.Ref/10.0.3/ref/net10.0/System.Threading.AccessControl.dll /reference:/usr/share/dotnet/packs/Microsoft.NETCore.App.Ref/10.0.3/ref/net10.0/System.Threading.Channels.dll /reference:/usr/share/dotnet/packs/Microsoft.NETCore.App.Ref/10.0.3/ref/net10.0/System.Threading.dll /reference:/usr/share/dotnet/packs/Microsoft.NETCore.App.Ref/10.0.3/ref/net10.0/System.Threading.Overlapped.dll /reference:/usr/share/dotnet/packs/Microsoft.NETCore.App.Ref/10.0.3/ref/net10.0/System.Threading.Tasks.Dataflow.dll /reference:/usr/share/dotnet/packs/Microsoft.NETCore.App.Ref/10.0.3/ref/net10.0/System.Threading.Tasks.dll /reference:/usr/share/dotnet/packs/Microsoft.NETCore.App.Ref/10.0.3/ref/net10.0/System.Threading.Tasks.Extensions.dll /reference:/usr/share/dotnet/packs/Microsoft.NETCore.App.Ref/10.0.3/ref/net10.0/System.Threading.Tasks.Parallel.dll /reference:/usr/share/dotnet/packs/Microsoft.NETCore.App.Ref/10.0.3/ref/net10.0/System.Threading.Thread.dll /reference:/usr/share/dotnet/packs/Microsoft.NETCore.App.Ref/10.0.3/ref/net10.0/System.Threading.ThreadPool.dll /reference:/usr/share/dotnet/packs/Microsoft.NETCore.App.Ref/10.0.3/ref/net10.0/System.Threading.Timer.dll /reference:/usr/share/dotnet/packs/Microsoft.NETCore.App.Ref/10.0.3/ref/net10.0/System.Transactions.dll /reference:/usr/share/dotnet/packs/Microsoft.NETCore.App.Ref/10.0.3/ref/net10.0/System.Transactions.Local.dll /reference:/usr/share/dotnet/packs/Microsoft.NETCore.App.Ref/10.0.3/ref/net10.0/System.ValueTuple.dll /reference:/usr/share/dotnet/packs/Microsoft.NETCore.App.Ref/10.0.3/ref/net10.0/System.Web.dll /reference:/usr/share/dotnet/packs/Microsoft.NETCore.App.Ref/10.0.3/ref/net10.0/System.Web.HttpUtility.dll /reference:/usr/share/dotnet/packs/Microsoft.NETCore.App.Ref/10.0.3/ref/net10.0/System.Windows.dll /reference:/usr/share/dotnet/packs/Microsoft.NETCore.App.Ref/10.0.3/ref/net10.0/System.Xml.dll /reference:/usr/share/dotnet/packs/Microsoft.NETCore.App.Ref/10.0.3/ref/net10.0/System.Xml.Linq.dll /reference:/usr/share/dotnet/packs/Microsoft.NETCore.App.Ref/10.0.3/ref/net10.0/System.Xml.ReaderWriter.dll /reference:/usr/share/dotnet/packs/Microsoft.NETCore.App.Ref/10.0.3/ref/net10.0/System.Xml.Serialization.dll /reference:/usr/share/dotnet/packs/Microsoft.NETCore.App.Ref/10.0.3/ref/net10.0/System.Xml.XDocument.dll /reference:/usr/share/dotnet/packs/Microsoft.NETCore.App.Ref/10.0.3/ref/net10.0/System.Xml.XmlDocument.dll /reference:/usr/share/dotnet/packs/Microsoft.NETCore.App.Ref/10.0.3/ref/net10.0/System.Xml.XmlSerializer.dll /reference:/usr/share/dotnet/packs/Microsoft.NETCore.App.Ref/10.0.3/ref/net10.0/System.Xml.XPath.dll /reference:/usr/share/dotnet/packs/Microsoft.NETCore.App.Ref/10.0.3/ref/net10.0/System.Xml.XPath.XDocument.dll /reference:/usr/share/dotnet/packs/Microsoft.NETCore.App.Ref/10.0.3/ref/net10.0/WindowsBase.dll /features:"InterceptorsNamespaces=;Microsoft.Extensions.Validation.Generated" /debug+ /debug:portable /filealign:512 /optimize- /out:/tmp/ghost-build/obj/Ghost.Contracts/Debug/net10.0/Ghost.Contracts.dll /refout:/tmp/ghost-build/obj/Ghost.Contracts/Debug/net10.0/refint/Ghost.Contracts.dll /target:library /warnaserror+ /utf8output /deterministic+ /sourcelink:/tmp/ghost-build/obj/Ghost.Contracts/Debug/net10.0/Ghost.Contracts.sourcelink.json /langversion:preview /embed:/tmp/ghost-build/obj/Ghost.Contracts/Debug/net10.0/Ghost.Contracts.GlobalUsings.g.cs /embed:/tmp/ghost-build/obj/Ghost.Contracts/Debug/net10.0/Ghost.Contracts.AssemblyInfo.cs /analyzerconfig:/home/rrj/src/github/rudironsoni/Ghost/.editorconfig /analyzerconfig:/tmp/ghost-build/obj/Ghost.Contracts/Debug/net10.0/Ghost.Contracts.GeneratedMSBuildEditorConfig.editorconfig /analyzerconfig:/usr/share/dotnet/sdk/10.0.103/Sdks/Microsoft.NET.Sdk/analyzers/build/config/analysislevel_10_recommended.globalconfig /analyzer:/usr/share/dotnet/sdk/10.0.103/Sdks/Microsoft.NET.Sdk/targets/../analyzers/Microsoft.CodeAnalysis.CSharp.NetAnalyzers.dll /analyzer:/usr/share/dotnet/sdk/10.0.103/Sdks/Microsoft.NET.Sdk/targets/../analyzers/Microsoft.CodeAnalysis.NetAnalyzers.dll /analyzer:/usr/share/dotnet/sdk/10.0.103/Sdks/Microsoft.NET.Sdk/targets/../codestyle/cs/Microsoft.CodeAnalysis.CodeStyle.dll /analyzer:/usr/share/dotnet/sdk/10.0.103/Sdks/Microsoft.NET.Sdk/targets/../codestyle/cs/Microsoft.CodeAnalysis.CodeStyle.Fixes.dll /analyzer:/usr/share/dotnet/sdk/10.0.103/Sdks/Microsoft.NET.Sdk/targets/../codestyle/cs/Microsoft.CodeAnalysis.CSharp.CodeStyle.dll /analyzer:/usr/share/dotnet/sdk/10.0.103/Sdks/Microsoft.NET.Sdk/targets/../codestyle/cs/Microsoft.CodeAnalysis.CSharp.CodeStyle.Fixes.dll /analyzer:/usr/share/dotnet/packs/Microsoft.NETCore.App.Ref/10.0.3/analyzers/dotnet/cs/Microsoft.Interop.ComInterfaceGenerator.dll /analyzer:/usr/share/dotnet/packs/Microsoft.NETCore.App.Ref/10.0.3/analyzers/dotnet/cs/Microsoft.Interop.JavaScript.JSImportGenerator.dll /analyzer:/usr/share/dotnet/packs/Microsoft.NETCore.App.Ref/10.0.3/analyzers/dotnet/cs/Microsoft.Interop.LibraryImportGenerator.dll /analyzer:/usr/share/dotnet/packs/Microsoft.NETCore.App.Ref/10.0.3/analyzers/dotnet/cs/Microsoft.Interop.SourceGeneration.dll /analyzer:/usr/share/dotnet/packs/Microsoft.NETCore.App.Ref/10.0.3/analyzers/dotnet/cs/System.Text.Json.SourceGeneration.dll /analyzer:/usr/share/dotnet/packs/Microsoft.NETCore.App.Ref/10.0.3/analyzers/dotnet/cs/System.Text.RegularExpressions.Generator.dll IExtension.cs /tmp/ghost-build/obj/Ghost.Contracts/Debug/net10.0/Ghost.Contracts.GlobalUsings.g.cs /tmp/ghost-build/obj/Ghost.Contracts/Debug/net10.0/Ghost.Contracts.AssemblyInfo.cs /warnaserror+:NU1605,SYSLIB0011
         Compilation request Ghost.Contracts (net10.0), PathToTool=/usr/share/dotnet/sdk/10.0.103/Roslyn/bincore/csc
         CompilerServer: tool - using command line tool by design '/usr/share/dotnet/sdk/10.0.103/Roslyn/bincore/csc' - Ghost.Contracts (net10.0)
     1>Project "/home/rrj/src/github/rudironsoni/Ghost/Ghost.sln" (1) is building "/home/rrj/src/github/rudironsoni/Ghost/src/Contracts/Ghost.Contracts.Inference/Ghost.Contracts.Inference.csproj" (5) on node 4 (default targets).
     5>_GenerateSourceLinkFile:
         Updating Source Link file '/tmp/ghost-build/obj/Ghost.Contracts.Inference/Debug/net10.0/Ghost.Contracts.Inference.sourcelink.json'.
       CoreCompile:
         Setting DOTNET_ROOT to '/usr/share/dotnet'
         /usr/share/dotnet/sdk/10.0.103/Roslyn/bincore/csc /noconfig /unsafe- /checked- /nowarn:1701,1702,1701,1702 /fullpaths /nostdlib+ /errorreport:prompt /warn:10 /define:TRACE;DEBUG;NET;NET10_0;NETCOREAPP;NET5_0_OR_GREATER;NET6_0_OR_GREATER;NET7_0_OR_GREATER;NET8_0_OR_GREATER;NET9_0_OR_GREATER;NET10_0_OR_GREATER;NETCOREAPP1_0_OR_GREATER;NETCOREAPP1_1_OR_GREATER;NETCOREAPP2_0_OR_GREATER;NETCOREAPP2_1_OR_GREATER;NETCOREAPP2_2_OR_GREATER;NETCOREAPP3_0_OR_GREATER;NETCOREAPP3_1_OR_GREATER /highentropyva+ /nullable:enable /reference:/usr/share/dotnet/packs/Microsoft.NETCore.App.Ref/10.0.3/ref/net10.0/Microsoft.CSharp.dll /reference:/usr/share/dotnet/packs/Microsoft.NETCore.App.Ref/10.0.3/ref/net10.0/Microsoft.VisualBasic.Core.dll /reference:/usr/share/dotnet/packs/Microsoft.NETCore.App.Ref/10.0.3/ref/net10.0/Microsoft.VisualBasic.dll /reference:/usr/share/dotnet/packs/Microsoft.NETCore.App.Ref/10.0.3/ref/net10.0/Microsoft.Win32.Primitives.dll /reference:/usr/share/dotnet/packs/Microsoft.NETCore.App.Ref/10.0.3/ref/net10.0/Microsoft.Win32.Registry.dll /reference:/usr/share/dotnet/packs/Microsoft.NETCore.App.Ref/10.0.3/ref/net10.0/mscorlib.dll /reference:/usr/share/dotnet/packs/Microsoft.NETCore.App.Ref/10.0.3/ref/net10.0/netstandard.dll /reference:/usr/share/dotnet/packs/Microsoft.NETCore.App.Ref/10.0.3/ref/net10.0/System.AppContext.dll /reference:/usr/share/dotnet/packs/Microsoft.NETCore.App.Ref/10.0.3/ref/net10.0/System.Buffers.dll /reference:/usr/share/dotnet/packs/Microsoft.NETCore.App.Ref/10.0.3/ref/net10.0/System.Collections.Concurrent.dll /reference:/usr/share/dotnet/packs/Microsoft.NETCore.App.Ref/10.0.3/ref/net10.0/System.Collections.dll /reference:/usr/share/dotnet/packs/Microsoft.NETCore.App.Ref/10.0.3/ref/net10.0/System.Collections.Immutable.dll /reference:/usr/share/dotnet/packs/Microsoft.NETCore.App.Ref/10.0.3/ref/net10.0/System.Collections.NonGeneric.dll /reference:/usr/share/dotnet/packs/Microsoft.NETCore.App.Ref/10.0.3/ref/net10.0/System.Collections.Specialized.dll /reference:/usr/share/dotnet/packs/Microsoft.NETCore.App.Ref/10.0.3/ref/net10.0/System.ComponentModel.Annotations.dll /reference:/usr/share/dotnet/packs/Microsoft.NETCore.App.Ref/10.0.3/ref/net10.0/System.ComponentModel.DataAnnotations.dll /reference:/usr/share/dotnet/packs/Microsoft.NETCore.App.Ref/10.0.3/ref/net10.0/System.ComponentModel.dll /reference:/usr/share/dotnet/packs/Microsoft.NETCore.App.Ref/10.0.3/ref/net10.0/System.ComponentModel.EventBasedAsync.dll /reference:/usr/share/dotnet/packs/Microsoft.NETCore.App.Ref/10.0.3/ref/net10.0/System.ComponentModel.Primitives.dll /reference:/usr/share/dotnet/packs/Microsoft.NETCore.App.Ref/10.0.3/ref/net10.0/System.ComponentModel.TypeConverter.dll /reference:/usr/share/dotnet/packs/Microsoft.NETCore.App.Ref/10.0.3/ref/net10.0/System.Configuration.dll /reference:/usr/share/dotnet/packs/Microsoft.NETCore.App.Ref/10.0.3/ref/net10.0/System.Console.dll /reference:/usr/share/dotnet/packs/Microsoft.NETCore.App.Ref/10.0.3/ref/net10.0/System.Core.dll /reference:/usr/share/dotnet/packs/Microsoft.NETCore.App.Ref/10.0.3/ref/net10.0/System.Data.Common.dll /reference:/usr/share/dotnet/packs/Microsoft.NETCore.App.Ref/10.0.3/ref/net10.0/System.Data.DataSetExtensions.dll /reference:/usr/share/dotnet/packs/Microsoft.NETCore.App.Ref/10.0.3/ref/net10.0/System.Data.dll /reference:/usr/share/dotnet/packs/Microsoft.NETCore.App.Ref/10.0.3/ref/net10.0/System.Diagnostics.Contracts.dll /reference:/usr/share/dotnet/packs/Microsoft.NETCore.App.Ref/10.0.3/ref/net10.0/System.Diagnostics.Debug.dll /reference:/usr/share/dotnet/packs/Microsoft.NETCore.App.Ref/10.0.3/ref/net10.0/System.Diagnostics.DiagnosticSource.dll /reference:/usr/share/dotnet/packs/Microsoft.NETCore.App.Ref/10.0.3/ref/net10.0/System.Diagnostics.FileVersionInfo.dll /reference:/usr/share/dotnet/packs/Microsoft.NETCore.App.Ref/10.0.3/ref/net10.0/System.Diagnostics.Process.dll /reference:/usr/share/dotnet/packs/Microsoft.NETCore.App.Ref/10.0.3/ref/net10.0/System.Diagnostics.StackTrace.dll /reference:/usr/share/dotnet/packs/Microsoft.NETCore.App.Ref/10.0.3/ref/net10.0/System.Diagnostics.TextWriterTraceListener.dll /reference:/usr/share/dotnet/packs/Microsoft.NETCore.App.Ref/10.0.3/ref/net10.0/System.Diagnostics.Tools.dll /reference:/usr/share/dotnet/packs/Microsoft.NETCore.App.Ref/10.0.3/ref/net10.0/System.Diagnostics.TraceSource.dll /reference:/usr/share/dotnet/packs/Microsoft.NETCore.App.Ref/10.0.3/ref/net10.0/System.Diagnostics.Tracing.dll /reference:/usr/share/dotnet/packs/Microsoft.NETCore.App.Ref/10.0.3/ref/net10.0/System.dll /reference:/usr/share/dotnet/packs/Microsoft.NETCore.App.Ref/10.0.3/ref/net10.0/System.Drawing.dll /reference:/usr/share/dotnet/packs/Microsoft.NETCore.App.Ref/10.0.3/ref/net10.0/System.Drawing.Primitives.dll /reference:/usr/share/dotnet/packs/Microsoft.NETCore.App.Ref/10.0.3/ref/net10.0/System.Dynamic.Runtime.dll /reference:/usr/share/dotnet/packs/Microsoft.NETCore.App.Ref/10.0.3/ref/net10.0/System.Formats.Asn1.dll /reference:/usr/share/dotnet/packs/Microsoft.NETCore.App.Ref/10.0.3/ref/net10.0/System.Formats.Tar.dll /reference:/usr/share/dotnet/packs/Microsoft.NETCore.App.Ref/10.0.3/ref/net10.0/System.Globalization.Calendars.dll /reference:/usr/share/dotnet/packs/Microsoft.NETCore.App.Ref/10.0.3/ref/net10.0/System.Globalization.dll /reference:/usr/share/dotnet/packs/Microsoft.NETCore.App.Ref/10.0.3/ref/net10.0/System.Globalization.Extensions.dll /reference:/usr/share/dotnet/packs/Microsoft.NETCore.App.Ref/10.0.3/ref/net10.0/System.IO.Compression.Brotli.dll /reference:/usr/share/dotnet/packs/Microsoft.NETCore.App.Ref/10.0.3/ref/net10.0/System.IO.Compression.dll /reference:/usr/share/dotnet/packs/Microsoft.NETCore.App.Ref/10.0.3/ref/net10.0/System.IO.Compression.FileSystem.dll /reference:/usr/share/dotnet/packs/Microsoft.NETCore.App.Ref/10.0.3/ref/net10.0/System.IO.Compression.ZipFile.dll /reference:/usr/share/dotnet/packs/Microsoft.NETCore.App.Ref/10.0.3/ref/net10.0/System.IO.dll /reference:/usr/share/dotnet/packs/Microsoft.NETCore.App.Ref/10.0.3/ref/net10.0/System.IO.FileSystem.AccessControl.dll /reference:/usr/share/dotnet/packs/Microsoft.NETCore.App.Ref/10.0.3/ref/net10.0/System.IO.FileSystem.dll /reference:/usr/share/dotnet/packs/Microsoft.NETCore.App.Ref/10.0.3/ref/net10.0/System.IO.FileSystem.DriveInfo.dll /reference:/usr/share/dotnet/packs/Microsoft.NETCore.App.Ref/10.0.3/ref/net10.0/System.IO.FileSystem.Primitives.dll /reference:/usr/share/dotnet/packs/Microsoft.NETCore.App.Ref/10.0.3/ref/net10.0/System.IO.FileSystem.Watcher.dll /reference:/usr/share/dotnet/packs/Microsoft.NETCore.App.Ref/10.0.3/ref/net10.0/System.IO.IsolatedStorage.dll /reference:/usr/share/dotnet/packs/Microsoft.NETCore.App.Ref/10.0.3/ref/net10.0/System.IO.MemoryMappedFiles.dll /reference:/usr/share/dotnet/packs/Microsoft.NETCore.App.Ref/10.0.3/ref/net10.0/System.IO.Pipelines.dll /reference:/usr/share/dotnet/packs/Microsoft.NETCore.App.Ref/10.0.3/ref/net10.0/System.IO.Pipes.AccessControl.dll /reference:/usr/share/dotnet/packs/Microsoft.NETCore.App.Ref/10.0.3/ref/net10.0/System.IO.Pipes.dll /reference:/usr/share/dotnet/packs/Microsoft.NETCore.App.Ref/10.0.3/ref/net10.0/System.IO.UnmanagedMemoryStream.dll /reference:/usr/share/dotnet/packs/Microsoft.NETCore.App.Ref/10.0.3/ref/net10.0/System.Linq.AsyncEnumerable.dll /reference:/usr/share/dotnet/packs/Microsoft.NETCore.App.Ref/10.0.3/ref/net10.0/System.Linq.dll /reference:/usr/share/dotnet/packs/Microsoft.NETCore.App.Ref/10.0.3/ref/net10.0/System.Linq.Expressions.dll /reference:/usr/share/dotnet/packs/Microsoft.NETCore.App.Ref/10.0.3/ref/net10.0/System.Linq.Parallel.dll /reference:/usr/share/dotnet/packs/Microsoft.NETCore.App.Ref/10.0.3/ref/net10.0/System.Linq.Queryable.dll /reference:/usr/share/dotnet/packs/Microsoft.NETCore.App.Ref/10.0.3/ref/net10.0/System.Memory.dll /reference:/usr/share/dotnet/packs/Microsoft.NETCore.App.Ref/10.0.3/ref/net10.0/System.Net.dll /reference:/usr/share/dotnet/packs/Microsoft.NETCore.App.Ref/10.0.3/ref/net10.0/System.Net.Http.dll /reference:/usr/share/dotnet/packs/Microsoft.NETCore.App.Ref/10.0.3/ref/net10.0/System.Net.Http.Json.dll /reference:/usr/share/dotnet/packs/Microsoft.NETCore.App.Ref/10.0.3/ref/net10.0/System.Net.HttpListener.dll /reference:/usr/share/dotnet/packs/Microsoft.NETCore.App.Ref/10.0.3/ref/net10.0/System.Net.Mail.dll /reference:/usr/share/dotnet/packs/Microsoft.NETCore.App.Ref/10.0.3/ref/net10.0/System.Net.NameResolution.dll /reference:/usr/share/dotnet/packs/Microsoft.NETCore.App.Ref/10.0.3/ref/net10.0/System.Net.NetworkInformation.dll /reference:/usr/share/dotnet/packs/Microsoft.NETCore.App.Ref/10.0.3/ref/net10.0/System.Net.Ping.dll /reference:/usr/share/dotnet/packs/Microsoft.NETCore.App.Ref/10.0.3/ref/net10.0/System.Net.Primitives.dll /reference:/usr/share/dotnet/packs/Microsoft.NETCore.App.Ref/10.0.3/ref/net10.0/System.Net.Quic.dll /reference:/usr/share/dotnet/packs/Microsoft.NETCore.App.Ref/10.0.3/ref/net10.0/System.Net.Requests.dll /reference:/usr/share/dotnet/packs/Microsoft.NETCore.App.Ref/10.0.3/ref/net10.0/System.Net.Security.dll /reference:/usr/share/dotnet/packs/Microsoft.NETCore.App.Ref/10.0.3/ref/net10.0/System.Net.ServerSentEvents.dll /reference:/usr/share/dotnet/packs/Microsoft.NETCore.App.Ref/10.0.3/ref/net10.0/System.Net.ServicePoint.dll /reference:/usr/share/dotnet/packs/Microsoft.NETCore.App.Ref/10.0.3/ref/net10.0/System.Net.Sockets.dll /reference:/usr/share/dotnet/packs/Microsoft.NETCore.App.Ref/10.0.3/ref/net10.0/System.Net.WebClient.dll /reference:/usr/share/dotnet/packs/Microsoft.NETCore.App.Ref/10.0.3/ref/net10.0/System.Net.WebHeaderCollection.dll /reference:/usr/share/dotnet/packs/Microsoft.NETCore.App.Ref/10.0.3/ref/net10.0/System.Net.WebProxy.dll /reference:/usr/share/dotnet/packs/Microsoft.NETCore.App.Ref/10.0.3/ref/net10.0/System.Net.WebSockets.Client.dll /reference:/usr/share/dotnet/packs/Microsoft.NETCore.App.Ref/10.0.3/ref/net10.0/System.Net.WebSockets.dll /reference:/usr/share/dotnet/packs/Microsoft.NETCore.App.Ref/10.0.3/ref/net10.0/System.Numerics.dll /reference:/usr/share/dotnet/packs/Microsoft.NETCore.App.Ref/10.0.3/ref/net10.0/System.Numerics.Vectors.dll /reference:/usr/share/dotnet/packs/Microsoft.NETCore.App.Ref/10.0.3/ref/net10.0/System.ObjectModel.dll /reference:/usr/share/dotnet/packs/Microsoft.NETCore.App.Ref/10.0.3/ref/net10.0/System.Reflection.DispatchProxy.dll /reference:/usr/share/dotnet/packs/Microsoft.NETCore.App.Ref/10.0.3/ref/net10.0/System.Reflection.dll /reference:/usr/share/dotnet/packs/Microsoft.NETCore.App.Ref/10.0.3/ref/net10.0/System.Reflection.Emit.dll /reference:/usr/share/dotnet/packs/Microsoft.NETCore.App.Ref/10.0.3/ref/net10.0/System.Reflection.Emit.ILGeneration.dll /reference:/usr/share/dotnet/packs/Microsoft.NETCore.App.Ref/10.0.3/ref/net10.0/System.Reflection.Emit.Lightweight.dll /reference:/usr/share/dotnet/packs/Microsoft.NETCore.App.Ref/10.0.3/ref/net10.0/System.Reflection.Extensions.dll /reference:/usr/share/dotnet/packs/Microsoft.NETCore.App.Ref/10.0.3/ref/net10.0/System.Reflection.Metadata.dll /reference:/usr/share/dotnet/packs/Microsoft.NETCore.App.Ref/10.0.3/ref/net10.0/System.Reflection.Primitives.dll /reference:/usr/share/dotnet/packs/Microsoft.NETCore.App.Ref/10.0.3/ref/net10.0/System.Reflection.TypeExtensions.dll /reference:/usr/share/dotnet/packs/Microsoft.NETCore.App.Ref/10.0.3/ref/net10.0/System.Resources.Reader.dll /reference:/usr/share/dotnet/packs/Microsoft.NETCore.App.Ref/10.0.3/ref/net10.0/System.Resources.ResourceManager.dll /reference:/usr/share/dotnet/packs/Microsoft.NETCore.App.Ref/10.0.3/ref/net10.0/System.Resources.Writer.dll /reference:/usr/share/dotnet/packs/Microsoft.NETCore.App.Ref/10.0.3/ref/net10.0/System.Runtime.CompilerServices.Unsafe.dll /reference:/usr/share/dotnet/packs/Microsoft.NETCore.App.Ref/10.0.3/ref/net10.0/System.Runtime.CompilerServices.VisualC.dll /reference:/usr/share/dotnet/packs/Microsoft.NETCore.App.Ref/10.0.3/ref/net10.0/System.Runtime.dll /reference:/usr/share/dotnet/packs/Microsoft.NETCore.App.Ref/10.0.3/ref/net10.0/System.Runtime.Extensions.dll /reference:/usr/share/dotnet/packs/Microsoft.NETCore.App.Ref/10.0.3/ref/net10.0/System.Runtime.Handles.dll /reference:/usr/share/dotnet/packs/Microsoft.NETCore.App.Ref/10.0.3/ref/net10.0/System.Runtime.InteropServices.dll /reference:/usr/share/dotnet/packs/Microsoft.NETCore.App.Ref/10.0.3/ref/net10.0/System.Runtime.InteropServices.JavaScript.dll /reference:/usr/share/dotnet/packs/Microsoft.NETCore.App.Ref/10.0.3/ref/net10.0/System.Runtime.InteropServices.RuntimeInformation.dll /reference:/usr/share/dotnet/packs/Microsoft.NETCore.App.Ref/10.0.3/ref/net10.0/System.Runtime.Intrinsics.dll /reference:/usr/share/dotnet/packs/Microsoft.NETCore.App.Ref/10.0.3/ref/net10.0/System.Runtime.Loader.dll /reference:/usr/share/dotnet/packs/Microsoft.NETCore.App.Ref/10.0.3/ref/net10.0/System.Runtime.Numerics.dll /reference:/usr/share/dotnet/packs/Microsoft.NETCore.App.Ref/10.0.3/ref/net10.0/System.Runtime.Serialization.dll /reference:/usr/share/dotnet/packs/Microsoft.NETCore.App.Ref/10.0.3/ref/net10.0/System.Runtime.Serialization.Formatters.dll /reference:/usr/share/dotnet/packs/Microsoft.NETCore.App.Ref/10.0.3/ref/net10.0/System.Runtime.Serialization.Json.dll /reference:/usr/share/dotnet/packs/Microsoft.NETCore.App.Ref/10.0.3/ref/net10.0/System.Runtime.Serialization.Primitives.dll /reference:/usr/share/dotnet/packs/Microsoft.NETCore.App.Ref/10.0.3/ref/net10.0/System.Runtime.Serialization.Xml.dll /reference:/usr/share/dotnet/packs/Microsoft.NETCore.App.Ref/10.0.3/ref/net10.0/System.Security.AccessControl.dll /reference:/usr/share/dotnet/packs/Microsoft.NETCore.App.Ref/10.0.3/ref/net10.0/System.Security.Claims.dll /reference:/usr/share/dotnet/packs/Microsoft.NETCore.App.Ref/10.0.3/ref/net10.0/System.Security.Cryptography.Algorithms.dll /reference:/usr/share/dotnet/packs/Microsoft.NETCore.App.Ref/10.0.3/ref/net10.0/System.Security.Cryptography.Cng.dll /reference:/usr/share/dotnet/packs/Microsoft.NETCore.App.Ref/10.0.3/ref/net10.0/System.Security.Cryptography.Csp.dll /reference:/usr/share/dotnet/packs/Microsoft.NETCore.App.Ref/10.0.3/ref/net10.0/System.Security.Cryptography.dll /reference:/usr/share/dotnet/packs/Microsoft.NETCore.App.Ref/10.0.3/ref/net10.0/System.Security.Cryptography.Encoding.dll /reference:/usr/share/dotnet/packs/Microsoft.NETCore.App.Ref/10.0.3/ref/net10.0/System.Security.Cryptography.OpenSsl.dll /reference:/usr/share/dotnet/packs/Microsoft.NETCore.App.Ref/10.0.3/ref/net10.0/System.Security.Cryptography.Primitives.dll /reference:/usr/share/dotnet/packs/Microsoft.NETCore.App.Ref/10.0.3/ref/net10.0/System.Security.Cryptography.X509Certificates.dll /reference:/usr/share/dotnet/packs/Microsoft.NETCore.App.Ref/10.0.3/ref/net10.0/System.Security.dll /reference:/usr/share/dotnet/packs/Microsoft.NETCore.App.Ref/10.0.3/ref/net10.0/System.Security.Principal.dll /reference:/usr/share/dotnet/packs/Microsoft.NETCore.App.Ref/10.0.3/ref/net10.0/System.Security.Principal.Windows.dll /reference:/usr/share/dotnet/packs/Microsoft.NETCore.App.Ref/10.0.3/ref/net10.0/System.Security.SecureString.dll /reference:/usr/share/dotnet/packs/Microsoft.NETCore.App.Ref/10.0.3/ref/net10.0/System.ServiceModel.Web.dll /reference:/usr/share/dotnet/packs/Microsoft.NETCore.App.Ref/10.0.3/ref/net10.0/System.ServiceProcess.dll /reference:/usr/share/dotnet/packs/Microsoft.NETCore.App.Ref/10.0.3/ref/net10.0/System.Text.Encoding.CodePages.dll /reference:/usr/share/dotnet/packs/Microsoft.NETCore.App.Ref/10.0.3/ref/net10.0/System.Text.Encoding.dll /reference:/usr/share/dotnet/packs/Microsoft.NETCore.App.Ref/10.0.3/ref/net10.0/System.Text.Encoding.Extensions.dll /reference:/usr/share/dotnet/packs/Microsoft.NETCore.App.Ref/10.0.3/ref/net10.0/System.Text.Encodings.Web.dll /reference:/usr/share/dotnet/packs/Microsoft.NETCore.App.Ref/10.0.3/ref/net10.0/System.Text.Json.dll /reference:/usr/share/dotnet/packs/Microsoft.NETCore.App.Ref/10.0.3/ref/net10.0/System.Text.RegularExpressions.dll /reference:/usr/share/dotnet/packs/Microsoft.NETCore.App.Ref/10.0.3/ref/net10.0/System.Threading.AccessControl.dll /reference:/usr/share/dotnet/packs/Microsoft.NETCore.App.Ref/10.0.3/ref/net10.0/System.Threading.Channels.dll /reference:/usr/share/dotnet/packs/Microsoft.NETCore.App.Ref/10.0.3/ref/net10.0/System.Threading.dll /reference:/usr/share/dotnet/packs/Microsoft.NETCore.App.Ref/10.0.3/ref/net10.0/System.Threading.Overlapped.dll /reference:/usr/share/dotnet/packs/Microsoft.NETCore.App.Ref/10.0.3/ref/net10.0/System.Threading.Tasks.Dataflow.dll /reference:/usr/share/dotnet/packs/Microsoft.NETCore.App.Ref/10.0.3/ref/net10.0/System.Threading.Tasks.dll /reference:/usr/share/dotnet/packs/Microsoft.NETCore.App.Ref/10.0.3/ref/net10.0/System.Threading.Tasks.Extensions.dll /reference:/usr/share/dotnet/packs/Microsoft.NETCore.App.Ref/10.0.3/ref/net10.0/System.Threading.Tasks.Parallel.dll /reference:/usr/share/dotnet/packs/Microsoft.NETCore.App.Ref/10.0.3/ref/net10.0/System.Threading.Thread.dll /reference:/usr/share/dotnet/packs/Microsoft.NETCore.App.Ref/10.0.3/ref/net10.0/System.Threading.ThreadPool.dll /reference:/usr/share/dotnet/packs/Microsoft.NETCore.App.Ref/10.0.3/ref/net10.0/System.Threading.Timer.dll /reference:/usr/share/dotnet/packs/Microsoft.NETCore.App.Ref/10.0.3/ref/net10.0/System.Transactions.dll /reference:/usr/share/dotnet/packs/Microsoft.NETCore.App.Ref/10.0.3/ref/net10.0/System.Transactions.Local.dll /reference:/usr/share/dotnet/packs/Microsoft.NETCore.App.Ref/10.0.3/ref/net10.0/System.ValueTuple.dll /reference:/usr/share/dotnet/packs/Microsoft.NETCore.App.Ref/10.0.3/ref/net10.0/System.Web.dll /reference:/usr/share/dotnet/packs/Microsoft.NETCore.App.Ref/10.0.3/ref/net10.0/System.Web.HttpUtility.dll /reference:/usr/share/dotnet/packs/Microsoft.NETCore.App.Ref/10.0.3/ref/net10.0/System.Windows.dll /reference:/usr/share/dotnet/packs/Microsoft.NETCore.App.Ref/10.0.3/ref/net10.0/System.Xml.dll /reference:/usr/share/dotnet/packs/Microsoft.NETCore.App.Ref/10.0.3/ref/net10.0/System.Xml.Linq.dll /reference:/usr/share/dotnet/packs/Microsoft.NETCore.App.Ref/10.0.3/ref/net10.0/System.Xml.ReaderWriter.dll /reference:/usr/share/dotnet/packs/Microsoft.NETCore.App.Ref/10.0.3/ref/net10.0/System.Xml.Serialization.dll /reference:/usr/share/dotnet/packs/Microsoft.NETCore.App.Ref/10.0.3/ref/net10.0/System.Xml.XDocument.dll /reference:/usr/share/dotnet/packs/Microsoft.NETCore.App.Ref/10.0.3/ref/net10.0/System.Xml.XmlDocument.dll /reference:/usr/share/dotnet/packs/Microsoft.NETCore.App.Ref/10.0.3/ref/net10.0/System.Xml.XmlSerializer.dll /reference:/usr/share/dotnet/packs/Microsoft.NETCore.App.Ref/10.0.3/ref/net10.0/System.Xml.XPath.dll /reference:/usr/share/dotnet/packs/Microsoft.NETCore.App.Ref/10.0.3/ref/net10.0/System.Xml.XPath.XDocument.dll /reference:/usr/share/dotnet/packs/Microsoft.NETCore.App.Ref/10.0.3/ref/net10.0/WindowsBase.dll /features:"InterceptorsNamespaces=;Microsoft.Extensions.Validation.Generated" /debug+ /debug:portable /filealign:512 /optimize- /out:/tmp/ghost-build/obj/Ghost.Contracts.Inference/Debug/net10.0/Ghost.Contracts.Inference.dll /refout:/tmp/ghost-build/obj/Ghost.Contracts.Inference/Debug/net10.0/refint/Ghost.Contracts.Inference.dll /target:library /warnaserror+ /utf8output /deterministic+ /sourcelink:/tmp/ghost-build/obj/Ghost.Contracts.Inference/Debug/net10.0/Ghost.Contracts.Inference.sourcelink.json /langversion:preview /embed:/tmp/ghost-build/obj/Ghost.Contracts.Inference/Debug/net10.0/Ghost.Contracts.Inference.GlobalUsings.g.cs /embed:/tmp/ghost-build/obj/Ghost.Contracts.Inference/Debug/net10.0/Ghost.Contracts.Inference.AssemblyInfo.cs /analyzerconfig:/home/rrj/src/github/rudironsoni/Ghost/.editorconfig /analyzerconfig:/tmp/ghost-build/obj/Ghost.Contracts.Inference/Debug/net10.0/Ghost.Contracts.Inference.GeneratedMSBuildEditorConfig.editorconfig /analyzerconfig:/usr/share/dotnet/sdk/10.0.103/Sdks/Microsoft.NET.Sdk/analyzers/build/config/analysislevel_10_recommended.globalconfig /analyzer:/usr/share/dotnet/sdk/10.0.103/Sdks/Microsoft.NET.Sdk/targets/../analyzers/Microsoft.CodeAnalysis.CSharp.NetAnalyzers.dll /analyzer:/usr/share/dotnet/sdk/10.0.103/Sdks/Microsoft.NET.Sdk/targets/../analyzers/Microsoft.CodeAnalysis.NetAnalyzers.dll /analyzer:/usr/share/dotnet/sdk/10.0.103/Sdks/Microsoft.NET.Sdk/targets/../codestyle/cs/Microsoft.CodeAnalysis.CodeStyle.dll /analyzer:/usr/share/dotnet/sdk/10.0.103/Sdks/Microsoft.NET.Sdk/targets/../codestyle/cs/Microsoft.CodeAnalysis.CodeStyle.Fixes.dll /analyzer:/usr/share/dotnet/sdk/10.0.103/Sdks/Microsoft.NET.Sdk/targets/../codestyle/cs/Microsoft.CodeAnalysis.CSharp.CodeStyle.dll /analyzer:/usr/share/dotnet/sdk/10.0.103/Sdks/Microsoft.NET.Sdk/targets/../codestyle/cs/Microsoft.CodeAnalysis.CSharp.CodeStyle.Fixes.dll /analyzer:/usr/share/dotnet/packs/Microsoft.NETCore.App.Ref/10.0.3/analyzers/dotnet/cs/Microsoft.Interop.ComInterfaceGenerator.dll /analyzer:/usr/share/dotnet/packs/Microsoft.NETCore.App.Ref/10.0.3/analyzers/dotnet/cs/Microsoft.Interop.JavaScript.JSImportGenerator.dll /analyzer:/usr/share/dotnet/packs/Microsoft.NETCore.App.Ref/10.0.3/analyzers/dotnet/cs/Microsoft.Interop.LibraryImportGenerator.dll /analyzer:/usr/share/dotnet/packs/Microsoft.NETCore.App.Ref/10.0.3/analyzers/dotnet/cs/Microsoft.Interop.SourceGeneration.dll /analyzer:/usr/share/dotnet/packs/Microsoft.NETCore.App.Ref/10.0.3/analyzers/dotnet/cs/System.Text.Json.SourceGeneration.dll /analyzer:/usr/share/dotnet/packs/Microsoft.NETCore.App.Ref/10.0.3/analyzers/dotnet/cs/System.Text.RegularExpressions.Generator.dll IInferenceClient.cs InferenceChunk.cs InferenceMessage.cs InferenceRequest.cs InferenceResponse.cs InferenceRole.cs Serialization/InferenceSerializerContext.cs TokenUsage.cs /tmp/ghost-build/obj/Ghost.Contracts.Inference/Debug/net10.0/Ghost.Contracts.Inference.GlobalUsings.g.cs /tmp/ghost-build/obj/Ghost.Contracts.Inference/Debug/net10.0/Ghost.Contracts.Inference.AssemblyInfo.cs /warnaserror+:NU1605,SYSLIB0011
         Compilation request Ghost.Contracts.Inference (net10.0), PathToTool=/usr/share/dotnet/sdk/10.0.103/Roslyn/bincore/csc
         CompilerServer: tool - using command line tool by design '/usr/share/dotnet/sdk/10.0.103/Roslyn/bincore/csc' - Ghost.Contracts.Inference (net10.0)
     1>Project "/home/rrj/src/github/rudironsoni/Ghost/Ghost.sln" (1) is building "/home/rrj/src/github/rudironsoni/Ghost/src/Sdk/Ghost.Sdk.Spider/Ghost.Sdk.Spider.csproj" (17) on node 2 (default targets).
    17>CoreGenerateAssemblyInfo:
         Could not infer the type of parameter "_Parameter1" because the attribute type "System.Runtime.CompilerServices.InternalsVisibleTo" is unknown. The value will be treated as a string.
       _GenerateSourceLinkFile:
         Updating Source Link file '/tmp/ghost-build/obj/Ghost.Sdk.Spider/Debug/net10.0/Ghost.Sdk.Spider.sourcelink.json'.
       CoreCompile:
         Setting DOTNET_ROOT to '/usr/share/dotnet'
         /usr/share/dotnet/sdk/10.0.103/Roslyn/bincore/csc /noconfig /unsafe- /checked- /nowarn:1701,1702,1701,1702 /fullpaths /nostdlib+ /errorreport:prompt /warn:10 /doc:/tmp/ghost-build/obj/Ghost.Sdk.Spider/Debug/net10.0/Ghost.Sdk.Spider.xml /define:TRACE;DEBUG;NET;NET10_0;NETCOREAPP;NET5_0_OR_GREATER;NET6_0_OR_GREATER;NET7_0_OR_GREATER;NET8_0_OR_GREATER;NET9_0_OR_GREATER;NET10_0_OR_GREATER;NETCOREAPP1_0_OR_GREATER;NETCOREAPP1_1_OR_GREATER;NETCOREAPP2_0_OR_GREATER;NETCOREAPP2_1_OR_GREATER;NETCOREAPP2_2_OR_GREATER;NETCOREAPP3_0_OR_GREATER;NETCOREAPP3_1_OR_GREATER /highentropyva+ /nullable:enable /reference:/home/rrj/.nuget/packages/anglesharp/1.1.2/lib/net8.0/AngleSharp.dll /reference:/home/rrj/.nuget/packages/elasticsearch.net/7.17.5/lib/netstandard2.1/Elasticsearch.Net.dll /reference:/home/rrj/.nuget/packages/fluentvalidation/11.11.0/lib/net8.0/FluentValidation.dll /reference:/home/rrj/.nuget/packages/htmlagilitypack/1.11.71/lib/netstandard2.0/HtmlAgilityPack.dll /reference:/home/rrj/.nuget/packages/jmespath.net.parser/1.0.330/lib/netstandard1.3/JmePath.Net.Parser.dll /reference:/home/rrj/.nuget/packages/jmespath.net/1.0.330/lib/netstandard1.3/JmesPath.Net.dll /reference:/home/rrj/.nuget/packages/jmespath.net.parser/1.0.330/lib/netstandard1.3/jmespath.net.interop.dll /reference:/home/rrj/.nuget/packages/json.more.net/2.0.2/lib/net8.0/Json.More.dll /reference:/home/rrj/.nuget/packages/jsonpath.net/1.1.6/lib/net8.0/JsonPath.Net.dll /reference:/home/rrj/.nuget/packages/microsoft.bcl.asyncinterfaces/6.0.0/lib/netstandard2.1/Microsoft.Bcl.AsyncInterfaces.dll /reference:/usr/share/dotnet/packs/Microsoft.NETCore.App.Ref/10.0.3/ref/net10.0/Microsoft.CSharp.dll /reference:/home/rrj/.nuget/packages/microsoft.extensions.caching.abstractions/9.0.1/lib/net9.0/Microsoft.Extensions.Caching.Abstractions.dll /reference:/home/rrj/.nuget/packages/microsoft.extensions.caching.memory/9.0.1/lib/net9.0/Microsoft.Extensions.Caching.Memory.dll /reference:/home/rrj/.nuget/packages/microsoft.extensions.configuration.abstractions/9.0.1/lib/net9.0/Microsoft.Extensions.Configuration.Abstractions.dll /reference:/home/rrj/.nuget/packages/microsoft.extensions.configuration.binder/9.0.1/lib/net9.0/Microsoft.Extensions.Configuration.Binder.dll /reference:/home/rrj/.nuget/packages/microsoft.extensions.configuration/9.0.1/lib/net9.0/Microsoft.Extensions.Configuration.dll /reference:/home/rrj/.nuget/packages/microsoft.extensions.dependencyinjection.abstractions/9.0.1/lib/net9.0/Microsoft.Extensions.DependencyInjection.Abstractions.dll /reference:/home/rrj/.nuget/packages/microsoft.extensions.dependencyinjection/9.0.1/lib/net9.0/Microsoft.Extensions.DependencyInjection.dll /reference:/home/rrj/.nuget/packages/microsoft.extensions.diagnostics.abstractions/9.0.1/lib/net9.0/Microsoft.Extensions.Diagnostics.Abstractions.dll /reference:/home/rrj/.nuget/packages/microsoft.extensions.diagnostics/9.0.1/lib/net9.0/Microsoft.Extensions.Diagnostics.dll /reference:/home/rrj/.nuget/packages/microsoft.extensions.fileproviders.abstractions/9.0.1/lib/net9.0/Microsoft.Extensions.FileProviders.Abstractions.dll /reference:/home/rrj/.nuget/packages/microsoft.extensions.hosting.abstractions/9.0.1/lib/net9.0/Microsoft.Extensions.Hosting.Abstractions.dll /reference:/home/rrj/.nuget/packages/microsoft.extensions.http/9.0.1/lib/net9.0/Microsoft.Extensions.Http.dll /reference:/home/rrj/.nuget/packages/microsoft.extensions.logging.abstractions/9.0.1/lib/net9.0/Microsoft.Extensions.Logging.Abstractions.dll /reference:/home/rrj/.nuget/packages/microsoft.extensions.logging/9.0.1/lib/net9.0/Microsoft.Extensions.Logging.dll /reference:/home/rrj/.nuget/packages/microsoft.extensions.options.configurationextensions/9.0.1/lib/net9.0/Microsoft.Extensions.Options.ConfigurationExtensions.dll /reference:/home/rrj/.nuget/packages/microsoft.extensions.options/9.0.1/lib/net9.0/Microsoft.Extensions.Options.dll /reference:/home/rrj/.nuget/packages/microsoft.extensions.primitives/9.0.1/lib/net9.0/Microsoft.Extensions.Primitives.dll /reference:/home/rrj/.nuget/packages/patchright/1.58.0/lib/netstandard2.0/Microsoft.Playwright.dll /reference:/usr/share/dotnet/packs/Microsoft.NETCore.App.Ref/10.0.3/ref/net10.0/Microsoft.VisualBasic.Core.dll /reference:/usr/share/dotnet/packs/Microsoft.NETCore.App.Ref/10.0.3/ref/net10.0/Microsoft.VisualBasic.dll /reference:/usr/share/dotnet/packs/Microsoft.NETCore.App.Ref/10.0.3/ref/net10.0/Microsoft.Win32.Primitives.dll /reference:/usr/share/dotnet/packs/Microsoft.NETCore.App.Ref/10.0.3/ref/net10.0/Microsoft.Win32.Registry.dll /reference:/usr/share/dotnet/packs/Microsoft.NETCore.App.Ref/10.0.3/ref/net10.0/mscorlib.dll /reference:/home/rrj/.nuget/packages/nest/7.17.5/lib/netstandard2.0/Nest.dll /reference:/usr/share/dotnet/packs/Microsoft.NETCore.App.Ref/10.0.3/ref/net10.0/netstandard.dll /reference:/home/rrj/.nuget/packages/newtonsoft.json/13.0.4/lib/net6.0/Newtonsoft.Json.dll /reference:/home/rrj/.nuget/packages/npgsql/9.0.2/lib/net8.0/Npgsql.dll /reference:/home/rrj/.nuget/packages/pipelines.sockets.unofficial/2.2.8/lib/net5.0/Pipelines.Sockets.Unofficial.dll /reference:/home/rrj/.nuget/packages/polly.core/8.5.2/lib/net8.0/Polly.Core.dll /reference:/home/rrj/.nuget/packages/polly/8.5.2/lib/net6.0/Polly.dll /reference:/home/rrj/.nuget/packages/polly.extensions.http/3.0.0/lib/netstandard2.0/Polly.Extensions.Http.dll /reference:/home/rrj/.nuget/packages/quartz/3.13.1/lib/net6.0/Quartz.dll /reference:/home/rrj/.nuget/packages/quartz.extensions.dependencyinjection/3.13.1/lib/net8.0/Quartz.Extensions.DependencyInjection.dll /reference:/home/rrj/.nuget/packages/quartz.extensions.hosting/3.13.1/lib/net8.0/Quartz.Extensions.Hosting.dll /reference:/home/rrj/.nuget/packages/springcomp.gplex.runtime/1.2.4/lib/netstandard1.2/Springcomp.GPLEX.Runtime.dll /reference:/home/rrj/.nuget/packages/springcomp.gppg.runtime/1.2.4/lib/netstandard1.3/Springcomp.GPPG.Runtime.dll /reference:/home/rrj/.nuget/packages/stackexchange.redis/2.8.24/lib/net8.0/StackExchange.Redis.dll /reference:/usr/share/dotnet/packs/Microsoft.NETCore.App.Ref/10.0.3/ref/net10.0/System.AppContext.dll /reference:/usr/share/dotnet/packs/Microsoft.NETCore.App.Ref/10.0.3/ref/net10.0/System.Buffers.dll /reference:/usr/share/dotnet/packs/Microsoft.NETCore.App.Ref/10.0.3/ref/net10.0/System.Collections.Concurrent.dll /reference:/usr/share/dotnet/packs/Microsoft.NETCore.App.Ref/10.0.3/ref/net10.0/System.Collections.dll /reference:/usr/share/dotnet/packs/Microsoft.NETCore.App.Ref/10.0.3/ref/net10.0/System.Collections.Immutable.dll /reference:/usr/share/dotnet/packs/Microsoft.NETCore.App.Ref/10.0.3/ref/net10.0/System.Collections.NonGeneric.dll /reference:/usr/share/dotnet/packs/Microsoft.NETCore.App.Ref/10.0.3/ref/net10.0/System.Collections.Specialized.dll /reference:/usr/share/dotnet/packs/Microsoft.NETCore.App.Ref/10.0.3/ref/net10.0/System.ComponentModel.Annotations.dll /reference:/usr/share/dotnet/packs/Microsoft.NETCore.App.Ref/10.0.3/ref/net10.0/System.ComponentModel.DataAnnotations.dll /reference:/usr/share/dotnet/packs/Microsoft.NETCore.App.Ref/10.0.3/ref/net10.0/System.ComponentModel.dll /reference:/usr/share/dotnet/packs/Microsoft.NETCore.App.Ref/10.0.3/ref/net10.0/System.ComponentModel.EventBasedAsync.dll /reference:/usr/share/dotnet/packs/Microsoft.NETCore.App.Ref/10.0.3/ref/net10.0/System.ComponentModel.Primitives.dll /reference:/usr/share/dotnet/packs/Microsoft.NETCore.App.Ref/10.0.3/ref/net10.0/System.ComponentModel.TypeConverter.dll /reference:/usr/share/dotnet/packs/Microsoft.NETCore.App.Ref/10.0.3/ref/net10.0/System.Configuration.dll /reference:/usr/share/dotnet/packs/Microsoft.NETCore.App.Ref/10.0.3/ref/net10.0/System.Console.dll /reference:/usr/share/dotnet/packs/Microsoft.NETCore.App.Ref/10.0.3/ref/net10.0/System.Core.dll /reference:/usr/share/dotnet/packs/Microsoft.NETCore.App.Ref/10.0.3/ref/net10.0/System.Data.Common.dll /reference:/usr/share/dotnet/packs/Microsoft.NETCore.App.Ref/10.0.3/ref/net10.0/System.Data.DataSetExtensions.dll /reference:/usr/share/dotnet/packs/Microsoft.NETCore.App.Ref/10.0.3/ref/net10.0/System.Data.dll /reference:/usr/share/dotnet/packs/Microsoft.NETCore.App.Ref/10.0.3/ref/net10.0/System.Diagnostics.Contracts.dll /reference:/usr/share/dotnet/packs/Microsoft.NETCore.App.Ref/10.0.3/ref/net10.0/System.Diagnostics.Debug.dll /reference:/usr/share/dotnet/packs/Microsoft.NETCore.App.Ref/10.0.3/ref/net10.0/System.Diagnostics.DiagnosticSource.dll /reference:/usr/share/dotnet/packs/Microsoft.NETCore.App.Ref/10.0.3/ref/net10.0/System.Diagnostics.FileVersionInfo.dll /reference:/usr/share/dotnet/packs/Microsoft.NETCore.App.Ref/10.0.3/ref/net10.0/System.Diagnostics.Process.dll /reference:/usr/share/dotnet/packs/Microsoft.NETCore.App.Ref/10.0.3/ref/net10.0/System.Diagnostics.StackTrace.dll /reference:/usr/share/dotnet/packs/Microsoft.NETCore.App.Ref/10.0.3/ref/net10.0/System.Diagnostics.TextWriterTraceListener.dll /reference:/usr/share/dotnet/packs/Microsoft.NETCore.App.Ref/10.0.3/ref/net10.0/System.Diagnostics.Tools.dll /reference:/usr/share/dotnet/packs/Microsoft.NETCore.App.Ref/10.0.3/ref/net10.0/System.Diagnostics.TraceSource.dll /reference:/usr/share/dotnet/packs/Microsoft.NETCore.App.Ref/10.0.3/ref/net10.0/System.Diagnostics.Tracing.dll /reference:/usr/share/dotnet/packs/Microsoft.NETCore.App.Ref/10.0.3/ref/net10.0/System.dll /reference:/usr/share/dotnet/packs/Microsoft.NETCore.App.Ref/10.0.3/ref/net10.0/System.Drawing.dll /reference:/usr/share/dotnet/packs/Microsoft.NETCore.App.Ref/10.0.3/ref/net10.0/System.Drawing.Primitives.dll /reference:/usr/share/dotnet/packs/Microsoft.NETCore.App.Ref/10.0.3/ref/net10.0/System.Dynamic.Runtime.dll /reference:/usr/share/dotnet/packs/Microsoft.NETCore.App.Ref/10.0.3/ref/net10.0/System.Formats.Asn1.dll /reference:/usr/share/dotnet/packs/Microsoft.NETCore.App.Ref/10.0.3/ref/net10.0/System.Formats.Tar.dll /reference:/usr/share/dotnet/packs/Microsoft.NETCore.App.Ref/10.0.3/ref/net10.0/System.Globalization.Calendars.dll /reference:/usr/share/dotnet/packs/Microsoft.NETCore.App.Ref/10.0.3/ref/net10.0/System.Globalization.dll /reference:/usr/share/dotnet/packs/Microsoft.NETCore.App.Ref/10.0.3/ref/net10.0/System.Globalization.Extensions.dll /reference:/usr/share/dotnet/packs/Microsoft.NETCore.App.Ref/10.0.3/ref/net10.0/System.IO.Compression.Brotli.dll /reference:/usr/share/dotnet/packs/Microsoft.NETCore.App.Ref/10.0.3/ref/net10.0/System.IO.Compression.dll /reference:/usr/share/dotnet/packs/Microsoft.NETCore.App.Ref/10.0.3/ref/net10.0/System.IO.Compression.FileSystem.dll /reference:/usr/share/dotnet/packs/Microsoft.NETCore.App.Ref/10.0.3/ref/net10.0/System.IO.Compression.ZipFile.dll /reference:/usr/share/dotnet/packs/Microsoft.NETCore.App.Ref/10.0.3/ref/net10.0/System.IO.dll /reference:/usr/share/dotnet/packs/Microsoft.NETCore.App.Ref/10.0.3/ref/net10.0/System.IO.FileSystem.AccessControl.dll /reference:/usr/share/dotnet/packs/Microsoft.NETCore.App.Ref/10.0.3/ref/net10.0/System.IO.FileSystem.dll /reference:/usr/share/dotnet/packs/Microsoft.NETCore.App.Ref/10.0.3/ref/net10.0/System.IO.FileSystem.DriveInfo.dll /reference:/usr/share/dotnet/packs/Microsoft.NETCore.App.Ref/10.0.3/ref/net10.0/System.IO.FileSystem.Primitives.dll /reference:/usr/share/dotnet/packs/Microsoft.NETCore.App.Ref/10.0.3/ref/net10.0/System.IO.FileSystem.Watcher.dll /reference:/usr/share/dotnet/packs/Microsoft.NETCore.App.Ref/10.0.3/ref/net10.0/System.IO.IsolatedStorage.dll /reference:/usr/share/dotnet/packs/Microsoft.NETCore.App.Ref/10.0.3/ref/net10.0/System.IO.MemoryMappedFiles.dll /reference:/usr/share/dotnet/packs/Microsoft.NETCore.App.Ref/10.0.3/ref/net10.0/System.IO.Pipelines.dll /reference:/usr/share/dotnet/packs/Microsoft.NETCore.App.Ref/10.0.3/ref/net10.0/System.IO.Pipes.AccessControl.dll /reference:/usr/share/dotnet/packs/Microsoft.NETCore.App.Ref/10.0.3/ref/net10.0/System.IO.Pipes.dll /reference:/usr/share/dotnet/packs/Microsoft.NETCore.App.Ref/10.0.3/ref/net10.0/System.IO.UnmanagedMemoryStream.dll /reference:/usr/share/dotnet/packs/Microsoft.NETCore.App.Ref/10.0.3/ref/net10.0/System.Linq.AsyncEnumerable.dll /reference:/usr/share/dotnet/packs/Microsoft.NETCore.App.Ref/10.0.3/ref/net10.0/System.Linq.dll /reference:/usr/share/dotnet/packs/Microsoft.NETCore.App.Ref/10.0.3/ref/net10.0/System.Linq.Expressions.dll /reference:/usr/share/dotnet/packs/Microsoft.NETCore.App.Ref/10.0.3/ref/net10.0/System.Linq.Parallel.dll /reference:/usr/share/dotnet/packs/Microsoft.NETCore.App.Ref/10.0.3/ref/net10.0/System.Linq.Queryable.dll /reference:/usr/share/dotnet/packs/Microsoft.NETCore.App.Ref/10.0.3/ref/net10.0/System.Memory.dll /reference:/usr/share/dotnet/packs/Microsoft.NETCore.App.Ref/10.0.3/ref/net10.0/System.Net.dll /reference:/usr/share/dotnet/packs/Microsoft.NETCore.App.Ref/10.0.3/ref/net10.0/System.Net.Http.dll /reference:/usr/share/dotnet/packs/Microsoft.NETCore.App.Ref/10.0.3/ref/net10.0/System.Net.Http.Json.dll /reference:/usr/share/dotnet/packs/Microsoft.NETCore.App.Ref/10.0.3/ref/net10.0/System.Net.HttpListener.dll /reference:/usr/share/dotnet/packs/Microsoft.NETCore.App.Ref/10.0.3/ref/net10.0/System.Net.Mail.dll /reference:/usr/share/dotnet/packs/Microsoft.NETCore.App.Ref/10.0.3/ref/net10.0/System.Net.NameResolution.dll /reference:/usr/share/dotnet/packs/Microsoft.NETCore.App.Ref/10.0.3/ref/net10.0/System.Net.NetworkInformation.dll /reference:/usr/share/dotnet/packs/Microsoft.NETCore.App.Ref/10.0.3/ref/net10.0/System.Net.Ping.dll /reference:/usr/share/dotnet/packs/Microsoft.NETCore.App.Ref/10.0.3/ref/net10.0/System.Net.Primitives.dll /reference:/usr/share/dotnet/packs/Microsoft.NETCore.App.Ref/10.0.3/ref/net10.0/System.Net.Quic.dll /reference:/usr/share/dotnet/packs/Microsoft.NETCore.App.Ref/10.0.3/ref/net10.0/System.Net.Requests.dll /reference:/usr/share/dotnet/packs/Microsoft.NETCore.App.Ref/10.0.3/ref/net10.0/System.Net.Security.dll /reference:/usr/share/dotnet/packs/Microsoft.NETCore.App.Ref/10.0.3/ref/net10.0/System.Net.ServerSentEvents.dll /reference:/usr/share/dotnet/packs/Microsoft.NETCore.App.Ref/10.0.3/ref/net10.0/System.Net.ServicePoint.dll /reference:/usr/share/dotnet/packs/Microsoft.NETCore.App.Ref/10.0.3/ref/net10.0/System.Net.Sockets.dll /reference:/usr/share/dotnet/packs/Microsoft.NETCore.App.Ref/10.0.3/ref/net10.0/System.Net.WebClient.dll /reference:/usr/share/dotnet/packs/Microsoft.NETCore.App.Ref/10.0.3/ref/net10.0/System.Net.WebHeaderCollection.dll /reference:/usr/share/dotnet/packs/Microsoft.NETCore.App.Ref/10.0.3/ref/net10.0/System.Net.WebProxy.dll /reference:/usr/share/dotnet/packs/Microsoft.NETCore.App.Ref/10.0.3/ref/net10.0/System.Net.WebSockets.Client.dll /reference:/usr/share/dotnet/packs/Microsoft.NETCore.App.Ref/10.0.3/ref/net10.0/System.Net.WebSockets.dll /reference:/usr/share/dotnet/packs/Microsoft.NETCore.App.Ref/10.0.3/ref/net10.0/System.Numerics.dll /reference:/usr/share/dotnet/packs/Microsoft.NETCore.App.Ref/10.0.3/ref/net10.0/System.Numerics.Vectors.dll /reference:/usr/share/dotnet/packs/Microsoft.NETCore.App.Ref/10.0.3/ref/net10.0/System.ObjectModel.dll /reference:/usr/share/dotnet/packs/Microsoft.NETCore.App.Ref/10.0.3/ref/net10.0/System.Reflection.DispatchProxy.dll /reference:/usr/share/dotnet/packs/Microsoft.NETCore.App.Ref/10.0.3/ref/net10.0/System.Reflection.dll /reference:/usr/share/dotnet/packs/Microsoft.NETCore.App.Ref/10.0.3/ref/net10.0/System.Reflection.Emit.dll /reference:/usr/share/dotnet/packs/Microsoft.NETCore.App.Ref/10.0.3/ref/net10.0/System.Reflection.Emit.ILGeneration.dll /reference:/usr/share/dotnet/packs/Microsoft.NETCore.App.Ref/10.0.3/ref/net10.0/System.Reflection.Emit.Lightweight.dll /reference:/usr/share/dotnet/packs/Microsoft.NETCore.App.Ref/10.0.3/ref/net10.0/System.Reflection.Extensions.dll /reference:/usr/share/dotnet/packs/Microsoft.NETCore.App.Ref/10.0.3/ref/net10.0/System.Reflection.Metadata.dll /reference:/usr/share/dotnet/packs/Microsoft.NETCore.App.Ref/10.0.3/ref/net10.0/System.Reflection.Primitives.dll /reference:/usr/share/dotnet/packs/Microsoft.NETCore.App.Ref/10.0.3/ref/net10.0/System.Reflection.TypeExtensions.dll /reference:/usr/share/dotnet/packs/Microsoft.NETCore.App.Ref/10.0.3/ref/net10.0/System.Resources.Reader.dll /reference:/usr/share/dotnet/packs/Microsoft.NETCore.App.Ref/10.0.3/ref/net10.0/System.Resources.ResourceManager.dll /reference:/usr/share/dotnet/packs/Microsoft.NETCore.App.Ref/10.0.3/ref/net10.0/System.Resources.Writer.dll /reference:/usr/share/dotnet/packs/Microsoft.NETCore.App.Ref/10.0.3/ref/net10.0/System.Runtime.CompilerServices.Unsafe.dll /reference:/usr/share/dotnet/packs/Microsoft.NETCore.App.Ref/10.0.3/ref/net10.0/System.Runtime.CompilerServices.VisualC.dll /reference:/usr/share/dotnet/packs/Microsoft.NETCore.App.Ref/10.0.3/ref/net10.0/System.Runtime.dll /reference:/usr/share/dotnet/packs/Microsoft.NETCore.App.Ref/10.0.3/ref/net10.0/System.Runtime.Extensions.dll /reference:/usr/share/dotnet/packs/Microsoft.NETCore.App.Ref/10.0.3/ref/net10.0/System.Runtime.Handles.dll /reference:/usr/share/dotnet/packs/Microsoft.NETCore.App.Ref/10.0.3/ref/net10.0/System.Runtime.InteropServices.dll /reference:/usr/share/dotnet/packs/Microsoft.NETCore.App.Ref/10.0.3/ref/net10.0/System.Runtime.InteropServices.JavaScript.dll /reference:/usr/share/dotnet/packs/Microsoft.NETCore.App.Ref/10.0.3/ref/net10.0/System.Runtime.InteropServices.RuntimeInformation.dll /reference:/usr/share/dotnet/packs/Microsoft.NETCore.App.Ref/10.0.3/ref/net10.0/System.Runtime.Intrinsics.dll /reference:/usr/share/dotnet/packs/Microsoft.NETCore.App.Ref/10.0.3/ref/net10.0/System.Runtime.Loader.dll /reference:/usr/share/dotnet/packs/Microsoft.NETCore.App.Ref/10.0.3/ref/net10.0/System.Runtime.Numerics.dll /reference:/usr/share/dotnet/packs/Microsoft.NETCore.App.Ref/10.0.3/ref/net10.0/System.Runtime.Serialization.dll /reference:/usr/share/dotnet/packs/Microsoft.NETCore.App.Ref/10.0.3/ref/net10.0/System.Runtime.Serialization.Formatters.dll /reference:/usr/share/dotnet/packs/Microsoft.NETCore.App.Ref/10.0.3/ref/net10.0/System.Runtime.Serialization.Json.dll /reference:/usr/share/dotnet/packs/Microsoft.NETCore.App.Ref/10.0.3/ref/net10.0/System.Runtime.Serialization.Primitives.dll /reference:/usr/share/dotnet/packs/Microsoft.NETCore.App.Ref/10.0.3/ref/net10.0/System.Runtime.Serialization.Xml.dll /reference:/usr/share/dotnet/packs/Microsoft.NETCore.App.Ref/10.0.3/ref/net10.0/System.Security.AccessControl.dll /reference:/usr/share/dotnet/packs/Microsoft.NETCore.App.Ref/10.0.3/ref/net10.0/System.Security.Claims.dll /reference:/usr/share/dotnet/packs/Microsoft.NETCore.App.Ref/10.0.3/ref/net10.0/System.Security.Cryptography.Algorithms.dll /reference:/usr/share/dotnet/packs/Microsoft.NETCore.App.Ref/10.0.3/ref/net10.0/System.Security.Cryptography.Cng.dll /reference:/usr/share/dotnet/packs/Microsoft.NETCore.App.Ref/10.0.3/ref/net10.0/System.Security.Cryptography.Csp.dll /reference:/usr/share/dotnet/packs/Microsoft.NETCore.App.Ref/10.0.3/ref/net10.0/System.Security.Cryptography.dll /reference:/usr/share/dotnet/packs/Microsoft.NETCore.App.Ref/10.0.3/ref/net10.0/System.Security.Cryptography.Encoding.dll /reference:/usr/share/dotnet/packs/Microsoft.NETCore.App.Ref/10.0.3/ref/net10.0/System.Security.Cryptography.OpenSsl.dll /reference:/usr/share/dotnet/packs/Microsoft.NETCore.App.Ref/10.0.3/ref/net10.0/System.Security.Cryptography.Primitives.dll /reference:/usr/share/dotnet/packs/Microsoft.NETCore.App.Ref/10.0.3/ref/net10.0/System.Security.Cryptography.X509Certificates.dll /reference:/usr/share/dotnet/packs/Microsoft.NETCore.App.Ref/10.0.3/ref/net10.0/System.Security.dll /reference:/usr/share/dotnet/packs/Microsoft.NETCore.App.Ref/10.0.3/ref/net10.0/System.Security.Principal.dll /reference:/usr/share/dotnet/packs/Microsoft.NETCore.App.Ref/10.0.3/ref/net10.0/System.Security.Principal.Windows.dll /reference:/usr/share/dotnet/packs/Microsoft.NETCore.App.Ref/10.0.3/ref/net10.0/System.Security.SecureString.dll /reference:/usr/share/dotnet/packs/Microsoft.NETCore.App.Ref/10.0.3/ref/net10.0/System.ServiceModel.Web.dll /reference:/usr/share/dotnet/packs/Microsoft.NETCore.App.Ref/10.0.3/ref/net10.0/System.ServiceProcess.dll /reference:/usr/share/dotnet/packs/Microsoft.NETCore.App.Ref/10.0.3/ref/net10.0/System.Text.Encoding.CodePages.dll /reference:/usr/share/dotnet/packs/Microsoft.NETCore.App.Ref/10.0.3/ref/net10.0/System.Text.Encoding.dll /reference:/usr/share/dotnet/packs/Microsoft.NETCore.App.Ref/10.0.3/ref/net10.0/System.Text.Encoding.Extensions.dll /reference:/usr/share/dotnet/packs/Microsoft.NETCore.App.Ref/10.0.3/ref/net10.0/System.Text.Encodings.Web.dll /reference:/usr/share/dotnet/packs/Microsoft.NETCore.App.Ref/10.0.3/ref/net10.0/System.Text.Json.dll /reference:/usr/share/dotnet/packs/Microsoft.NETCore.App.Ref/10.0.3/ref/net10.0/System.Text.RegularExpressions.dll /reference:/usr/share/dotnet/packs/Microsoft.NETCore.App.Ref/10.0.3/ref/net10.0/System.Threading.AccessControl.dll /reference:/usr/share/dotnet/packs/Microsoft.NETCore.App.Ref/10.0.3/ref/net10.0/System.Threading.Channels.dll /reference:/usr/share/dotnet/packs/Microsoft.NETCore.App.Ref/10.0.3/ref/net10.0/System.Threading.dll /reference:/usr/share/dotnet/packs/Microsoft.NETCore.App.Ref/10.0.3/ref/net10.0/System.Threading.Overlapped.dll /reference:/usr/share/dotnet/packs/Microsoft.NETCore.App.Ref/10.0.3/ref/net10.0/System.Threading.Tasks.Dataflow.dll /reference:/usr/share/dotnet/packs/Microsoft.NETCore.App.Ref/10.0.3/ref/net10.0/System.Threading.Tasks.dll /reference:/usr/share/dotnet/packs/Microsoft.NETCore.App.Ref/10.0.3/ref/net10.0/System.Threading.Tasks.Extensions.dll /reference:/usr/share/dotnet/packs/Microsoft.NETCore.App.Ref/10.0.3/ref/net10.0/System.Threading.Tasks.Parallel.dll /reference:/usr/share/dotnet/packs/Microsoft.NETCore.App.Ref/10.0.3/ref/net10.0/System.Threading.Thread.dll /reference:/usr/share/dotnet/packs/Microsoft.NETCore.App.Ref/10.0.3/ref/net10.0/System.Threading.ThreadPool.dll /reference:/usr/share/dotnet/packs/Microsoft.NETCore.App.Ref/10.0.3/ref/net10.0/System.Threading.Timer.dll /reference:/usr/share/dotnet/packs/Microsoft.NETCore.App.Ref/10.0.3/ref/net10.0/System.Transactions.dll /reference:/usr/share/dotnet/packs/Microsoft.NETCore.App.Ref/10.0.3/ref/net10.0/System.Transactions.Local.dll /reference:/usr/share/dotnet/packs/Microsoft.NETCore.App.Ref/10.0.3/ref/net10.0/System.ValueTuple.dll /reference:/usr/share/dotnet/packs/Microsoft.NETCore.App.Ref/10.0.3/ref/net10.0/System.Web.dll /reference:/usr/share/dotnet/packs/Microsoft.NETCore.App.Ref/10.0.3/ref/net10.0/System.Web.HttpUtility.dll /reference:/usr/share/dotnet/packs/Microsoft.NETCore.App.Ref/10.0.3/ref/net10.0/System.Windows.dll /reference:/usr/share/dotnet/packs/Microsoft.NETCore.App.Ref/10.0.3/ref/net10.0/System.Xml.dll /reference:/usr/share/dotnet/packs/Microsoft.NETCore.App.Ref/10.0.3/ref/net10.0/System.Xml.Linq.dll /reference:/usr/share/dotnet/packs/Microsoft.NETCore.App.Ref/10.0.3/ref/net10.0/System.Xml.ReaderWriter.dll /reference:/usr/share/dotnet/packs/Microsoft.NETCore.App.Ref/10.0.3/ref/net10.0/System.Xml.Serialization.dll /reference:/usr/share/dotnet/packs/Microsoft.NETCore.App.Ref/10.0.3/ref/net10.0/System.Xml.XDocument.dll /reference:/usr/share/dotnet/packs/Microsoft.NETCore.App.Ref/10.0.3/ref/net10.0/System.Xml.XmlDocument.dll /reference:/usr/share/dotnet/packs/Microsoft.NETCore.App.Ref/10.0.3/ref/net10.0/System.Xml.XmlSerializer.dll /reference:/usr/share/dotnet/packs/Microsoft.NETCore.App.Ref/10.0.3/ref/net10.0/System.Xml.XPath.dll /reference:/usr/share/dotnet/packs/Microsoft.NETCore.App.Ref/10.0.3/ref/net10.0/System.Xml.XPath.XDocument.dll /reference:/usr/share/dotnet/packs/Microsoft.NETCore.App.Ref/10.0.3/ref/net10.0/WindowsBase.dll /reference:/home/rrj/.nuget/packages/yamldotnet/16.3.0/lib/net8.0/YamlDotNet.dll /features:"InterceptorsNamespaces=;Microsoft.Extensions.Validation.Generated" /debug+ /debug:portable /filealign:512 /optimize- /out:/tmp/ghost-build/obj/Ghost.Sdk.Spider/Debug/net10.0/Ghost.Sdk.Spider.dll /refout:/tmp/ghost-build/obj/Ghost.Sdk.Spider/Debug/net10.0/refint/Ghost.Sdk.Spider.dll /target:library /warnaserror+ /utf8output /deterministic+ /sourcelink:/tmp/ghost-build/obj/Ghost.Sdk.Spider/Debug/net10.0/Ghost.Sdk.Spider.sourcelink.json /langversion:Preview /embed:/tmp/ghost-build/obj/Ghost.Sdk.Spider/Debug/net10.0/Ghost.Sdk.Spider.GlobalUsings.g.cs /embed:/tmp/ghost-build/obj/Ghost.Sdk.Spider/Debug/net10.0/Ghost.Sdk.Spider.AssemblyInfo.cs /analyzerconfig:/home/rrj/src/github/rudironsoni/Ghost/.editorconfig /analyzerconfig:/tmp/ghost-build/obj/Ghost.Sdk.Spider/Debug/net10.0/Ghost.Sdk.Spider.GeneratedMSBuildEditorConfig.editorconfig /analyzerconfig:/usr/share/dotnet/sdk/10.0.103/Sdks/Microsoft.NET.Sdk/analyzers/build/config/analysislevel_10_recommended.globalconfig /analyzer:/usr/share/dotnet/sdk/10.0.103/Sdks/Microsoft.NET.Sdk/targets/../analyzers/Microsoft.CodeAnalysis.CSharp.NetAnalyzers.dll /analyzer:/usr/share/dotnet/sdk/10.0.103/Sdks/Microsoft.NET.Sdk/targets/../analyzers/Microsoft.CodeAnalysis.NetAnalyzers.dll /analyzer:/usr/share/dotnet/sdk/10.0.103/Sdks/Microsoft.NET.Sdk/targets/../codestyle/cs/Microsoft.CodeAnalysis.CodeStyle.dll /analyzer:/usr/share/dotnet/sdk/10.0.103/Sdks/Microsoft.NET.Sdk/targets/../codestyle/cs/Microsoft.CodeAnalysis.CodeStyle.Fixes.dll /analyzer:/usr/share/dotnet/sdk/10.0.103/Sdks/Microsoft.NET.Sdk/targets/../codestyle/cs/Microsoft.CodeAnalysis.CSharp.CodeStyle.dll /analyzer:/usr/share/dotnet/sdk/10.0.103/Sdks/Microsoft.NET.Sdk/targets/../codestyle/cs/Microsoft.CodeAnalysis.CSharp.CodeStyle.Fixes.dll /analyzer:/home/rrj/.nuget/packages/microsoft.extensions.logging.abstractions/9.0.1/analyzers/dotnet/roslyn4.4/cs/Microsoft.Extensions.Logging.Generators.dll /analyzer:/home/rrj/.nuget/packages/microsoft.extensions.options/9.0.1/analyzers/dotnet/roslyn4.4/cs/Microsoft.Extensions.Options.SourceGeneration.dll /analyzer:/usr/share/dotnet/packs/Microsoft.NETCore.App.Ref/10.0.3/analyzers/dotnet/cs/Microsoft.Interop.ComInterfaceGenerator.dll /analyzer:/usr/share/dotnet/packs/Microsoft.NETCore.App.Ref/10.0.3/analyzers/dotnet/cs/Microsoft.Interop.JavaScript.JSImportGenerator.dll /analyzer:/usr/share/dotnet/packs/Microsoft.NETCore.App.Ref/10.0.3/analyzers/dotnet/cs/Microsoft.Interop.LibraryImportGenerator.dll /analyzer:/usr/share/dotnet/packs/Microsoft.NETCore.App.Ref/10.0.3/analyzers/dotnet/cs/Microsoft.Interop.SourceGeneration.dll /analyzer:/usr/share/dotnet/packs/Microsoft.NETCore.App.Ref/10.0.3/analyzers/dotnet/cs/System.Text.Json.SourceGeneration.dll /analyzer:/usr/share/dotnet/packs/Microsoft.NETCore.App.Ref/10.0.3/analyzers/dotnet/cs/System.Text.RegularExpressions.Generator.dll Adapters/AdapterFactory.cs Adapters/AdapterRegistry.cs Adapters/BrowserPoolOptions.cs Adapters/Contracts/AdapterOptions.cs Adapters/Contracts/ContentResult.cs Adapters/Contracts/ContentType.cs Adapters/Contracts/IBrowserPool.cs Adapters/Contracts/IBrowserSession.cs Adapters/Contracts/IContentAdapter.cs Adapters/Contracts/Request.cs Adapters/Contracts/Response.cs Adapters/GraphQL/GraphQLError.cs Adapters/GraphQL/GraphQLRequest.cs Adapters/GraphQL/GraphQLResponse.cs Adapters/GraphQL/Schema/GraphQLField.cs Adapters/GraphQL/Schema/GraphQLSchema.cs Adapters/GraphQL/Schema/GraphQLType.cs Adapters/GraphQLAdapter.cs Adapters/GraphQLAdapterOptions.cs Adapters/HttpRequestBuilder.cs Adapters/JavaScriptAdapter.cs Adapters/JavaScriptAdapterOptions.cs Adapters/StaticHtmlAdapter.cs Adapters/StaticHtmlAdapterOptions.cs Adapters/WebSocket/HeartbeatOptions.cs Adapters/WebSocket/MessageBuffer.cs Adapters/WebSocket/ReconnectionPolicy.cs Adapters/WebSocket/WebSocketAdapter.cs Adapters/WebSocket/WebSocketAdapterOptions.cs Adapters/WebSocket/WebSocketConnection.cs Adapters/WebSocket/WebSocketMessage.cs Configuration/Compiler/ConfigurationCompiler.cs Configuration/ConfigurationLoader.cs Configuration/Models/EntityConfiguration.cs Configuration/Models/ExtractionConfiguration.cs Configuration/Models/FieldConfiguration.cs Configuration/Models/FormatterConfiguration.cs Configuration/Models/LimitsConfiguration.cs Configuration/Models/MonitoringConfiguration.cs Configuration/Models/NavigationConfiguration.cs Configuration/Models/PipelineConfiguration.cs Configuration/Models/ScheduleConfiguration.cs Configuration/Models/SelectorConfiguration.cs Configuration/Models/StorageConfiguration.cs Configuration/Models/StrategiesConfiguration.cs Configuration/Models/TargetConfiguration.cs Configuration/SpiderConfiguration.cs Configuration/Validation/SpiderConfigurationValidator.cs Contracts/ContractResult.cs Contracts/ContractValidationResult.cs Contracts/ContractValidator.cs Contracts/ISpiderContract.cs Contracts/MaxDurationContract.cs Contracts/MaxRequestsContract.cs Contracts/MinItemsContract.cs Contracts/SpiderContext.cs Contracts/SpiderState.cs Core/Entities/Attributes/EntitySelectorAttribute.cs Core/Entities/Attributes/FieldAttribute.cs Core/Entities/Attributes/FormatterAttribute.cs Core/Entities/Attributes/ValueSelectorAttribute.cs Core/Entities/EntityBase.cs Core/Entities/Formatters/DateTimeFormatter.cs Core/Entities/Formatters/Formatter.cs Core/Entities/Formatters/HtmlDecodeFormatter.cs Core/Entities/Formatters/RegexFormatter.cs Core/Entities/Formatters/ReplaceFormatter.cs Core/Entities/Formatters/StringFormatter.cs Core/Entities/Formatters/TrimFormatter.cs Core/Entities/Formatters/UrlDecodeFormatter.cs Core/Extraction/EntityParser.cs Core/Extraction/ExtractionContext.cs Core/Extraction/Selectors/CssSelector.cs Core/Extraction/Selectors/ISelector.cs Core/Extraction/Selectors/JmesPathSelector.cs Core/Extraction/Selectors/JsonPathSelector.cs Core/Extraction/Selectors/RegexSelector.cs Core/Extraction/Selectors/XPathSelector.cs Engine/CrawlSpider.cs Engine/ExecutionContext.cs Engine/ICrawlSpider.cs Engine/ISpiderEngine.cs Engine/Queue/InMemoryRequestQueue.cs Engine/Queue/IRequestQueue.cs Engine/Rule.cs Engine/Spider.cs Engine/SpiderOptions.cs Engine/SpiderResult.cs Extraction/ILinkExtractor.cs Extraction/SimpleLinkExtractor.cs Meta/IMetaDictionary.cs Meta/MetaDictionary.cs Pipeline/Compilation/PipelineCompiler.cs Pipeline/CompiledPipeline.cs Pipeline/Contracts/IPipelineMiddleware.cs Pipeline/Contracts/PipelineDelegate.cs Pipeline/Middleware/CircuitBreakerMiddleware.cs Pipeline/Middleware/ProxyRotationMiddleware.cs Pipeline/Middleware/RateLimitMiddleware.cs Pipeline/Middleware/RetryMiddleware.cs Pipeline/Middleware/StealthMiddleware.cs Pipeline/Middleware/TokenBucketRateLimiter.cs Pipeline/MiddlewareConfiguration.cs Pipeline/MiddlewareEntry.cs Pipeline/PipelineBuilder.cs Pipeline/PipelineContext.cs Pipeline/SpiderStateBox.cs Scheduling/Contracts/IScheduler.cs Statistics/DepthStatistics.cs Statistics/DepthTracker.cs Statistics/IDepthTracker.cs Storage/Contracts/IStorage.cs Storage/Contracts/StorageContext.cs Storage/Sinks/ConsoleStorage.cs Storage/Sinks/WebhookStorage.cs Strategies/ConditionConfiguration.cs Strategies/ConditionEvaluator.cs Strategies/Contracts/IStrategyRouter.cs Strategies/ExtractionResult.cs Strategies/StrategyAttempt.cs Strategies/StrategyChain.cs Strategies/StrategyConfiguration.cs Strategies/StrategyContext.cs Strategies/StrategyMetrics.cs Strategies/StrategyRouter.cs /tmp/ghost-build/obj/Ghost.Sdk.Spider/Debug/net10.0/Ghost.Sdk.Spider.GlobalUsings.g.cs /tmp/ghost-build/obj/Ghost.Sdk.Spider/Debug/net10.0/Ghost.Sdk.Spider.AssemblyInfo.cs /warnaserror+:NU1605,SYSLIB0011
         Compilation request Ghost.Sdk.Spider (net10.0), PathToTool=/usr/share/dotnet/sdk/10.0.103/Roslyn/bincore/csc
         CompilerServer: tool - using command line tool by design '/usr/share/dotnet/sdk/10.0.103/Roslyn/bincore/csc' - Ghost.Sdk.Spider (net10.0)
     4>CopyFilesToOutputDirectory:
         Copying file from "/tmp/ghost-build/obj/Ghost.Contracts/Debug/net10.0/Ghost.Contracts.dll" to "/tmp/ghost-build/bin/Ghost.Contracts/Debug/net10.0/Ghost.Contracts.dll".
         Copying reference assembly from "/tmp/ghost-build/obj/Ghost.Contracts/Debug/net10.0/refint/Ghost.Contracts.dll" to "/tmp/ghost-build/obj/Ghost.Contracts/Debug/net10.0/ref/Ghost.Contracts.dll".
         Ghost.Contracts -> /tmp/ghost-build/bin/Ghost.Contracts/Debug/net10.0/Ghost.Contracts.dll
         Copying file from "/tmp/ghost-build/obj/Ghost.Contracts/Debug/net10.0/Ghost.Contracts.pdb" to "/tmp/ghost-build/bin/Ghost.Contracts/Debug/net10.0/Ghost.Contracts.pdb".
     4>Done Building Project "/home/rrj/src/github/rudironsoni/Ghost/src/Contracts/Ghost.Contracts/Ghost.Contracts.csproj" (default targets).
     3>/home/rrj/src/github/rudironsoni/Ghost/src/Contracts/Ghost.Contracts.Jobs/DTOs/JobSearchCriteria.cs(24,5): error IDE0032: Use auto property (https://learn.microsoft.com/dotnet/fundamentals/code-analysis/style-rules/ide0032) [/home/rrj/src/github/rudironsoni/Ghost/src/Contracts/Ghost.Contracts.Jobs/Ghost.Contracts.Jobs.csproj]
     3>Done Building Project "/home/rrj/src/github/rudironsoni/Ghost/src/Contracts/Ghost.Contracts.Jobs/Ghost.Contracts.Jobs.csproj" (default targets) -- FAILED.
     5>CopyFilesToOutputDirectory:
         Copying file from "/tmp/ghost-build/obj/Ghost.Contracts.Inference/Debug/net10.0/Ghost.Contracts.Inference.dll" to "/tmp/ghost-build/bin/Ghost.Contracts.Inference/Debug/net10.0/Ghost.Contracts.Inference.dll".
     2>Done Building Project "/home/rrj/src/github/rudironsoni/Ghost/src/Kernel/Ghost/Ghost.csproj" (default targets) -- FAILED.
     5>CopyFilesToOutputDirectory:
         Copying reference assembly from "/tmp/ghost-build/obj/Ghost.Contracts.Inference/Debug/net10.0/refint/Ghost.Contracts.Inference.dll" to "/tmp/ghost-build/obj/Ghost.Contracts.Inference/Debug/net10.0/ref/Ghost.Contracts.Inference.dll".
         Ghost.Contracts.Inference -> /tmp/ghost-build/bin/Ghost.Contracts.Inference/Debug/net10.0/Ghost.Contracts.Inference.dll
         Copying file from "/tmp/ghost-build/obj/Ghost.Contracts.Inference/Debug/net10.0/Ghost.Contracts.Inference.pdb" to "/tmp/ghost-build/bin/Ghost.Contracts.Inference/Debug/net10.0/Ghost.Contracts.Inference.pdb".
     5>Done Building Project "/home/rrj/src/github/rudironsoni/Ghost/src/Contracts/Ghost.Contracts.Inference/Ghost.Contracts.Inference.csproj" (default targets).
     1>Project "/home/rrj/src/github/rudironsoni/Ghost/Ghost.sln" (1) is building "/home/rrj/src/github/rudironsoni/Ghost/src/Engine/Ghost.Engine.Abstractions/Ghost.Engine.Abstractions.csproj" (21) on node 1 (default targets).
    21>_GenerateSourceLinkFile:
         Updating Source Link file '/tmp/ghost-build/obj/Ghost.Engine.Abstractions/Debug/net10.0/Ghost.Engine.Abstractions.sourcelink.json'.
     1>Project "/home/rrj/src/github/rudironsoni/Ghost/Ghost.sln" (1) is building "/home/rrj/src/github/rudironsoni/Ghost/tests/Shared/Ghost.Testing.Mocking/Ghost.Testing.Mocking.csproj" (20) on node 3 (default targets).
    20>_GenerateSourceLinkFile:
         Updating Source Link file '/tmp/ghost-build/obj/Ghost.Testing.Mocking/Debug/net10.0/Ghost.Testing.Mocking.sourcelink.json'.
    21>CoreCompile:
         Setting DOTNET_ROOT to '/usr/share/dotnet'
         /usr/share/dotnet/sdk/10.0.103/Roslyn/bincore/csc /noconfig /unsafe- /checked- /nowarn:1701,1702,1701,1702 /fullpaths /nostdlib+ /errorreport:prompt /warn:10 /define:TRACE;DEBUG;NET;NET10_0;NETCOREAPP;NET5_0_OR_GREATER;NET6_0_OR_GREATER;NET7_0_OR_GREATER;NET8_0_OR_GREATER;NET9_0_OR_GREATER;NET10_0_OR_GREATER;NETCOREAPP1_0_OR_GREATER;NETCOREAPP1_1_OR_GREATER;NETCOREAPP2_0_OR_GREATER;NETCOREAPP2_1_OR_GREATER;NETCOREAPP2_2_OR_GREATER;NETCOREAPP3_0_OR_GREATER;NETCOREAPP3_1_OR_GREATER /highentropyva+ /nullable:enable /reference:/usr/share/dotnet/packs/Microsoft.NETCore.App.Ref/10.0.3/ref/net10.0/Microsoft.CSharp.dll /reference:/usr/share/dotnet/packs/Microsoft.NETCore.App.Ref/10.0.3/ref/net10.0/Microsoft.VisualBasic.Core.dll /reference:/usr/share/dotnet/packs/Microsoft.NETCore.App.Ref/10.0.3/ref/net10.0/Microsoft.VisualBasic.dll /reference:/usr/share/dotnet/packs/Microsoft.NETCore.App.Ref/10.0.3/ref/net10.0/Microsoft.Win32.Primitives.dll /reference:/usr/share/dotnet/packs/Microsoft.NETCore.App.Ref/10.0.3/ref/net10.0/Microsoft.Win32.Registry.dll /reference:/usr/share/dotnet/packs/Microsoft.NETCore.App.Ref/10.0.3/ref/net10.0/mscorlib.dll /reference:/usr/share/dotnet/packs/Microsoft.NETCore.App.Ref/10.0.3/ref/net10.0/netstandard.dll /reference:/usr/share/dotnet/packs/Microsoft.NETCore.App.Ref/10.0.3/ref/net10.0/System.AppContext.dll /reference:/usr/share/dotnet/packs/Microsoft.NETCore.App.Ref/10.0.3/ref/net10.0/System.Buffers.dll /reference:/usr/share/dotnet/packs/Microsoft.NETCore.App.Ref/10.0.3/ref/net10.0/System.Collections.Concurrent.dll /reference:/usr/share/dotnet/packs/Microsoft.NETCore.App.Ref/10.0.3/ref/net10.0/System.Collections.dll /reference:/usr/share/dotnet/packs/Microsoft.NETCore.App.Ref/10.0.3/ref/net10.0/System.Collections.Immutable.dll /reference:/usr/share/dotnet/packs/Microsoft.NETCore.App.Ref/10.0.3/ref/net10.0/System.Collections.NonGeneric.dll /reference:/usr/share/dotnet/packs/Microsoft.NETCore.App.Ref/10.0.3/ref/net10.0/System.Collections.Specialized.dll /reference:/usr/share/dotnet/packs/Microsoft.NETCore.App.Ref/10.0.3/ref/net10.0/System.ComponentModel.Annotations.dll /reference:/usr/share/dotnet/packs/Microsoft.NETCore.App.Ref/10.0.3/ref/net10.0/System.ComponentModel.DataAnnotations.dll /reference:/usr/share/dotnet/packs/Microsoft.NETCore.App.Ref/10.0.3/ref/net10.0/System.ComponentModel.dll /reference:/usr/share/dotnet/packs/Microsoft.NETCore.App.Ref/10.0.3/ref/net10.0/System.ComponentModel.EventBasedAsync.dll /reference:/usr/share/dotnet/packs/Microsoft.NETCore.App.Ref/10.0.3/ref/net10.0/System.ComponentModel.Primitives.dll /reference:/usr/share/dotnet/packs/Microsoft.NETCore.App.Ref/10.0.3/ref/net10.0/System.ComponentModel.TypeConverter.dll /reference:/usr/share/dotnet/packs/Microsoft.NETCore.App.Ref/10.0.3/ref/net10.0/System.Configuration.dll /reference:/usr/share/dotnet/packs/Microsoft.NETCore.App.Ref/10.0.3/ref/net10.0/System.Console.dll /reference:/usr/share/dotnet/packs/Microsoft.NETCore.App.Ref/10.0.3/ref/net10.0/System.Core.dll /reference:/usr/share/dotnet/packs/Microsoft.NETCore.App.Ref/10.0.3/ref/net10.0/System.Data.Common.dll /reference:/usr/share/dotnet/packs/Microsoft.NETCore.App.Ref/10.0.3/ref/net10.0/System.Data.DataSetExtensions.dll /reference:/usr/share/dotnet/packs/Microsoft.NETCore.App.Ref/10.0.3/ref/net10.0/System.Data.dll /reference:/usr/share/dotnet/packs/Microsoft.NETCore.App.Ref/10.0.3/ref/net10.0/System.Diagnostics.Contracts.dll /reference:/usr/share/dotnet/packs/Microsoft.NETCore.App.Ref/10.0.3/ref/net10.0/System.Diagnostics.Debug.dll /reference:/usr/share/dotnet/packs/Microsoft.NETCore.App.Ref/10.0.3/ref/net10.0/System.Diagnostics.DiagnosticSource.dll /reference:/usr/share/dotnet/packs/Microsoft.NETCore.App.Ref/10.0.3/ref/net10.0/System.Diagnostics.FileVersionInfo.dll /reference:/usr/share/dotnet/packs/Microsoft.NETCore.App.Ref/10.0.3/ref/net10.0/System.Diagnostics.Process.dll /reference:/usr/share/dotnet/packs/Microsoft.NETCore.App.Ref/10.0.3/ref/net10.0/System.Diagnostics.StackTrace.dll /reference:/usr/share/dotnet/packs/Microsoft.NETCore.App.Ref/10.0.3/ref/net10.0/System.Diagnostics.TextWriterTraceListener.dll /reference:/usr/share/dotnet/packs/Microsoft.NETCore.App.Ref/10.0.3/ref/net10.0/System.Diagnostics.Tools.dll /reference:/usr/share/dotnet/packs/Microsoft.NETCore.App.Ref/10.0.3/ref/net10.0/System.Diagnostics.TraceSource.dll /reference:/usr/share/dotnet/packs/Microsoft.NETCore.App.Ref/10.0.3/ref/net10.0/System.Diagnostics.Tracing.dll /reference:/usr/share/dotnet/packs/Microsoft.NETCore.App.Ref/10.0.3/ref/net10.0/System.dll /reference:/usr/share/dotnet/packs/Microsoft.NETCore.App.Ref/10.0.3/ref/net10.0/System.Drawing.dll /reference:/usr/share/dotnet/packs/Microsoft.NETCore.App.Ref/10.0.3/ref/net10.0/System.Drawing.Primitives.dll /reference:/usr/share/dotnet/packs/Microsoft.NETCore.App.Ref/10.0.3/ref/net10.0/System.Dynamic.Runtime.dll /reference:/usr/share/dotnet/packs/Microsoft.NETCore.App.Ref/10.0.3/ref/net10.0/System.Formats.Asn1.dll /reference:/usr/share/dotnet/packs/Microsoft.NETCore.App.Ref/10.0.3/ref/net10.0/System.Formats.Tar.dll /reference:/usr/share/dotnet/packs/Microsoft.NETCore.App.Ref/10.0.3/ref/net10.0/System.Globalization.Calendars.dll /reference:/usr/share/dotnet/packs/Microsoft.NETCore.App.Ref/10.0.3/ref/net10.0/System.Globalization.dll /reference:/usr/share/dotnet/packs/Microsoft.NETCore.App.Ref/10.0.3/ref/net10.0/System.Globalization.Extensions.dll /reference:/usr/share/dotnet/packs/Microsoft.NETCore.App.Ref/10.0.3/ref/net10.0/System.IO.Compression.Brotli.dll /reference:/usr/share/dotnet/packs/Microsoft.NETCore.App.Ref/10.0.3/ref/net10.0/System.IO.Compression.dll /reference:/usr/share/dotnet/packs/Microsoft.NETCore.App.Ref/10.0.3/ref/net10.0/System.IO.Compression.FileSystem.dll /reference:/usr/share/dotnet/packs/Microsoft.NETCore.App.Ref/10.0.3/ref/net10.0/System.IO.Compression.ZipFile.dll /reference:/usr/share/dotnet/packs/Microsoft.NETCore.App.Ref/10.0.3/ref/net10.0/System.IO.dll /reference:/usr/share/dotnet/packs/Microsoft.NETCore.App.Ref/10.0.3/ref/net10.0/System.IO.FileSystem.AccessControl.dll /reference:/usr/share/dotnet/packs/Microsoft.NETCore.App.Ref/10.0.3/ref/net10.0/System.IO.FileSystem.dll /reference:/usr/share/dotnet/packs/Microsoft.NETCore.App.Ref/10.0.3/ref/net10.0/System.IO.FileSystem.DriveInfo.dll /reference:/usr/share/dotnet/packs/Microsoft.NETCore.App.Ref/10.0.3/ref/net10.0/System.IO.FileSystem.Primitives.dll /reference:/usr/share/dotnet/packs/Microsoft.NETCore.App.Ref/10.0.3/ref/net10.0/System.IO.FileSystem.Watcher.dll /reference:/usr/share/dotnet/packs/Microsoft.NETCore.App.Ref/10.0.3/ref/net10.0/System.IO.IsolatedStorage.dll /reference:/usr/share/dotnet/packs/Microsoft.NETCore.App.Ref/10.0.3/ref/net10.0/System.IO.MemoryMappedFiles.dll /reference:/usr/share/dotnet/packs/Microsoft.NETCore.App.Ref/10.0.3/ref/net10.0/System.IO.Pipelines.dll /reference:/usr/share/dotnet/packs/Microsoft.NETCore.App.Ref/10.0.3/ref/net10.0/System.IO.Pipes.AccessControl.dll /reference:/usr/share/dotnet/packs/Microsoft.NETCore.App.Ref/10.0.3/ref/net10.0/System.IO.Pipes.dll /reference:/usr/share/dotnet/packs/Microsoft.NETCore.App.Ref/10.0.3/ref/net10.0/System.IO.UnmanagedMemoryStream.dll /reference:/usr/share/dotnet/packs/Microsoft.NETCore.App.Ref/10.0.3/ref/net10.0/System.Linq.AsyncEnumerable.dll /reference:/usr/share/dotnet/packs/Microsoft.NETCore.App.Ref/10.0.3/ref/net10.0/System.Linq.dll /reference:/usr/share/dotnet/packs/Microsoft.NETCore.App.Ref/10.0.3/ref/net10.0/System.Linq.Expressions.dll /reference:/usr/share/dotnet/packs/Microsoft.NETCore.App.Ref/10.0.3/ref/net10.0/System.Linq.Parallel.dll /reference:/usr/share/dotnet/packs/Microsoft.NETCore.App.Ref/10.0.3/ref/net10.0/System.Linq.Queryable.dll /reference:/usr/share/dotnet/packs/Microsoft.NETCore.App.Ref/10.0.3/ref/net10.0/System.Memory.dll /reference:/usr/share/dotnet/packs/Microsoft.NETCore.App.Ref/10.0.3/ref/net10.0/System.Net.dll /reference:/usr/share/dotnet/packs/Microsoft.NETCore.App.Ref/10.0.3/ref/net10.0/System.Net.Http.dll /reference:/usr/share/dotnet/packs/Microsoft.NETCore.App.Ref/10.0.3/ref/net10.0/System.Net.Http.Json.dll /reference:/usr/share/dotnet/packs/Microsoft.NETCore.App.Ref/10.0.3/ref/net10.0/System.Net.HttpListener.dll /reference:/usr/share/dotnet/packs/Microsoft.NETCore.App.Ref/10.0.3/ref/net10.0/System.Net.Mail.dll /reference:/usr/share/dotnet/packs/Microsoft.NETCore.App.Ref/10.0.3/ref/net10.0/System.Net.NameResolution.dll /reference:/usr/share/dotnet/packs/Microsoft.NETCore.App.Ref/10.0.3/ref/net10.0/System.Net.NetworkInformation.dll /reference:/usr/share/dotnet/packs/Microsoft.NETCore.App.Ref/10.0.3/ref/net10.0/System.Net.Ping.dll /reference:/usr/share/dotnet/packs/Microsoft.NETCore.App.Ref/10.0.3/ref/net10.0/System.Net.Primitives.dll /reference:/usr/share/dotnet/packs/Microsoft.NETCore.App.Ref/10.0.3/ref/net10.0/System.Net.Quic.dll /reference:/usr/share/dotnet/packs/Microsoft.NETCore.App.Ref/10.0.3/ref/net10.0/System.Net.Requests.dll /reference:/usr/share/dotnet/packs/Microsoft.NETCore.App.Ref/10.0.3/ref/net10.0/System.Net.Security.dll /reference:/usr/share/dotnet/packs/Microsoft.NETCore.App.Ref/10.0.3/ref/net10.0/System.Net.ServerSentEvents.dll /reference:/usr/share/dotnet/packs/Microsoft.NETCore.App.Ref/10.0.3/ref/net10.0/System.Net.ServicePoint.dll /reference:/usr/share/dotnet/packs/Microsoft.NETCore.App.Ref/10.0.3/ref/net10.0/System.Net.Sockets.dll /reference:/usr/share/dotnet/packs/Microsoft.NETCore.App.Ref/10.0.3/ref/net10.0/System.Net.WebClient.dll /reference:/usr/share/dotnet/packs/Microsoft.NETCore.App.Ref/10.0.3/ref/net10.0/System.Net.WebHeaderCollection.dll /reference:/usr/share/dotnet/packs/Microsoft.NETCore.App.Ref/10.0.3/ref/net10.0/System.Net.WebProxy.dll /reference:/usr/share/dotnet/packs/Microsoft.NETCore.App.Ref/10.0.3/ref/net10.0/System.Net.WebSockets.Client.dll /reference:/usr/share/dotnet/packs/Microsoft.NETCore.App.Ref/10.0.3/ref/net10.0/System.Net.WebSockets.dll /reference:/usr/share/dotnet/packs/Microsoft.NETCore.App.Ref/10.0.3/ref/net10.0/System.Numerics.dll /reference:/usr/share/dotnet/packs/Microsoft.NETCore.App.Ref/10.0.3/ref/net10.0/System.Numerics.Vectors.dll /reference:/usr/share/dotnet/packs/Microsoft.NETCore.App.Ref/10.0.3/ref/net10.0/System.ObjectModel.dll /reference:/usr/share/dotnet/packs/Microsoft.NETCore.App.Ref/10.0.3/ref/net10.0/System.Reflection.DispatchProxy.dll /reference:/usr/share/dotnet/packs/Microsoft.NETCore.App.Ref/10.0.3/ref/net10.0/System.Reflection.dll /reference:/usr/share/dotnet/packs/Microsoft.NETCore.App.Ref/10.0.3/ref/net10.0/System.Reflection.Emit.dll /reference:/usr/share/dotnet/packs/Microsoft.NETCore.App.Ref/10.0.3/ref/net10.0/System.Reflection.Emit.ILGeneration.dll /reference:/usr/share/dotnet/packs/Microsoft.NETCore.App.Ref/10.0.3/ref/net10.0/System.Reflection.Emit.Lightweight.dll /reference:/usr/share/dotnet/packs/Microsoft.NETCore.App.Ref/10.0.3/ref/net10.0/System.Reflection.Extensions.dll /reference:/usr/share/dotnet/packs/Microsoft.NETCore.App.Ref/10.0.3/ref/net10.0/System.Reflection.Metadata.dll /reference:/usr/share/dotnet/packs/Microsoft.NETCore.App.Ref/10.0.3/ref/net10.0/System.Reflection.Primitives.dll /reference:/usr/share/dotnet/packs/Microsoft.NETCore.App.Ref/10.0.3/ref/net10.0/System.Reflection.TypeExtensions.dll /reference:/usr/share/dotnet/packs/Microsoft.NETCore.App.Ref/10.0.3/ref/net10.0/System.Resources.Reader.dll /reference:/usr/share/dotnet/packs/Microsoft.NETCore.App.Ref/10.0.3/ref/net10.0/System.Resources.ResourceManager.dll /reference:/usr/share/dotnet/packs/Microsoft.NETCore.App.Ref/10.0.3/ref/net10.0/System.Resources.Writer.dll /reference:/usr/share/dotnet/packs/Microsoft.NETCore.App.Ref/10.0.3/ref/net10.0/System.Runtime.CompilerServices.Unsafe.dll /reference:/usr/share/dotnet/packs/Microsoft.NETCore.App.Ref/10.0.3/ref/net10.0/System.Runtime.CompilerServices.VisualC.dll /reference:/usr/share/dotnet/packs/Microsoft.NETCore.App.Ref/10.0.3/ref/net10.0/System.Runtime.dll /reference:/usr/share/dotnet/packs/Microsoft.NETCore.App.Ref/10.0.3/ref/net10.0/System.Runtime.Extensions.dll /reference:/usr/share/dotnet/packs/Microsoft.NETCore.App.Ref/10.0.3/ref/net10.0/System.Runtime.Handles.dll /reference:/usr/share/dotnet/packs/Microsoft.NETCore.App.Ref/10.0.3/ref/net10.0/System.Runtime.InteropServices.dll /reference:/usr/share/dotnet/packs/Microsoft.NETCore.App.Ref/10.0.3/ref/net10.0/System.Runtime.InteropServices.JavaScript.dll /reference:/usr/share/dotnet/packs/Microsoft.NETCore.App.Ref/10.0.3/ref/net10.0/System.Runtime.InteropServices.RuntimeInformation.dll /reference:/usr/share/dotnet/packs/Microsoft.NETCore.App.Ref/10.0.3/ref/net10.0/System.Runtime.Intrinsics.dll /reference:/usr/share/dotnet/packs/Microsoft.NETCore.App.Ref/10.0.3/ref/net10.0/System.Runtime.Loader.dll /reference:/usr/share/dotnet/packs/Microsoft.NETCore.App.Ref/10.0.3/ref/net10.0/System.Runtime.Numerics.dll /reference:/usr/share/dotnet/packs/Microsoft.NETCore.App.Ref/10.0.3/ref/net10.0/System.Runtime.Serialization.dll /reference:/usr/share/dotnet/packs/Microsoft.NETCore.App.Ref/10.0.3/ref/net10.0/System.Runtime.Serialization.Formatters.dll /reference:/usr/share/dotnet/packs/Microsoft.NETCore.App.Ref/10.0.3/ref/net10.0/System.Runtime.Serialization.Json.dll /reference:/usr/share/dotnet/packs/Microsoft.NETCore.App.Ref/10.0.3/ref/net10.0/System.Runtime.Serialization.Primitives.dll /reference:/usr/share/dotnet/packs/Microsoft.NETCore.App.Ref/10.0.3/ref/net10.0/System.Runtime.Serialization.Xml.dll /reference:/usr/share/dotnet/packs/Microsoft.NETCore.App.Ref/10.0.3/ref/net10.0/System.Security.AccessControl.dll /reference:/usr/share/dotnet/packs/Microsoft.NETCore.App.Ref/10.0.3/ref/net10.0/System.Security.Claims.dll /reference:/usr/share/dotnet/packs/Microsoft.NETCore.App.Ref/10.0.3/ref/net10.0/System.Security.Cryptography.Algorithms.dll /reference:/usr/share/dotnet/packs/Microsoft.NETCore.App.Ref/10.0.3/ref/net10.0/System.Security.Cryptography.Cng.dll /reference:/usr/share/dotnet/packs/Microsoft.NETCore.App.Ref/10.0.3/ref/net10.0/System.Security.Cryptography.Csp.dll /reference:/usr/share/dotnet/packs/Microsoft.NETCore.App.Ref/10.0.3/ref/net10.0/System.Security.Cryptography.dll /reference:/usr/share/dotnet/packs/Microsoft.NETCore.App.Ref/10.0.3/ref/net10.0/System.Security.Cryptography.Encoding.dll /reference:/usr/share/dotnet/packs/Microsoft.NETCore.App.Ref/10.0.3/ref/net10.0/System.Security.Cryptography.OpenSsl.dll /reference:/usr/share/dotnet/packs/Microsoft.NETCore.App.Ref/10.0.3/ref/net10.0/System.Security.Cryptography.Primitives.dll /reference:/usr/share/dotnet/packs/Microsoft.NETCore.App.Ref/10.0.3/ref/net10.0/System.Security.Cryptography.X509Certificates.dll /reference:/usr/share/dotnet/packs/Microsoft.NETCore.App.Ref/10.0.3/ref/net10.0/System.Security.dll /reference:/usr/share/dotnet/packs/Microsoft.NETCore.App.Ref/10.0.3/ref/net10.0/System.Security.Principal.dll /reference:/usr/share/dotnet/packs/Microsoft.NETCore.App.Ref/10.0.3/ref/net10.0/System.Security.Principal.Windows.dll /reference:/usr/share/dotnet/packs/Microsoft.NETCore.App.Ref/10.0.3/ref/net10.0/System.Security.SecureString.dll /reference:/usr/share/dotnet/packs/Microsoft.NETCore.App.Ref/10.0.3/ref/net10.0/System.ServiceModel.Web.dll /reference:/usr/share/dotnet/packs/Microsoft.NETCore.App.Ref/10.0.3/ref/net10.0/System.ServiceProcess.dll /reference:/usr/share/dotnet/packs/Microsoft.NETCore.App.Ref/10.0.3/ref/net10.0/System.Text.Encoding.CodePages.dll /reference:/usr/share/dotnet/packs/Microsoft.NETCore.App.Ref/10.0.3/ref/net10.0/System.Text.Encoding.dll /reference:/usr/share/dotnet/packs/Microsoft.NETCore.App.Ref/10.0.3/ref/net10.0/System.Text.Encoding.Extensions.dll /reference:/usr/share/dotnet/packs/Microsoft.NETCore.App.Ref/10.0.3/ref/net10.0/System.Text.Encodings.Web.dll /reference:/usr/share/dotnet/packs/Microsoft.NETCore.App.Ref/10.0.3/ref/net10.0/System.Text.Json.dll /reference:/usr/share/dotnet/packs/Microsoft.NETCore.App.Ref/10.0.3/ref/net10.0/System.Text.RegularExpressions.dll /reference:/usr/share/dotnet/packs/Microsoft.NETCore.App.Ref/10.0.3/ref/net10.0/System.Threading.AccessControl.dll /reference:/usr/share/dotnet/packs/Microsoft.NETCore.App.Ref/10.0.3/ref/net10.0/System.Threading.Channels.dll /reference:/usr/share/dotnet/packs/Microsoft.NETCore.App.Ref/10.0.3/ref/net10.0/System.Threading.dll /reference:/usr/share/dotnet/packs/Microsoft.NETCore.App.Ref/10.0.3/ref/net10.0/System.Threading.Overlapped.dll /reference:/usr/share/dotnet/packs/Microsoft.NETCore.App.Ref/10.0.3/ref/net10.0/System.Threading.Tasks.Dataflow.dll /reference:/usr/share/dotnet/packs/Microsoft.NETCore.App.Ref/10.0.3/ref/net10.0/System.Threading.Tasks.dll /reference:/usr/share/dotnet/packs/Microsoft.NETCore.App.Ref/10.0.3/ref/net10.0/System.Threading.Tasks.Extensions.dll /reference:/usr/share/dotnet/packs/Microsoft.NETCore.App.Ref/10.0.3/ref/net10.0/System.Threading.Tasks.Parallel.dll /reference:/usr/share/dotnet/packs/Microsoft.NETCore.App.Ref/10.0.3/ref/net10.0/System.Threading.Thread.dll /reference:/usr/share/dotnet/packs/Microsoft.NETCore.App.Ref/10.0.3/ref/net10.0/System.Threading.ThreadPool.dll /reference:/usr/share/dotnet/packs/Microsoft.NETCore.App.Ref/10.0.3/ref/net10.0/System.Threading.Timer.dll /reference:/usr/share/dotnet/packs/Microsoft.NETCore.App.Ref/10.0.3/ref/net10.0/System.Transactions.dll /reference:/usr/share/dotnet/packs/Microsoft.NETCore.App.Ref/10.0.3/ref/net10.0/System.Transactions.Local.dll /reference:/usr/share/dotnet/packs/Microsoft.NETCore.App.Ref/10.0.3/ref/net10.0/System.ValueTuple.dll /reference:/usr/share/dotnet/packs/Microsoft.NETCore.App.Ref/10.0.3/ref/net10.0/System.Web.dll /reference:/usr/share/dotnet/packs/Microsoft.NETCore.App.Ref/10.0.3/ref/net10.0/System.Web.HttpUtility.dll /reference:/usr/share/dotnet/packs/Microsoft.NETCore.App.Ref/10.0.3/ref/net10.0/System.Windows.dll /reference:/usr/share/dotnet/packs/Microsoft.NETCore.App.Ref/10.0.3/ref/net10.0/System.Xml.dll /reference:/usr/share/dotnet/packs/Microsoft.NETCore.App.Ref/10.0.3/ref/net10.0/System.Xml.Linq.dll /reference:/usr/share/dotnet/packs/Microsoft.NETCore.App.Ref/10.0.3/ref/net10.0/System.Xml.ReaderWriter.dll /reference:/usr/share/dotnet/packs/Microsoft.NETCore.App.Ref/10.0.3/ref/net10.0/System.Xml.Serialization.dll /reference:/usr/share/dotnet/packs/Microsoft.NETCore.App.Ref/10.0.3/ref/net10.0/System.Xml.XDocument.dll /reference:/usr/share/dotnet/packs/Microsoft.NETCore.App.Ref/10.0.3/ref/net10.0/System.Xml.XmlDocument.dll /reference:/usr/share/dotnet/packs/Microsoft.NETCore.App.Ref/10.0.3/ref/net10.0/System.Xml.XmlSerializer.dll /reference:/usr/share/dotnet/packs/Microsoft.NETCore.App.Ref/10.0.3/ref/net10.0/System.Xml.XPath.dll /reference:/usr/share/dotnet/packs/Microsoft.NETCore.App.Ref/10.0.3/ref/net10.0/System.Xml.XPath.XDocument.dll /reference:/usr/share/dotnet/packs/Microsoft.NETCore.App.Ref/10.0.3/ref/net10.0/WindowsBase.dll /features:"InterceptorsNamespaces=;Microsoft.Extensions.Validation.Generated" /debug+ /debug:portable /filealign:512 /optimize- /out:/tmp/ghost-build/obj/Ghost.Engine.Abstractions/Debug/net10.0/Ghost.Engine.Abstractions.dll /refout:/tmp/ghost-build/obj/Ghost.Engine.Abstractions/Debug/net10.0/refint/Ghost.Engine.Abstractions.dll /target:library /warnaserror+ /utf8output /deterministic+ /sourcelink:/tmp/ghost-build/obj/Ghost.Engine.Abstractions/Debug/net10.0/Ghost.Engine.Abstractions.sourcelink.json /langversion:preview /embed:/tmp/ghost-build/obj/Ghost.Engine.Abstractions/Debug/net10.0/Ghost.Engine.Abstractions.GlobalUsings.g.cs /embed:/tmp/ghost-build/obj/Ghost.Engine.Abstractions/Debug/net10.0/Ghost.Engine.Abstractions.AssemblyInfo.cs /analyzerconfig:/home/rrj/src/github/rudironsoni/Ghost/.editorconfig /analyzerconfig:/tmp/ghost-build/obj/Ghost.Engine.Abstractions/Debug/net10.0/Ghost.Engine.Abstractions.GeneratedMSBuildEditorConfig.editorconfig /analyzerconfig:/usr/share/dotnet/sdk/10.0.103/Sdks/Microsoft.NET.Sdk/analyzers/build/config/analysislevel_10_recommended.globalconfig /analyzer:/usr/share/dotnet/sdk/10.0.103/Sdks/Microsoft.NET.Sdk/targets/../analyzers/Microsoft.CodeAnalysis.CSharp.NetAnalyzers.dll /analyzer:/usr/share/dotnet/sdk/10.0.103/Sdks/Microsoft.NET.Sdk/targets/../analyzers/Microsoft.CodeAnalysis.NetAnalyzers.dll /analyzer:/usr/share/dotnet/sdk/10.0.103/Sdks/Microsoft.NET.Sdk/targets/../codestyle/cs/Microsoft.CodeAnalysis.CodeStyle.dll /analyzer:/usr/share/dotnet/sdk/10.0.103/Sdks/Microsoft.NET.Sdk/targets/../codestyle/cs/Microsoft.CodeAnalysis.CodeStyle.Fixes.dll /analyzer:/usr/share/dotnet/sdk/10.0.103/Sdks/Microsoft.NET.Sdk/targets/../codestyle/cs/Microsoft.CodeAnalysis.CSharp.CodeStyle.dll /analyzer:/usr/share/dotnet/sdk/10.0.103/Sdks/Microsoft.NET.Sdk/targets/../codestyle/cs/Microsoft.CodeAnalysis.CSharp.CodeStyle.Fixes.dll /analyzer:/usr/share/dotnet/packs/Microsoft.NETCore.App.Ref/10.0.3/analyzers/dotnet/cs/Microsoft.Interop.ComInterfaceGenerator.dll /analyzer:/usr/share/dotnet/packs/Microsoft.NETCore.App.Ref/10.0.3/analyzers/dotnet/cs/Microsoft.Interop.JavaScript.JSImportGenerator.dll /analyzer:/usr/share/dotnet/packs/Microsoft.NETCore.App.Ref/10.0.3/analyzers/dotnet/cs/Microsoft.Interop.LibraryImportGenerator.dll /analyzer:/usr/share/dotnet/packs/Microsoft.NETCore.App.Ref/10.0.3/analyzers/dotnet/cs/Microsoft.Interop.SourceGeneration.dll /analyzer:/usr/share/dotnet/packs/Microsoft.NETCore.App.Ref/10.0.3/analyzers/dotnet/cs/System.Text.Json.SourceGeneration.dll /analyzer:/usr/share/dotnet/packs/Microsoft.NETCore.App.Ref/10.0.3/analyzers/dotnet/cs/System.Text.RegularExpressions.Generator.dll Downloader/IDownloader.cs Downloader/IDownloaderMiddleware.cs Engine/GhostEngineContext.cs Engine/IGhostEngine.cs Pipelines/IItemPipeline.cs Scheduler/IRequestScheduler.cs Settings/IGhostSettings.cs Signals/ISignalBus.cs Spider/ISpider.cs Spider/ISpiderMiddleware.cs Transport/GhostRequest.cs Transport/GhostResponse.cs Transport/ItemEnvelope.cs Transport/SpiderOutput.cs /tmp/ghost-build/obj/Ghost.Engine.Abstractions/Debug/net10.0/Ghost.Engine.Abstractions.GlobalUsings.g.cs /tmp/ghost-build/obj/Ghost.Engine.Abstractions/Debug/net10.0/Ghost.Engine.Abstractions.AssemblyInfo.cs /warnaserror+:NU1605,SYSLIB0011
         Compilation request Ghost.Engine.Abstractions (net10.0), PathToTool=/usr/share/dotnet/sdk/10.0.103/Roslyn/bincore/csc
         CompilerServer: tool - using command line tool by design '/usr/share/dotnet/sdk/10.0.103/Roslyn/bincore/csc' - Ghost.Engine.Abstractions (net10.0)
    20>CoreCompile:
         Setting DOTNET_ROOT to '/usr/share/dotnet'
         /usr/share/dotnet/sdk/10.0.103/Roslyn/bincore/csc /noconfig /unsafe- /checked- /nowarn:CA2007,CA1506,1701,1702 /fullpaths /nostdlib+ /errorreport:prompt /warn:10 /define:TRACE;DEBUG;NET;NET10_0;NETCOREAPP;NET5_0_OR_GREATER;NET6_0_OR_GREATER;NET7_0_OR_GREATER;NET8_0_OR_GREATER;NET9_0_OR_GREATER;NET10_0_OR_GREATER;NETCOREAPP1_0_OR_GREATER;NETCOREAPP1_1_OR_GREATER;NETCOREAPP2_0_OR_GREATER;NETCOREAPP2_1_OR_GREATER;NETCOREAPP2_2_OR_GREATER;NETCOREAPP3_0_OR_GREATER;NETCOREAPP3_1_OR_GREATER /highentropyva+ /nullable:enable /reference:/home/rrj/.nuget/packages/anyof/0.4.0/lib/net7.0/AnyOf.dll /reference:/home/rrj/.nuget/packages/fare/2.2.1/lib/netstandard2.0/Fare.dll /reference:/home/rrj/.nuget/packages/graphql/8.2.1/lib/net6.0/GraphQL.dll /reference:/home/rrj/.nuget/packages/graphql.newtonsoftjson/8.2.1/lib/netstandard2.0/GraphQL.NewtonsoftJson.dll /reference:/home/rrj/.nuget/packages/graphql-parser/9.5.0/lib/net6.0/GraphQLParser.dll /reference:/home/rrj/.nuget/packages/handlebars.net/2.1.6/lib/net6.0/Handlebars.dll /reference:/home/rrj/.nuget/packages/handlebars.net.helpers/2.4.6/lib/net8.0/Handlebars.Net.Helpers.dll /reference:/home/rrj/.nuget/packages/handlebars.net.helpers.core/2.4.6/lib/net8.0/HandlebarsDotNet.Helpers.Core.dll /reference:/home/rrj/.nuget/packages/handlebars.net.helpers.dynamiclinq/2.4.6/lib/net8.0/HandlebarsDotNet.Helpers.DynamicLinq.dll /reference:/home/rrj/.nuget/packages/handlebars.net.helpers.humanizer/2.4.6/lib/net8.0/HandlebarsDotNet.Helpers.Humanizer.dll /reference:/home/rrj/.nuget/packages/handlebars.net.helpers.json/2.4.6/lib/net8.0/HandlebarsDotNet.Helpers.Json.dll /reference:/home/rrj/.nuget/packages/handlebars.net.helpers.random/2.4.6/lib/net8.0/HandlebarsDotNet.Helpers.Random.dll /reference:/home/rrj/.nuget/packages/handlebars.net.helpers.xeger/2.4.6/lib/net8.0/HandlebarsDotNet.Helpers.Xeger.dll /reference:/home/rrj/.nuget/packages/handlebars.net.helpers.xpath/2.4.6/lib/net8.0/HandlebarsDotNet.Helpers.XPath.dll /reference:/home/rrj/.nuget/packages/handlebars.net.helpers.xslt/2.4.6/lib/net8.0/HandlebarsDotNet.Helpers.Xslt.dll /reference:/home/rrj/.nuget/packages/humanizer.core/2.14.1/lib/net6.0/Humanizer.dll /reference:/home/rrj/.nuget/packages/jmespath.net.parser/1.0.330/lib/netstandard1.3/JmePath.Net.Parser.dll /reference:/home/rrj/.nuget/packages/jmespath.net/1.0.330/lib/netstandard1.3/JmesPath.Net.dll /reference:/home/rrj/.nuget/packages/jmespath.net.parser/1.0.330/lib/netstandard1.3/jmespath.net.interop.dll /reference:/home/rrj/.nuget/packages/jsonconverter.abstractions/0.7.0/lib/netstandard2.1/JsonConverter.Abstractions.dll /reference:/home/rrj/.nuget/packages/metadatareferenceservice.abstractions/0.0.1/lib/net6.0/MetadataReferenceService.Abstractions.dll /reference:/home/rrj/.nuget/packages/metadatareferenceservice.default/0.0.1/lib/net8.0/MetadataReferenceService.Default.dll /reference:/usr/share/dotnet/packs/Microsoft.AspNetCore.App.Ref/10.0.3/ref/net10.0/Microsoft.AspNetCore.Antiforgery.dll /reference:/usr/share/dotnet/packs/Microsoft.AspNetCore.App.Ref/10.0.3/ref/net10.0/Microsoft.AspNetCore.Authentication.Abstractions.dll /reference:/usr/share/dotnet/packs/Microsoft.AspNetCore.App.Ref/10.0.3/ref/net10.0/Microsoft.AspNetCore.Authentication.BearerToken.dll /reference:/usr/share/dotnet/packs/Microsoft.AspNetCore.App.Ref/10.0.3/ref/net10.0/Microsoft.AspNetCore.Authentication.Cookies.dll /reference:/usr/share/dotnet/packs/Microsoft.AspNetCore.App.Ref/10.0.3/ref/net10.0/Microsoft.AspNetCore.Authentication.Core.dll /reference:/usr/share/dotnet/packs/Microsoft.AspNetCore.App.Ref/10.0.3/ref/net10.0/Microsoft.AspNetCore.Authentication.dll /reference:/usr/share/dotnet/packs/Microsoft.AspNetCore.App.Ref/10.0.3/ref/net10.0/Microsoft.AspNetCore.Authentication.OAuth.dll /reference:/usr/share/dotnet/packs/Microsoft.AspNetCore.App.Ref/10.0.3/ref/net10.0/Microsoft.AspNetCore.Authorization.dll /reference:/usr/share/dotnet/packs/Microsoft.AspNetCore.App.Ref/10.0.3/ref/net10.0/Microsoft.AspNetCore.Authorization.Policy.dll /reference:/usr/share/dotnet/packs/Microsoft.AspNetCore.App.Ref/10.0.3/ref/net10.0/Microsoft.AspNetCore.Components.Authorization.dll /reference:/usr/share/dotnet/packs/Microsoft.AspNetCore.App.Ref/10.0.3/ref/net10.0/Microsoft.AspNetCore.Components.dll /reference:/usr/share/dotnet/packs/Microsoft.AspNetCore.App.Ref/10.0.3/ref/net10.0/Microsoft.AspNetCore.Components.Endpoints.dll /reference:/usr/share/dotnet/packs/Microsoft.AspNetCore.App.Ref/10.0.3/ref/net10.0/Microsoft.AspNetCore.Components.Forms.dll /reference:/usr/share/dotnet/packs/Microsoft.AspNetCore.App.Ref/10.0.3/ref/net10.0/Microsoft.AspNetCore.Components.Server.dll /reference:/usr/share/dotnet/packs/Microsoft.AspNetCore.App.Ref/10.0.3/ref/net10.0/Microsoft.AspNetCore.Components.Web.dll /reference:/usr/share/dotnet/packs/Microsoft.AspNetCore.App.Ref/10.0.3/ref/net10.0/Microsoft.AspNetCore.Connections.Abstractions.dll /reference:/usr/share/dotnet/packs/Microsoft.AspNetCore.App.Ref/10.0.3/ref/net10.0/Microsoft.AspNetCore.CookiePolicy.dll /reference:/usr/share/dotnet/packs/Microsoft.AspNetCore.App.Ref/10.0.3/ref/net10.0/Microsoft.AspNetCore.Cors.dll /reference:/usr/share/dotnet/packs/Microsoft.AspNetCore.App.Ref/10.0.3/ref/net10.0/Microsoft.AspNetCore.Cryptography.Internal.dll /reference:/usr/share/dotnet/packs/Microsoft.AspNetCore.App.Ref/10.0.3/ref/net10.0/Microsoft.AspNetCore.Cryptography.KeyDerivation.dll /reference:/usr/share/dotnet/packs/Microsoft.AspNetCore.App.Ref/10.0.3/ref/net10.0/Microsoft.AspNetCore.DataProtection.Abstractions.dll /reference:/usr/share/dotnet/packs/Microsoft.AspNetCore.App.Ref/10.0.3/ref/net10.0/Microsoft.AspNetCore.DataProtection.dll /reference:/usr/share/dotnet/packs/Microsoft.AspNetCore.App.Ref/10.0.3/ref/net10.0/Microsoft.AspNetCore.DataProtection.Extensions.dll /reference:/usr/share/dotnet/packs/Microsoft.AspNetCore.App.Ref/10.0.3/ref/net10.0/Microsoft.AspNetCore.Diagnostics.Abstractions.dll /reference:/usr/share/dotnet/packs/Microsoft.AspNetCore.App.Ref/10.0.3/ref/net10.0/Microsoft.AspNetCore.Diagnostics.dll /reference:/usr/share/dotnet/packs/Microsoft.AspNetCore.App.Ref/10.0.3/ref/net10.0/Microsoft.AspNetCore.Diagnostics.HealthChecks.dll /reference:/usr/share/dotnet/packs/Microsoft.AspNetCore.App.Ref/10.0.3/ref/net10.0/Microsoft.AspNetCore.dll /reference:/usr/share/dotnet/packs/Microsoft.AspNetCore.App.Ref/10.0.3/ref/net10.0/Microsoft.AspNetCore.HostFiltering.dll /reference:/usr/share/dotnet/packs/Microsoft.AspNetCore.App.Ref/10.0.3/ref/net10.0/Microsoft.AspNetCore.Hosting.Abstractions.dll /reference:/usr/share/dotnet/packs/Microsoft.AspNetCore.App.Ref/10.0.3/ref/net10.0/Microsoft.AspNetCore.Hosting.dll /reference:/usr/share/dotnet/packs/Microsoft.AspNetCore.App.Ref/10.0.3/ref/net10.0/Microsoft.AspNetCore.Hosting.Server.Abstractions.dll /reference:/usr/share/dotnet/packs/Microsoft.AspNetCore.App.Ref/10.0.3/ref/net10.0/Microsoft.AspNetCore.Html.Abstractions.dll /reference:/usr/share/dotnet/packs/Microsoft.AspNetCore.App.Ref/10.0.3/ref/net10.0/Microsoft.AspNetCore.Http.Abstractions.dll /reference:/usr/share/dotnet/packs/Microsoft.AspNetCore.App.Ref/10.0.3/ref/net10.0/Microsoft.AspNetCore.Http.Connections.Common.dll /reference:/usr/share/dotnet/packs/Microsoft.AspNetCore.App.Ref/10.0.3/ref/net10.0/Microsoft.AspNetCore.Http.Connections.dll /reference:/usr/share/dotnet/packs/Microsoft.AspNetCore.App.Ref/10.0.3/ref/net10.0/Microsoft.AspNetCore.Http.dll /reference:/usr/share/dotnet/packs/Microsoft.AspNetCore.App.Ref/10.0.3/ref/net10.0/Microsoft.AspNetCore.Http.Extensions.dll /reference:/usr/share/dotnet/packs/Microsoft.AspNetCore.App.Ref/10.0.3/ref/net10.0/Microsoft.AspNetCore.Http.Features.dll /reference:/usr/share/dotnet/packs/Microsoft.AspNetCore.App.Ref/10.0.3/ref/net10.0/Microsoft.AspNetCore.Http.Results.dll /reference:/usr/share/dotnet/packs/Microsoft.AspNetCore.App.Ref/10.0.3/ref/net10.0/Microsoft.AspNetCore.HttpLogging.dll /reference:/usr/share/dotnet/packs/Microsoft.AspNetCore.App.Ref/10.0.3/ref/net10.0/Microsoft.AspNetCore.HttpOverrides.dll /reference:/usr/share/dotnet/packs/Microsoft.AspNetCore.App.Ref/10.0.3/ref/net10.0/Microsoft.AspNetCore.HttpsPolicy.dll /reference:/usr/share/dotnet/packs/Microsoft.AspNetCore.App.Ref/10.0.3/ref/net10.0/Microsoft.AspNetCore.Identity.dll /reference:/usr/share/dotnet/packs/Microsoft.AspNetCore.App.Ref/10.0.3/ref/net10.0/Microsoft.AspNetCore.Localization.dll /reference:/usr/share/dotnet/packs/Microsoft.AspNetCore.App.Ref/10.0.3/ref/net10.0/Microsoft.AspNetCore.Localization.Routing.dll /reference:/usr/share/dotnet/packs/Microsoft.AspNetCore.App.Ref/10.0.3/ref/net10.0/Microsoft.AspNetCore.Metadata.dll /reference:/usr/share/dotnet/packs/Microsoft.AspNetCore.App.Ref/10.0.3/ref/net10.0/Microsoft.AspNetCore.Mvc.Abstractions.dll /reference:/usr/share/dotnet/packs/Microsoft.AspNetCore.App.Ref/10.0.3/ref/net10.0/Microsoft.AspNetCore.Mvc.ApiExplorer.dll /reference:/usr/share/dotnet/packs/Microsoft.AspNetCore.App.Ref/10.0.3/ref/net10.0/Microsoft.AspNetCore.Mvc.Core.dll /reference:/usr/share/dotnet/packs/Microsoft.AspNetCore.App.Ref/10.0.3/ref/net10.0/Microsoft.AspNetCore.Mvc.Cors.dll /reference:/usr/share/dotnet/packs/Microsoft.AspNetCore.App.Ref/10.0.3/ref/net10.0/Microsoft.AspNetCore.Mvc.DataAnnotations.dll /reference:/usr/share/dotnet/packs/Microsoft.AspNetCore.App.Ref/10.0.3/ref/net10.0/Microsoft.AspNetCore.Mvc.dll /reference:/usr/share/dotnet/packs/Microsoft.AspNetCore.App.Ref/10.0.3/ref/net10.0/Microsoft.AspNetCore.Mvc.Formatters.Json.dll /reference:/usr/share/dotnet/packs/Microsoft.AspNetCore.App.Ref/10.0.3/ref/net10.0/Microsoft.AspNetCore.Mvc.Formatters.Xml.dll /reference:/usr/share/dotnet/packs/Microsoft.AspNetCore.App.Ref/10.0.3/ref/net10.0/Microsoft.AspNetCore.Mvc.Localization.dll /reference:/usr/share/dotnet/packs/Microsoft.AspNetCore.App.Ref/10.0.3/ref/net10.0/Microsoft.AspNetCore.Mvc.Razor.dll /reference:/usr/share/dotnet/packs/Microsoft.AspNetCore.App.Ref/10.0.3/ref/net10.0/Microsoft.AspNetCore.Mvc.RazorPages.dll /reference:/usr/share/dotnet/packs/Microsoft.AspNetCore.App.Ref/10.0.3/ref/net10.0/Microsoft.AspNetCore.Mvc.TagHelpers.dll /reference:/usr/share/dotnet/packs/Microsoft.AspNetCore.App.Ref/10.0.3/ref/net10.0/Microsoft.AspNetCore.Mvc.ViewFeatures.dll /reference:/usr/share/dotnet/packs/Microsoft.AspNetCore.App.Ref/10.0.3/ref/net10.0/Microsoft.AspNetCore.OutputCaching.dll /reference:/usr/share/dotnet/packs/Microsoft.AspNetCore.App.Ref/10.0.3/ref/net10.0/Microsoft.AspNetCore.RateLimiting.dll /reference:/usr/share/dotnet/packs/Microsoft.AspNetCore.App.Ref/10.0.3/ref/net10.0/Microsoft.AspNetCore.Razor.dll /reference:/usr/share/dotnet/packs/Microsoft.AspNetCore.App.Ref/10.0.3/ref/net10.0/Microsoft.AspNetCore.Razor.Runtime.dll /reference:/usr/share/dotnet/packs/Microsoft.AspNetCore.App.Ref/10.0.3/ref/net10.0/Microsoft.AspNetCore.RequestDecompression.dll /reference:/usr/share/dotnet/packs/Microsoft.AspNetCore.App.Ref/10.0.3/ref/net10.0/Microsoft.AspNetCore.ResponseCaching.Abstractions.dll /reference:/usr/share/dotnet/packs/Microsoft.AspNetCore.App.Ref/10.0.3/ref/net10.0/Microsoft.AspNetCore.ResponseCaching.dll /reference:/usr/share/dotnet/packs/Microsoft.AspNetCore.App.Ref/10.0.3/ref/net10.0/Microsoft.AspNetCore.ResponseCompression.dll /reference:/usr/share/dotnet/packs/Microsoft.AspNetCore.App.Ref/10.0.3/ref/net10.0/Microsoft.AspNetCore.Rewrite.dll /reference:/usr/share/dotnet/packs/Microsoft.AspNetCore.App.Ref/10.0.3/ref/net10.0/Microsoft.AspNetCore.Routing.Abstractions.dll /reference:/usr/share/dotnet/packs/Microsoft.AspNetCore.App.Ref/10.0.3/ref/net10.0/Microsoft.AspNetCore.Routing.dll /reference:/usr/share/dotnet/packs/Microsoft.AspNetCore.App.Ref/10.0.3/ref/net10.0/Microsoft.AspNetCore.Server.HttpSys.dll /reference:/usr/share/dotnet/packs/Microsoft.AspNetCore.App.Ref/10.0.3/ref/net10.0/Microsoft.AspNetCore.Server.IIS.dll /reference:/usr/share/dotnet/packs/Microsoft.AspNetCore.App.Ref/10.0.3/ref/net10.0/Microsoft.AspNetCore.Server.IISIntegration.dll /reference:/usr/share/dotnet/packs/Microsoft.AspNetCore.App.Ref/10.0.3/ref/net10.0/Microsoft.AspNetCore.Server.Kestrel.Core.dll /reference:/usr/share/dotnet/packs/Microsoft.AspNetCore.App.Ref/10.0.3/ref/net10.0/Microsoft.AspNetCore.Server.Kestrel.dll /reference:/usr/share/dotnet/packs/Microsoft.AspNetCore.App.Ref/10.0.3/ref/net10.0/Microsoft.AspNetCore.Server.Kestrel.Transport.NamedPipes.dll /reference:/usr/share/dotnet/packs/Microsoft.AspNetCore.App.Ref/10.0.3/ref/net10.0/Microsoft.AspNetCore.Server.Kestrel.Transport.Quic.dll /reference:/usr/share/dotnet/packs/Microsoft.AspNetCore.App.Ref/10.0.3/ref/net10.0/Microsoft.AspNetCore.Server.Kestrel.Transport.Sockets.dll /reference:/usr/share/dotnet/packs/Microsoft.AspNetCore.App.Ref/10.0.3/ref/net10.0/Microsoft.AspNetCore.Session.dll /reference:/usr/share/dotnet/packs/Microsoft.AspNetCore.App.Ref/10.0.3/ref/net10.0/Microsoft.AspNetCore.SignalR.Common.dll /reference:/usr/share/dotnet/packs/Microsoft.AspNetCore.App.Ref/10.0.3/ref/net10.0/Microsoft.AspNetCore.SignalR.Core.dll /reference:/usr/share/dotnet/packs/Microsoft.AspNetCore.App.Ref/10.0.3/ref/net10.0/Microsoft.AspNetCore.SignalR.dll /reference:/usr/share/dotnet/packs/Microsoft.AspNetCore.App.Ref/10.0.3/ref/net10.0/Microsoft.AspNetCore.SignalR.Protocols.Json.dll /reference:/usr/share/dotnet/packs/Microsoft.AspNetCore.App.Ref/10.0.3/ref/net10.0/Microsoft.AspNetCore.StaticAssets.dll /reference:/usr/share/dotnet/packs/Microsoft.AspNetCore.App.Ref/10.0.3/ref/net10.0/Microsoft.AspNetCore.StaticFiles.dll /reference:/usr/share/dotnet/packs/Microsoft.AspNetCore.App.Ref/10.0.3/ref/net10.0/Microsoft.AspNetCore.WebSockets.dll /reference:/usr/share/dotnet/packs/Microsoft.AspNetCore.App.Ref/10.0.3/ref/net10.0/Microsoft.AspNetCore.WebUtilities.dll /reference:/home/rrj/.nuget/packages/microsoft.codeanalysis.csharp/4.12.0/lib/net8.0/Microsoft.CodeAnalysis.CSharp.dll /reference:/home/rrj/.nuget/packages/microsoft.codeanalysis.common/4.12.0/lib/net8.0/Microsoft.CodeAnalysis.dll /reference:/usr/share/dotnet/packs/Microsoft.NETCore.App.Ref/10.0.3/ref/net10.0/Microsoft.CSharp.dll /reference:/usr/share/dotnet/packs/Microsoft.AspNetCore.App.Ref/10.0.3/ref/net10.0/Microsoft.Extensions.Caching.Abstractions.dll /reference:/usr/share/dotnet/packs/Microsoft.AspNetCore.App.Ref/10.0.3/ref/net10.0/Microsoft.Extensions.Caching.Memory.dll /reference:/usr/share/dotnet/packs/Microsoft.AspNetCore.App.Ref/10.0.3/ref/net10.0/Microsoft.Extensions.Configuration.Abstractions.dll /reference:/usr/share/dotnet/packs/Microsoft.AspNetCore.App.Ref/10.0.3/ref/net10.0/Microsoft.Extensions.Configuration.Binder.dll /reference:/usr/share/dotnet/packs/Microsoft.AspNetCore.App.Ref/10.0.3/ref/net10.0/Microsoft.Extensions.Configuration.CommandLine.dll /reference:/usr/share/dotnet/packs/Microsoft.AspNetCore.App.Ref/10.0.3/ref/net10.0/Microsoft.Extensions.Configuration.dll /reference:/usr/share/dotnet/packs/Microsoft.AspNetCore.App.Ref/10.0.3/ref/net10.0/Microsoft.Extensions.Configuration.EnvironmentVariables.dll /reference:/usr/share/dotnet/packs/Microsoft.AspNetCore.App.Ref/10.0.3/ref/net10.0/Microsoft.Extensions.Configuration.FileExtensions.dll /reference:/usr/share/dotnet/packs/Microsoft.AspNetCore.App.Ref/10.0.3/ref/net10.0/Microsoft.Extensions.Configuration.Ini.dll /reference:/usr/share/dotnet/packs/Microsoft.AspNetCore.App.Ref/10.0.3/ref/net10.0/Microsoft.Extensions.Configuration.Json.dll /reference:/usr/share/dotnet/packs/Microsoft.AspNetCore.App.Ref/10.0.3/ref/net10.0/Microsoft.Extensions.Configuration.KeyPerFile.dll /reference:/usr/share/dotnet/packs/Microsoft.AspNetCore.App.Ref/10.0.3/ref/net10.0/Microsoft.Extensions.Configuration.UserSecrets.dll /reference:/usr/share/dotnet/packs/Microsoft.AspNetCore.App.Ref/10.0.3/ref/net10.0/Microsoft.Extensions.Configuration.Xml.dll /reference:/usr/share/dotnet/packs/Microsoft.AspNetCore.App.Ref/10.0.3/ref/net10.0/Microsoft.Extensions.DependencyInjection.Abstractions.dll /reference:/usr/share/dotnet/packs/Microsoft.AspNetCore.App.Ref/10.0.3/ref/net10.0/Microsoft.Extensions.DependencyInjection.dll /reference:/usr/share/dotnet/packs/Microsoft.AspNetCore.App.Ref/10.0.3/ref/net10.0/Microsoft.Extensions.Diagnostics.Abstractions.dll /reference:/usr/share/dotnet/packs/Microsoft.AspNetCore.App.Ref/10.0.3/ref/net10.0/Microsoft.Extensions.Diagnostics.dll /reference:/usr/share/dotnet/packs/Microsoft.AspNetCore.App.Ref/10.0.3/ref/net10.0/Microsoft.Extensions.Diagnostics.HealthChecks.Abstractions.dll /reference:/usr/share/dotnet/packs/Microsoft.AspNetCore.App.Ref/10.0.3/ref/net10.0/Microsoft.Extensions.Diagnostics.HealthChecks.dll /reference:/usr/share/dotnet/packs/Microsoft.AspNetCore.App.Ref/10.0.3/ref/net10.0/Microsoft.Extensions.Features.dll /reference:/usr/share/dotnet/packs/Microsoft.AspNetCore.App.Ref/10.0.3/ref/net10.0/Microsoft.Extensions.FileProviders.Abstractions.dll /reference:/usr/share/dotnet/packs/Microsoft.AspNetCore.App.Ref/10.0.3/ref/net10.0/Microsoft.Extensions.FileProviders.Composite.dll /reference:/usr/share/dotnet/packs/Microsoft.AspNetCore.App.Ref/10.0.3/ref/net10.0/Microsoft.Extensions.FileProviders.Embedded.dll /reference:/usr/share/dotnet/packs/Microsoft.AspNetCore.App.Ref/10.0.3/ref/net10.0/Microsoft.Extensions.FileProviders.Physical.dll /reference:/usr/share/dotnet/packs/Microsoft.AspNetCore.App.Ref/10.0.3/ref/net10.0/Microsoft.Extensions.FileSystemGlobbing.dll /reference:/usr/share/dotnet/packs/Microsoft.AspNetCore.App.Ref/10.0.3/ref/net10.0/Microsoft.Extensions.Hosting.Abstractions.dll /reference:/usr/share/dotnet/packs/Microsoft.AspNetCore.App.Ref/10.0.3/ref/net10.0/Microsoft.Extensions.Hosting.dll /reference:/usr/share/dotnet/packs/Microsoft.AspNetCore.App.Ref/10.0.3/ref/net10.0/Microsoft.Extensions.Http.dll /reference:/usr/share/dotnet/packs/Microsoft.AspNetCore.App.Ref/10.0.3/ref/net10.0/Microsoft.Extensions.Identity.Core.dll /reference:/usr/share/dotnet/packs/Microsoft.AspNetCore.App.Ref/10.0.3/ref/net10.0/Microsoft.Extensions.Identity.Stores.dll /reference:/usr/share/dotnet/packs/Microsoft.AspNetCore.App.Ref/10.0.3/ref/net10.0/Microsoft.Extensions.Localization.Abstractions.dll /reference:/usr/share/dotnet/packs/Microsoft.AspNetCore.App.Ref/10.0.3/ref/net10.0/Microsoft.Extensions.Localization.dll /reference:/usr/share/dotnet/packs/Microsoft.AspNetCore.App.Ref/10.0.3/ref/net10.0/Microsoft.Extensions.Logging.Abstractions.dll /reference:/usr/share/dotnet/packs/Microsoft.AspNetCore.App.Ref/10.0.3/ref/net10.0/Microsoft.Extensions.Logging.Configuration.dll /reference:/usr/share/dotnet/packs/Microsoft.AspNetCore.App.Ref/10.0.3/ref/net10.0/Microsoft.Extensions.Logging.Console.dll /reference:/usr/share/dotnet/packs/Microsoft.AspNetCore.App.Ref/10.0.3/ref/net10.0/Microsoft.Extensions.Logging.Debug.dll /reference:/usr/share/dotnet/packs/Microsoft.AspNetCore.App.Ref/10.0.3/ref/net10.0/Microsoft.Extensions.Logging.dll /reference:/usr/share/dotnet/packs/Microsoft.AspNetCore.App.Ref/10.0.3/ref/net10.0/Microsoft.Extensions.Logging.EventLog.dll /reference:/usr/share/dotnet/packs/Microsoft.AspNetCore.App.Ref/10.0.3/ref/net10.0/Microsoft.Extensions.Logging.EventSource.dll /reference:/usr/share/dotnet/packs/Microsoft.AspNetCore.App.Ref/10.0.3/ref/net10.0/Microsoft.Extensions.Logging.TraceSource.dll /reference:/usr/share/dotnet/packs/Microsoft.AspNetCore.App.Ref/10.0.3/ref/net10.0/Microsoft.Extensions.ObjectPool.dll /reference:/usr/share/dotnet/packs/Microsoft.AspNetCore.App.Ref/10.0.3/ref/net10.0/Microsoft.Extensions.Options.ConfigurationExtensions.dll /reference:/usr/share/dotnet/packs/Microsoft.AspNetCore.App.Ref/10.0.3/ref/net10.0/Microsoft.Extensions.Options.DataAnnotations.dll /reference:/usr/share/dotnet/packs/Microsoft.AspNetCore.App.Ref/10.0.3/ref/net10.0/Microsoft.Extensions.Options.dll /reference:/usr/share/dotnet/packs/Microsoft.AspNetCore.App.Ref/10.0.3/ref/net10.0/Microsoft.Extensions.Primitives.dll /reference:/usr/share/dotnet/packs/Microsoft.AspNetCore.App.Ref/10.0.3/ref/net10.0/Microsoft.Extensions.Validation.dll /reference:/usr/share/dotnet/packs/Microsoft.AspNetCore.App.Ref/10.0.3/ref/net10.0/Microsoft.Extensions.WebEncoders.dll /reference:/home/rrj/.nuget/packages/microsoft.identitymodel.abstractions/6.34.0/lib/net6.0/Microsoft.IdentityModel.Abstractions.dll /reference:/home/rrj/.nuget/packages/microsoft.identitymodel.jsonwebtokens/6.34.0/lib/net6.0/Microsoft.IdentityModel.JsonWebTokens.dll /reference:/home/rrj/.nuget/packages/microsoft.identitymodel.logging/6.34.0/lib/net6.0/Microsoft.IdentityModel.Logging.dll /reference:/home/rrj/.nuget/packages/microsoft.identitymodel.protocols/6.34.0/lib/net6.0/Microsoft.IdentityModel.Protocols.dll /reference:/home/rrj/.nuget/packages/microsoft.identitymodel.protocols.openidconnect/6.34.0/lib/net6.0/Microsoft.IdentityModel.Protocols.OpenIdConnect.dll /reference:/home/rrj/.nuget/packages/microsoft.identitymodel.tokens/6.34.0/lib/net6.0/Microsoft.IdentityModel.Tokens.dll /reference:/usr/share/dotnet/packs/Microsoft.AspNetCore.App.Ref/10.0.3/ref/net10.0/Microsoft.JSInterop.dll /reference:/usr/share/dotnet/packs/Microsoft.AspNetCore.App.Ref/10.0.3/ref/net10.0/Microsoft.Net.Http.Headers.dll /reference:/home/rrj/.nuget/packages/microsoft.openapi/1.2.3/lib/netstandard2.0/Microsoft.OpenApi.dll /reference:/home/rrj/.nuget/packages/microsoft.openapi.readers/1.2.3/lib/netstandard2.0/Microsoft.OpenApi.Readers.dll /reference:/usr/share/dotnet/packs/Microsoft.NETCore.App.Ref/10.0.3/ref/net10.0/Microsoft.VisualBasic.Core.dll /reference:/usr/share/dotnet/packs/Microsoft.NETCore.App.Ref/10.0.3/ref/net10.0/Microsoft.VisualBasic.dll /reference:/usr/share/dotnet/packs/Microsoft.NETCore.App.Ref/10.0.3/ref/net10.0/Microsoft.Win32.Primitives.dll /reference:/usr/share/dotnet/packs/Microsoft.NETCore.App.Ref/10.0.3/ref/net10.0/Microsoft.Win32.Registry.dll /reference:/home/rrj/.nuget/packages/mimekitlite/4.1.0.1/lib/net6.0/MimeKitLite.dll /reference:/usr/share/dotnet/packs/Microsoft.NETCore.App.Ref/10.0.3/ref/net10.0/mscorlib.dll /reference:/home/rrj/.nuget/packages/namotion.reflection/2.0.10/lib/netstandard2.0/Namotion.Reflection.dll /reference:/usr/share/dotnet/packs/Microsoft.NETCore.App.Ref/10.0.3/ref/net10.0/netstandard.dll /reference:/home/rrj/.nuget/packages/newtonsoft.json/13.0.4/lib/net6.0/Newtonsoft.Json.dll /reference:/home/rrj/.nuget/packages/njsonschema/10.7.2/lib/netstandard2.0/NJsonSchema.dll /reference:/home/rrj/.nuget/packages/njsonschema.extensions/0.1.0/lib/netstandard2.0/NJsonSchema.Extensions.dll /reference:/home/rrj/.nuget/packages/nswag.core/13.16.1/lib/netstandard2.0/NSwag.Core.dll /reference:/home/rrj/.nuget/packages/protobuf-net.core/3.2.30/lib/net6.0/protobuf-net.Core.dll /reference:/home/rrj/.nuget/packages/protobuf-net/3.2.30/lib/net6.0/protobuf-net.dll /reference:/home/rrj/.nuget/packages/protobuf-net.reflection/3.2.12/lib/netstandard2.0/protobuf-net.Reflection.dll /reference:/home/rrj/.nuget/packages/protobufjsonconverter/0.5.0/lib/net8.0/ProtoBufJsonConverter.dll /reference:/home/rrj/.nuget/packages/ramltoopenapiconverter/0.6.1/lib/netstandard2.0/RamlToOpenApiConverter.dll /reference:/home/rrj/.nuget/packages/randomdatagenerator.net/1.0.18/lib/netstandard2.1/RandomDataGenerator.dll /reference:/home/rrj/.nuget/packages/scriban.signed/5.5.0/lib/net6.0/Scriban.Signed.dll /reference:/home/rrj/.nuget/packages/sharpyaml/1.6.5/lib/netstandard2.0/SharpYaml.dll /reference:/home/rrj/.nuget/packages/simmetrics.net/1.0.5/lib/netstandard2.0/SimMetrics.Net.dll /reference:/home/rrj/.nuget/packages/springcomp.gplex.runtime/1.2.4/lib/netstandard1.2/Springcomp.GPLEX.Runtime.dll /reference:/home/rrj/.nuget/packages/springcomp.gppg.runtime/1.2.4/lib/netstandard1.3/Springcomp.GPPG.Runtime.dll /reference:/home/rrj/.nuget/packages/stef.validation/0.1.1/lib/net6.0/Stef.Validation.dll /reference:/usr/share/dotnet/packs/Microsoft.NETCore.App.Ref/10.0.3/ref/net10.0/System.AppContext.dll /reference:/usr/share/dotnet/packs/Microsoft.NETCore.App.Ref/10.0.3/ref/net10.0/System.Buffers.dll /reference:/usr/share/dotnet/packs/Microsoft.NETCore.App.Ref/10.0.3/ref/net10.0/System.Collections.Concurrent.dll /reference:/usr/share/dotnet/packs/Microsoft.NETCore.App.Ref/10.0.3/ref/net10.0/System.Collections.dll /reference:/usr/share/dotnet/packs/Microsoft.NETCore.App.Ref/10.0.3/ref/net10.0/System.Collections.Immutable.dll /reference:/usr/share/dotnet/packs/Microsoft.NETCore.App.Ref/10.0.3/ref/net10.0/System.Collections.NonGeneric.dll /reference:/usr/share/dotnet/packs/Microsoft.NETCore.App.Ref/10.0.3/ref/net10.0/System.Collections.Specialized.dll /reference:/usr/share/dotnet/packs/Microsoft.NETCore.App.Ref/10.0.3/ref/net10.0/System.ComponentModel.Annotations.dll /reference:/usr/share/dotnet/packs/Microsoft.NETCore.App.Ref/10.0.3/ref/net10.0/System.ComponentModel.DataAnnotations.dll /reference:/usr/share/dotnet/packs/Microsoft.NETCore.App.Ref/10.0.3/ref/net10.0/System.ComponentModel.dll /reference:/usr/share/dotnet/packs/Microsoft.NETCore.App.Ref/10.0.3/ref/net10.0/System.ComponentModel.EventBasedAsync.dll /reference:/usr/share/dotnet/packs/Microsoft.NETCore.App.Ref/10.0.3/ref/net10.0/System.ComponentModel.Primitives.dll /reference:/usr/share/dotnet/packs/Microsoft.NETCore.App.Ref/10.0.3/ref/net10.0/System.ComponentModel.TypeConverter.dll /reference:/usr/share/dotnet/packs/Microsoft.NETCore.App.Ref/10.0.3/ref/net10.0/System.Configuration.dll /reference:/usr/share/dotnet/packs/Microsoft.NETCore.App.Ref/10.0.3/ref/net10.0/System.Console.dll /reference:/usr/share/dotnet/packs/Microsoft.NETCore.App.Ref/10.0.3/ref/net10.0/System.Core.dll /reference:/usr/share/dotnet/packs/Microsoft.NETCore.App.Ref/10.0.3/ref/net10.0/System.Data.Common.dll /reference:/usr/share/dotnet/packs/Microsoft.NETCore.App.Ref/10.0.3/ref/net10.0/System.Data.DataSetExtensions.dll /reference:/usr/share/dotnet/packs/Microsoft.NETCore.App.Ref/10.0.3/ref/net10.0/System.Data.dll /reference:/usr/share/dotnet/packs/Microsoft.NETCore.App.Ref/10.0.3/ref/net10.0/System.Diagnostics.Contracts.dll /reference:/usr/share/dotnet/packs/Microsoft.NETCore.App.Ref/10.0.3/ref/net10.0/System.Diagnostics.Debug.dll /reference:/usr/share/dotnet/packs/Microsoft.NETCore.App.Ref/10.0.3/ref/net10.0/System.Diagnostics.DiagnosticSource.dll /reference:/usr/share/dotnet/packs/Microsoft.AspNetCore.App.Ref/10.0.3/ref/net10.0/System.Diagnostics.EventLog.dll /reference:/usr/share/dotnet/packs/Microsoft.NETCore.App.Ref/10.0.3/ref/net10.0/System.Diagnostics.FileVersionInfo.dll /reference:/usr/share/dotnet/packs/Microsoft.NETCore.App.Ref/10.0.3/ref/net10.0/System.Diagnostics.Process.dll /reference:/usr/share/dotnet/packs/Microsoft.NETCore.App.Ref/10.0.3/ref/net10.0/System.Diagnostics.StackTrace.dll /reference:/usr/share/dotnet/packs/Microsoft.NETCore.App.Ref/10.0.3/ref/net10.0/System.Diagnostics.TextWriterTraceListener.dll /reference:/usr/share/dotnet/packs/Microsoft.NETCore.App.Ref/10.0.3/ref/net10.0/System.Diagnostics.Tools.dll /reference:/usr/share/dotnet/packs/Microsoft.NETCore.App.Ref/10.0.3/ref/net10.0/System.Diagnostics.TraceSource.dll /reference:/usr/share/dotnet/packs/Microsoft.NETCore.App.Ref/10.0.3/ref/net10.0/System.Diagnostics.Tracing.dll /reference:/usr/share/dotnet/packs/Microsoft.NETCore.App.Ref/10.0.3/ref/net10.0/System.dll /reference:/usr/share/dotnet/packs/Microsoft.NETCore.App.Ref/10.0.3/ref/net10.0/System.Drawing.dll /reference:/usr/share/dotnet/packs/Microsoft.NETCore.App.Ref/10.0.3/ref/net10.0/System.Drawing.Primitives.dll /reference:/usr/share/dotnet/packs/Microsoft.NETCore.App.Ref/10.0.3/ref/net10.0/System.Dynamic.Runtime.dll /reference:/usr/share/dotnet/packs/Microsoft.NETCore.App.Ref/10.0.3/ref/net10.0/System.Formats.Asn1.dll /reference:/usr/share/dotnet/packs/Microsoft.AspNetCore.App.Ref/10.0.3/ref/net10.0/System.Formats.Cbor.dll /reference:/usr/share/dotnet/packs/Microsoft.NETCore.App.Ref/10.0.3/ref/net10.0/System.Formats.Tar.dll /reference:/usr/share/dotnet/packs/Microsoft.NETCore.App.Ref/10.0.3/ref/net10.0/System.Globalization.Calendars.dll /reference:/usr/share/dotnet/packs/Microsoft.NETCore.App.Ref/10.0.3/ref/net10.0/System.Globalization.dll /reference:/usr/share/dotnet/packs/Microsoft.NETCore.App.Ref/10.0.3/ref/net10.0/System.Globalization.Extensions.dll /reference:/home/rrj/.nuget/packages/system.identitymodel.tokens.jwt/6.34.0/lib/net6.0/System.IdentityModel.Tokens.Jwt.dll /reference:/usr/share/dotnet/packs/Microsoft.NETCore.App.Ref/10.0.3/ref/net10.0/System.IO.Compression.Brotli.dll /reference:/usr/share/dotnet/packs/Microsoft.NETCore.App.Ref/10.0.3/ref/net10.0/System.IO.Compression.dll /reference:/usr/share/dotnet/packs/Microsoft.NETCore.App.Ref/10.0.3/ref/net10.0/System.IO.Compression.FileSystem.dll /reference:/usr/share/dotnet/packs/Microsoft.NETCore.App.Ref/10.0.3/ref/net10.0/System.IO.Compression.ZipFile.dll /reference:/usr/share/dotnet/packs/Microsoft.NETCore.App.Ref/10.0.3/ref/net10.0/System.IO.dll /reference:/usr/share/dotnet/packs/Microsoft.NETCore.App.Ref/10.0.3/ref/net10.0/System.IO.FileSystem.AccessControl.dll /reference:/usr/share/dotnet/packs/Microsoft.NETCore.App.Ref/10.0.3/ref/net10.0/System.IO.FileSystem.dll /reference:/usr/share/dotnet/packs/Microsoft.NETCore.App.Ref/10.0.3/ref/net10.0/System.IO.FileSystem.DriveInfo.dll /reference:/usr/share/dotnet/packs/Microsoft.NETCore.App.Ref/10.0.3/ref/net10.0/System.IO.FileSystem.Primitives.dll /reference:/usr/share/dotnet/packs/Microsoft.NETCore.App.Ref/10.0.3/ref/net10.0/System.IO.FileSystem.Watcher.dll /reference:/usr/share/dotnet/packs/Microsoft.NETCore.App.Ref/10.0.3/ref/net10.0/System.IO.IsolatedStorage.dll /reference:/usr/share/dotnet/packs/Microsoft.NETCore.App.Ref/10.0.3/ref/net10.0/System.IO.MemoryMappedFiles.dll /reference:/usr/share/dotnet/packs/Microsoft.NETCore.App.Ref/10.0.3/ref/net10.0/System.IO.Pipelines.dll /reference:/usr/share/dotnet/packs/Microsoft.NETCore.App.Ref/10.0.3/ref/net10.0/System.IO.Pipes.AccessControl.dll /reference:/usr/share/dotnet/packs/Microsoft.NETCore.App.Ref/10.0.3/ref/net10.0/System.IO.Pipes.dll /reference:/usr/share/dotnet/packs/Microsoft.NETCore.App.Ref/10.0.3/ref/net10.0/System.IO.UnmanagedMemoryStream.dll /reference:/usr/share/dotnet/packs/Microsoft.NETCore.App.Ref/10.0.3/ref/net10.0/System.Linq.AsyncEnumerable.dll /reference:/usr/share/dotnet/packs/Microsoft.NETCore.App.Ref/10.0.3/ref/net10.0/System.Linq.dll /reference:/home/rrj/.nuget/packages/system.linq.dynamic.core/1.6.0/lib/net9.0/System.Linq.Dynamic.Core.dll /reference:/usr/share/dotnet/packs/Microsoft.NETCore.App.Ref/10.0.3/ref/net10.0/System.Linq.Expressions.dll /reference:/usr/share/dotnet/packs/Microsoft.NETCore.App.Ref/10.0.3/ref/net10.0/System.Linq.Parallel.dll /reference:/usr/share/dotnet/packs/Microsoft.NETCore.App.Ref/10.0.3/ref/net10.0/System.Linq.Queryable.dll /reference:/usr/share/dotnet/packs/Microsoft.NETCore.App.Ref/10.0.3/ref/net10.0/System.Memory.dll /reference:/usr/share/dotnet/packs/Microsoft.NETCore.App.Ref/10.0.3/ref/net10.0/System.Net.dll /reference:/usr/share/dotnet/packs/Microsoft.NETCore.App.Ref/10.0.3/ref/net10.0/System.Net.Http.dll /reference:/usr/share/dotnet/packs/Microsoft.NETCore.App.Ref/10.0.3/ref/net10.0/System.Net.Http.Json.dll /reference:/usr/share/dotnet/packs/Microsoft.NETCore.App.Ref/10.0.3/ref/net10.0/System.Net.HttpListener.dll /reference:/usr/share/dotnet/packs/Microsoft.NETCore.App.Ref/10.0.3/ref/net10.0/System.Net.Mail.dll /reference:/usr/share/dotnet/packs/Microsoft.NETCore.App.Ref/10.0.3/ref/net10.0/System.Net.NameResolution.dll /reference:/usr/share/dotnet/packs/Microsoft.NETCore.App.Ref/10.0.3/ref/net10.0/System.Net.NetworkInformation.dll /reference:/usr/share/dotnet/packs/Microsoft.NETCore.App.Ref/10.0.3/ref/net10.0/System.Net.Ping.dll /reference:/usr/share/dotnet/packs/Microsoft.NETCore.App.Ref/10.0.3/ref/net10.0/System.Net.Primitives.dll /reference:/usr/share/dotnet/packs/Microsoft.NETCore.App.Ref/10.0.3/ref/net10.0/System.Net.Quic.dll /reference:/usr/share/dotnet/packs/Microsoft.NETCore.App.Ref/10.0.3/ref/net10.0/System.Net.Requests.dll /reference:/usr/share/dotnet/packs/Microsoft.NETCore.App.Ref/10.0.3/ref/net10.0/System.Net.Security.dll /reference:/usr/share/dotnet/packs/Microsoft.NETCore.App.Ref/10.0.3/ref/net10.0/System.Net.ServerSentEvents.dll /reference:/usr/share/dotnet/packs/Microsoft.NETCore.App.Ref/10.0.3/ref/net10.0/System.Net.ServicePoint.dll /reference:/usr/share/dotnet/packs/Microsoft.NETCore.App.Ref/10.0.3/ref/net10.0/System.Net.Sockets.dll /reference:/usr/share/dotnet/packs/Microsoft.NETCore.App.Ref/10.0.3/ref/net10.0/System.Net.WebClient.dll /reference:/usr/share/dotnet/packs/Microsoft.NETCore.App.Ref/10.0.3/ref/net10.0/System.Net.WebHeaderCollection.dll /reference:/usr/share/dotnet/packs/Microsoft.NETCore.App.Ref/10.0.3/ref/net10.0/System.Net.WebProxy.dll /reference:/usr/share/dotnet/packs/Microsoft.NETCore.App.Ref/10.0.3/ref/net10.0/System.Net.WebSockets.Client.dll /reference:/usr/share/dotnet/packs/Microsoft.NETCore.App.Ref/10.0.3/ref/net10.0/System.Net.WebSockets.dll /reference:/usr/share/dotnet/packs/Microsoft.NETCore.App.Ref/10.0.3/ref/net10.0/System.Numerics.dll /reference:/usr/share/dotnet/packs/Microsoft.NETCore.App.Ref/10.0.3/ref/net10.0/System.Numerics.Vectors.dll /reference:/usr/share/dotnet/packs/Microsoft.NETCore.App.Ref/10.0.3/ref/net10.0/System.ObjectModel.dll /reference:/usr/share/dotnet/packs/Microsoft.NETCore.App.Ref/10.0.3/ref/net10.0/System.Reflection.DispatchProxy.dll /reference:/usr/share/dotnet/packs/Microsoft.NETCore.App.Ref/10.0.3/ref/net10.0/System.Reflection.dll /reference:/usr/share/dotnet/packs/Microsoft.NETCore.App.Ref/10.0.3/ref/net10.0/System.Reflection.Emit.dll /reference:/usr/share/dotnet/packs/Microsoft.NETCore.App.Ref/10.0.3/ref/net10.0/System.Reflection.Emit.ILGeneration.dll /reference:/usr/share/dotnet/packs/Microsoft.NETCore.App.Ref/10.0.3/ref/net10.0/System.Reflection.Emit.Lightweight.dll /reference:/usr/share/dotnet/packs/Microsoft.NETCore.App.Ref/10.0.3/ref/net10.0/System.Reflection.Extensions.dll /reference:/usr/share/dotnet/packs/Microsoft.NETCore.App.Ref/10.0.3/ref/net10.0/System.Reflection.Metadata.dll /reference:/usr/share/dotnet/packs/Microsoft.NETCore.App.Ref/10.0.3/ref/net10.0/System.Reflection.Primitives.dll /reference:/usr/share/dotnet/packs/Microsoft.NETCore.App.Ref/10.0.3/ref/net10.0/System.Reflection.TypeExtensions.dll /reference:/usr/share/dotnet/packs/Microsoft.NETCore.App.Ref/10.0.3/ref/net10.0/System.Resources.Reader.dll /reference:/usr/share/dotnet/packs/Microsoft.NETCore.App.Ref/10.0.3/ref/net10.0/System.Resources.ResourceManager.dll /reference:/usr/share/dotnet/packs/Microsoft.NETCore.App.Ref/10.0.3/ref/net10.0/System.Resources.Writer.dll /reference:/usr/share/dotnet/packs/Microsoft.NETCore.App.Ref/10.0.3/ref/net10.0/System.Runtime.CompilerServices.Unsafe.dll /reference:/usr/share/dotnet/packs/Microsoft.NETCore.App.Ref/10.0.3/ref/net10.0/System.Runtime.CompilerServices.VisualC.dll /reference:/usr/share/dotnet/packs/Microsoft.NETCore.App.Ref/10.0.3/ref/net10.0/System.Runtime.dll /reference:/usr/share/dotnet/packs/Microsoft.NETCore.App.Ref/10.0.3/ref/net10.0/System.Runtime.Extensions.dll /reference:/usr/share/dotnet/packs/Microsoft.NETCore.App.Ref/10.0.3/ref/net10.0/System.Runtime.Handles.dll /reference:/usr/share/dotnet/packs/Microsoft.NETCore.App.Ref/10.0.3/ref/net10.0/System.Runtime.InteropServices.dll /reference:/usr/share/dotnet/packs/Microsoft.NETCore.App.Ref/10.0.3/ref/net10.0/System.Runtime.InteropServices.JavaScript.dll /reference:/usr/share/dotnet/packs/Microsoft.NETCore.App.Ref/10.0.3/ref/net10.0/System.Runtime.InteropServices.RuntimeInformation.dll /reference:/usr/share/dotnet/packs/Microsoft.NETCore.App.Ref/10.0.3/ref/net10.0/System.Runtime.Intrinsics.dll /reference:/usr/share/dotnet/packs/Microsoft.NETCore.App.Ref/10.0.3/ref/net10.0/System.Runtime.Loader.dll /reference:/usr/share/dotnet/packs/Microsoft.NETCore.App.Ref/10.0.3/ref/net10.0/System.Runtime.Numerics.dll /reference:/usr/share/dotnet/packs/Microsoft.NETCore.App.Ref/10.0.3/ref/net10.0/System.Runtime.Serialization.dll /reference:/usr/share/dotnet/packs/Microsoft.NETCore.App.Ref/10.0.3/ref/net10.0/System.Runtime.Serialization.Formatters.dll /reference:/usr/share/dotnet/packs/Microsoft.NETCore.App.Ref/10.0.3/ref/net10.0/System.Runtime.Serialization.Json.dll /reference:/usr/share/dotnet/packs/Microsoft.NETCore.App.Ref/10.0.3/ref/net10.0/System.Runtime.Serialization.Primitives.dll /reference:/usr/share/dotnet/packs/Microsoft.NETCore.App.Ref/10.0.3/ref/net10.0/System.Runtime.Serialization.Xml.dll /reference:/usr/share/dotnet/packs/Microsoft.NETCore.App.Ref/10.0.3/ref/net10.0/System.Security.AccessControl.dll /reference:/usr/share/dotnet/packs/Microsoft.NETCore.App.Ref/10.0.3/ref/net10.0/System.Security.Claims.dll /reference:/usr/share/dotnet/packs/Microsoft.NETCore.App.Ref/10.0.3/ref/net10.0/System.Security.Cryptography.Algorithms.dll /reference:/usr/share/dotnet/packs/Microsoft.NETCore.App.Ref/10.0.3/ref/net10.0/System.Security.Cryptography.Cng.dll /reference:/usr/share/dotnet/packs/Microsoft.NETCore.App.Ref/10.0.3/ref/net10.0/System.Security.Cryptography.Csp.dll /reference:/usr/share/dotnet/packs/Microsoft.NETCore.App.Ref/10.0.3/ref/net10.0/System.Security.Cryptography.dll /reference:/usr/share/dotnet/packs/Microsoft.NETCore.App.Ref/10.0.3/ref/net10.0/System.Security.Cryptography.Encoding.dll /reference:/usr/share/dotnet/packs/Microsoft.NETCore.App.Ref/10.0.3/ref/net10.0/System.Security.Cryptography.OpenSsl.dll /reference:/usr/share/dotnet/packs/Microsoft.NETCore.App.Ref/10.0.3/ref/net10.0/System.Security.Cryptography.Primitives.dll /reference:/usr/share/dotnet/packs/Microsoft.NETCore.App.Ref/10.0.3/ref/net10.0/System.Security.Cryptography.X509Certificates.dll /reference:/usr/share/dotnet/packs/Microsoft.AspNetCore.App.Ref/10.0.3/ref/net10.0/System.Security.Cryptography.Xml.dll /reference:/usr/share/dotnet/packs/Microsoft.NETCore.App.Ref/10.0.3/ref/net10.0/System.Security.dll /reference:/usr/share/dotnet/packs/Microsoft.NETCore.App.Ref/10.0.3/ref/net10.0/System.Security.Principal.dll /reference:/usr/share/dotnet/packs/Microsoft.NETCore.App.Ref/10.0.3/ref/net10.0/System.Security.Principal.Windows.dll /reference:/usr/share/dotnet/packs/Microsoft.NETCore.App.Ref/10.0.3/ref/net10.0/System.Security.SecureString.dll /reference:/usr/share/dotnet/packs/Microsoft.NETCore.App.Ref/10.0.3/ref/net10.0/System.ServiceModel.Web.dll /reference:/usr/share/dotnet/packs/Microsoft.NETCore.App.Ref/10.0.3/ref/net10.0/System.ServiceProcess.dll /reference:/usr/share/dotnet/packs/Microsoft.NETCore.App.Ref/10.0.3/ref/net10.0/System.Text.Encoding.CodePages.dll /reference:/usr/share/dotnet/packs/Microsoft.NETCore.App.Ref/10.0.3/ref/net10.0/System.Text.Encoding.dll /reference:/usr/share/dotnet/packs/Microsoft.NETCore.App.Ref/10.0.3/ref/net10.0/System.Text.Encoding.Extensions.dll /reference:/usr/share/dotnet/packs/Microsoft.NETCore.App.Ref/10.0.3/ref/net10.0/System.Text.Encodings.Web.dll /reference:/usr/share/dotnet/packs/Microsoft.NETCore.App.Ref/10.0.3/ref/net10.0/System.Text.Json.dll /reference:/usr/share/dotnet/packs/Microsoft.NETCore.App.Ref/10.0.3/ref/net10.0/System.Text.RegularExpressions.dll /reference:/usr/share/dotnet/packs/Microsoft.NETCore.App.Ref/10.0.3/ref/net10.0/System.Threading.AccessControl.dll /reference:/usr/share/dotnet/packs/Microsoft.NETCore.App.Ref/10.0.3/ref/net10.0/System.Threading.Channels.dll /reference:/usr/share/dotnet/packs/Microsoft.NETCore.App.Ref/10.0.3/ref/net10.0/System.Threading.dll /reference:/usr/share/dotnet/packs/Microsoft.NETCore.App.Ref/10.0.3/ref/net10.0/System.Threading.Overlapped.dll /reference:/usr/share/dotnet/packs/Microsoft.AspNetCore.App.Ref/10.0.3/ref/net10.0/System.Threading.RateLimiting.dll /reference:/usr/share/dotnet/packs/Microsoft.NETCore.App.Ref/10.0.3/ref/net10.0/System.Threading.Tasks.Dataflow.dll /reference:/usr/share/dotnet/packs/Microsoft.NETCore.App.Ref/10.0.3/ref/net10.0/System.Threading.Tasks.dll /reference:/usr/share/dotnet/packs/Microsoft.NETCore.App.Ref/10.0.3/ref/net10.0/System.Threading.Tasks.Extensions.dll /reference:/usr/share/dotnet/packs/Microsoft.NETCore.App.Ref/10.0.3/ref/net10.0/System.Threading.Tasks.Parallel.dll /reference:/usr/share/dotnet/packs/Microsoft.NETCore.App.Ref/10.0.3/ref/net10.0/System.Threading.Thread.dll /reference:/usr/share/dotnet/packs/Microsoft.NETCore.App.Ref/10.0.3/ref/net10.0/System.Threading.ThreadPool.dll /reference:/usr/share/dotnet/packs/Microsoft.NETCore.App.Ref/10.0.3/ref/net10.0/System.Threading.Timer.dll /reference:/usr/share/dotnet/packs/Microsoft.NETCore.App.Ref/10.0.3/ref/net10.0/System.Transactions.dll /reference:/usr/share/dotnet/packs/Microsoft.NETCore.App.Ref/10.0.3/ref/net10.0/System.Transactions.Local.dll /reference:/usr/share/dotnet/packs/Microsoft.NETCore.App.Ref/10.0.3/ref/net10.0/System.ValueTuple.dll /reference:/usr/share/dotnet/packs/Microsoft.NETCore.App.Ref/10.0.3/ref/net10.0/System.Web.dll /reference:/usr/share/dotnet/packs/Microsoft.NETCore.App.Ref/10.0.3/ref/net10.0/System.Web.HttpUtility.dll /reference:/usr/share/dotnet/packs/Microsoft.NETCore.App.Ref/10.0.3/ref/net10.0/System.Windows.dll /reference:/usr/share/dotnet/packs/Microsoft.NETCore.App.Ref/10.0.3/ref/net10.0/System.Xml.dll /reference:/usr/share/dotnet/packs/Microsoft.NETCore.App.Ref/10.0.3/ref/net10.0/System.Xml.Linq.dll /reference:/usr/share/dotnet/packs/Microsoft.NETCore.App.Ref/10.0.3/ref/net10.0/System.Xml.ReaderWriter.dll /reference:/usr/share/dotnet/packs/Microsoft.NETCore.App.Ref/10.0.3/ref/net10.0/System.Xml.Serialization.dll /reference:/usr/share/dotnet/packs/Microsoft.NETCore.App.Ref/10.0.3/ref/net10.0/System.Xml.XDocument.dll /reference:/usr/share/dotnet/packs/Microsoft.NETCore.App.Ref/10.0.3/ref/net10.0/System.Xml.XmlDocument.dll /reference:/usr/share/dotnet/packs/Microsoft.NETCore.App.Ref/10.0.3/ref/net10.0/System.Xml.XmlSerializer.dll /reference:/usr/share/dotnet/packs/Microsoft.NETCore.App.Ref/10.0.3/ref/net10.0/System.Xml.XPath.dll /reference:/usr/share/dotnet/packs/Microsoft.NETCore.App.Ref/10.0.3/ref/net10.0/System.Xml.XPath.XDocument.dll /reference:/home/rrj/.nuget/packages/tinymapper/3.0.3/lib/netstandard1.3/TinyMapper.dll /reference:/usr/share/dotnet/packs/Microsoft.NETCore.App.Ref/10.0.3/ref/net10.0/WindowsBase.dll /reference:/home/rrj/.nuget/packages/wiremock.net.abstractions/1.6.11/lib/netstandard2.1/WireMock.Net.Abstractions.dll /reference:/home/rrj/.nuget/packages/wiremock.net/1.6.11/lib/net8.0/WireMock.Net.dll /reference:/home/rrj/.nuget/packages/wiremock.net.openapiparser/1.6.11/lib/netstandard2.1/WireMock.Net.OpenApiParser.dll /reference:/home/rrj/.nuget/packages/wiremock.org.abstractions/1.6.11/lib/netstandard2.1/WireMock.Org.Abstractions.dll /reference:/home/rrj/.nuget/packages/xpath2/1.1.5/lib/netstandard2.1/XPath2.dll /reference:/home/rrj/.nuget/packages/xpath2.extensions/1.1.5/lib/netstandard2.1/XPath2.Extensions.dll /reference:/home/rrj/.nuget/packages/yamldotnet/16.3.0/lib/net8.0/YamlDotNet.dll /features:"InterceptorsNamespaces=;Microsoft.Extensions.Validation.Generated" /debug+ /debug:portable /filealign:512 /optimize- /out:/tmp/ghost-build/obj/Ghost.Testing.Mocking/Debug/net10.0/Ghost.Testing.Mocking.dll /refout:/tmp/ghost-build/obj/Ghost.Testing.Mocking/Debug/net10.0/refint/Ghost.Testing.Mocking.dll /target:library /warnaserror+ /utf8output /deterministic+ /sourcelink:/tmp/ghost-build/obj/Ghost.Testing.Mocking/Debug/net10.0/Ghost.Testing.Mocking.sourcelink.json /langversion:Preview /embed:/tmp/ghost-build/obj/Ghost.Testing.Mocking/Debug/net10.0/Ghost.Testing.Mocking.GlobalUsings.g.cs /embed:/tmp/ghost-build/obj/Ghost.Testing.Mocking/Debug/net10.0/Ghost.Testing.Mocking.AssemblyInfo.cs /analyzerconfig:/home/rrj/src/github/rudironsoni/Ghost/.editorconfig /analyzerconfig:/tmp/ghost-build/obj/Ghost.Testing.Mocking/Debug/net10.0/Ghost.Testing.Mocking.GeneratedMSBuildEditorConfig.editorconfig /analyzerconfig:/usr/share/dotnet/sdk/10.0.103/Sdks/Microsoft.NET.Sdk/analyzers/build/config/analysislevel_10_recommended.globalconfig /analyzer:/usr/share/dotnet/sdk/10.0.103/Sdks/Microsoft.NET.Sdk/targets/../analyzers/Microsoft.CodeAnalysis.CSharp.NetAnalyzers.dll /analyzer:/usr/share/dotnet/sdk/10.0.103/Sdks/Microsoft.NET.Sdk/targets/../analyzers/Microsoft.CodeAnalysis.NetAnalyzers.dll /analyzer:/usr/share/dotnet/sdk/10.0.103/Sdks/Microsoft.NET.Sdk/targets/../codestyle/cs/Microsoft.CodeAnalysis.CodeStyle.dll /analyzer:/usr/share/dotnet/sdk/10.0.103/Sdks/Microsoft.NET.Sdk/targets/../codestyle/cs/Microsoft.CodeAnalysis.CodeStyle.Fixes.dll /analyzer:/usr/share/dotnet/sdk/10.0.103/Sdks/Microsoft.NET.Sdk/targets/../codestyle/cs/Microsoft.CodeAnalysis.CSharp.CodeStyle.dll /analyzer:/usr/share/dotnet/sdk/10.0.103/Sdks/Microsoft.NET.Sdk/targets/../codestyle/cs/Microsoft.CodeAnalysis.CSharp.CodeStyle.Fixes.dll /analyzer:/home/rrj/.nuget/packages/graphql.analyzers/8.2.1/analyzers/dotnet/cs/GraphQL.Analyzers.CodeFixes.dll /analyzer:/home/rrj/.nuget/packages/graphql.analyzers/8.2.1/analyzers/dotnet/cs/GraphQL.Analyzers.dll /analyzer:/home/rrj/.nuget/packages/microsoft.codeanalysis.analyzers/3.11.0/analyzers/dotnet/cs/Microsoft.CodeAnalysis.Analyzers.dll /analyzer:/home/rrj/.nuget/packages/microsoft.codeanalysis.analyzers/3.11.0/analyzers/dotnet/cs/Microsoft.CodeAnalysis.CSharp.Analyzers.dll /analyzer:/usr/share/dotnet/packs/Microsoft.NETCore.App.Ref/10.0.3/analyzers/dotnet/cs/Microsoft.Interop.ComInterfaceGenerator.dll /analyzer:/usr/share/dotnet/packs/Microsoft.NETCore.App.Ref/10.0.3/analyzers/dotnet/cs/Microsoft.Interop.JavaScript.JSImportGenerator.dll /analyzer:/usr/share/dotnet/packs/Microsoft.NETCore.App.Ref/10.0.3/analyzers/dotnet/cs/Microsoft.Interop.LibraryImportGenerator.dll /analyzer:/usr/share/dotnet/packs/Microsoft.NETCore.App.Ref/10.0.3/analyzers/dotnet/cs/Microsoft.Interop.SourceGeneration.dll /analyzer:/usr/share/dotnet/packs/Microsoft.NETCore.App.Ref/10.0.3/analyzers/dotnet/cs/System.Text.Json.SourceGeneration.dll /analyzer:/usr/share/dotnet/packs/Microsoft.NETCore.App.Ref/10.0.3/analyzers/dotnet/cs/System.Text.RegularExpressions.Generator.dll /analyzer:/usr/share/dotnet/packs/Microsoft.AspNetCore.App.Ref/10.0.3/analyzers/dotnet/cs/Microsoft.AspNetCore.App.Analyzers.dll /analyzer:/usr/share/dotnet/packs/Microsoft.AspNetCore.App.Ref/10.0.3/analyzers/dotnet/cs/Microsoft.AspNetCore.App.CodeFixes.dll /analyzer:/usr/share/dotnet/packs/Microsoft.AspNetCore.App.Ref/10.0.3/analyzers/dotnet/cs/Microsoft.AspNetCore.App.SourceGenerators.dll /analyzer:/usr/share/dotnet/packs/Microsoft.AspNetCore.App.Ref/10.0.3/analyzers/dotnet/cs/Microsoft.AspNetCore.Components.Analyzers.dll /analyzer:/usr/share/dotnet/packs/Microsoft.AspNetCore.App.Ref/10.0.3/analyzers/dotnet/cs/Microsoft.Extensions.Logging.Generators.dll /analyzer:/usr/share/dotnet/packs/Microsoft.AspNetCore.App.Ref/10.0.3/analyzers/dotnet/cs/Microsoft.Extensions.Options.SourceGeneration.dll /analyzer:/usr/share/dotnet/packs/Microsoft.AspNetCore.App.Ref/10.0.3/analyzers/dotnet/cs/Microsoft.Extensions.Validation.ValidationsGenerator.dll Factories/WireMockServerFactory.cs Profiles/CompressionProfile.cs Profiles/MalformedPayloadProfile.cs Profiles/RateLimitProfile.cs Profiles/RedirectProfile.cs Profiles/RetryBackoffProfile.cs /tmp/ghost-build/obj/Ghost.Testing.Mocking/Debug/net10.0/Ghost.Testing.Mocking.GlobalUsings.g.cs /tmp/ghost-build/obj/Ghost.Testing.Mocking/Debug/net10.0/Ghost.Testing.Mocking.AssemblyInfo.cs /warnaserror+:NU1605,SYSLIB0011
         Compilation request Ghost.Testing.Mocking (net10.0), PathToTool=/usr/share/dotnet/sdk/10.0.103/Roslyn/bincore/csc
         CompilerServer: tool - using command line tool by design '/usr/share/dotnet/sdk/10.0.103/Roslyn/bincore/csc' - Ghost.Testing.Mocking (net10.0)
    21>CopyFilesToOutputDirectory:
         Copying file from "/tmp/ghost-build/obj/Ghost.Engine.Abstractions/Debug/net10.0/Ghost.Engine.Abstractions.dll" to "/tmp/ghost-build/bin/Ghost.Engine.Abstractions/Debug/net10.0/Ghost.Engine.Abstractions.dll".
         Copying reference assembly from "/tmp/ghost-build/obj/Ghost.Engine.Abstractions/Debug/net10.0/refint/Ghost.Engine.Abstractions.dll" to "/tmp/ghost-build/obj/Ghost.Engine.Abstractions/Debug/net10.0/ref/Ghost.Engine.Abstractions.dll".
         Ghost.Engine.Abstractions -> /tmp/ghost-build/bin/Ghost.Engine.Abstractions/Debug/net10.0/Ghost.Engine.Abstractions.dll
         Copying file from "/tmp/ghost-build/obj/Ghost.Engine.Abstractions/Debug/net10.0/Ghost.Engine.Abstractions.pdb" to "/tmp/ghost-build/bin/Ghost.Engine.Abstractions/Debug/net10.0/Ghost.Engine.Abstractions.pdb".
    21>Done Building Project "/home/rrj/src/github/rudironsoni/Ghost/src/Engine/Ghost.Engine.Abstractions/Ghost.Engine.Abstractions.csproj" (default targets).
    17>_CopyOutOfDateSourceItemsToOutputDirectory:
         Copying file from "/home/rrj/.nuget/packages/patchright/1.58.0/.playwright/node/linux-x64/node" to "/tmp/ghost-build/bin/Ghost.Sdk.Spider/Debug/net10.0/.playwright/node/linux-x64/node".
         Copying file from "/home/rrj/.nuget/packages/patchright/1.58.0/.playwright/node/LICENSE" to "/tmp/ghost-build/bin/Ghost.Sdk.Spider/Debug/net10.0/.playwright/node/LICENSE".
         Copying file from "/home/rrj/.nuget/packages/patchright/1.58.0/.playwright/package/api.json" to "/tmp/ghost-build/bin/Ghost.Sdk.Spider/Debug/net10.0/.playwright/package/api.json".
         Copying file from "/home/rrj/.nuget/packages/patchright/1.58.0/.playwright/package/bin/install_media_pack.ps1" to "/tmp/ghost-build/bin/Ghost.Sdk.Spider/Debug/net10.0/.playwright/package/bin/install_media_pack.ps1".
         Copying file from "/home/rrj/.nuget/packages/patchright/1.58.0/.playwright/package/bin/reinstall_chrome_beta_linux.sh" to "/tmp/ghost-build/bin/Ghost.Sdk.Spider/Debug/net10.0/.playwright/package/bin/reinstall_chrome_beta_linux.sh".
         Copying file from "/home/rrj/.nuget/packages/patchright/1.58.0/.playwright/package/bin/reinstall_chrome_beta_mac.sh" to "/tmp/ghost-build/bin/Ghost.Sdk.Spider/Debug/net10.0/.playwright/package/bin/reinstall_chrome_beta_mac.sh".
         Copying file from "/home/rrj/.nuget/packages/patchright/1.58.0/.playwright/package/bin/reinstall_chrome_beta_win.ps1" to "/tmp/ghost-build/bin/Ghost.Sdk.Spider/Debug/net10.0/.playwright/package/bin/reinstall_chrome_beta_win.ps1".
         Copying file from "/home/rrj/.nuget/packages/patchright/1.58.0/.playwright/package/bin/install_webkit_wsl.ps1" to "/tmp/ghost-build/bin/Ghost.Sdk.Spider/Debug/net10.0/.playwright/package/bin/install_webkit_wsl.ps1".
         Copying file from "/home/rrj/.nuget/packages/patchright/1.58.0/.playwright/package/bin/reinstall_chrome_stable_mac.sh" to "/tmp/ghost-build/bin/Ghost.Sdk.Spider/Debug/net10.0/.playwright/package/bin/reinstall_chrome_stable_mac.sh".
         Copying file from "/home/rrj/.nuget/packages/patchright/1.58.0/.playwright/package/bin/reinstall_chrome_stable_win.ps1" to "/tmp/ghost-build/bin/Ghost.Sdk.Spider/Debug/net10.0/.playwright/package/bin/reinstall_chrome_stable_win.ps1".
         Copying file from "/home/rrj/.nuget/packages/patchright/1.58.0/.playwright/package/bin/reinstall_chrome_stable_linux.sh" to "/tmp/ghost-build/bin/Ghost.Sdk.Spider/Debug/net10.0/.playwright/package/bin/reinstall_chrome_stable_linux.sh".
         Copying file from "/home/rrj/.nuget/packages/patchright/1.58.0/.playwright/package/bin/reinstall_msedge_beta_mac.sh" to "/tmp/ghost-build/bin/Ghost.Sdk.Spider/Debug/net10.0/.playwright/package/bin/reinstall_msedge_beta_mac.sh".
         Copying file from "/home/rrj/.nuget/packages/patchright/1.58.0/.playwright/package/bin/reinstall_msedge_beta_win.ps1" to "/tmp/ghost-build/bin/Ghost.Sdk.Spider/Debug/net10.0/.playwright/package/bin/reinstall_msedge_beta_win.ps1".
         Copying file from "/home/rrj/.nuget/packages/patchright/1.58.0/.playwright/package/bin/reinstall_msedge_dev_linux.sh" to "/tmp/ghost-build/bin/Ghost.Sdk.Spider/Debug/net10.0/.playwright/package/bin/reinstall_msedge_dev_linux.sh".
         Copying file from "/home/rrj/.nuget/packages/patchright/1.58.0/.playwright/package/bin/reinstall_msedge_dev_mac.sh" to "/tmp/ghost-build/bin/Ghost.Sdk.Spider/Debug/net10.0/.playwright/package/bin/reinstall_msedge_dev_mac.sh".
         Copying file from "/home/rrj/.nuget/packages/patchright/1.58.0/.playwright/package/bin/reinstall_msedge_dev_win.ps1" to "/tmp/ghost-build/bin/Ghost.Sdk.Spider/Debug/net10.0/.playwright/package/bin/reinstall_msedge_dev_win.ps1".
         Copying file from "/home/rrj/.nuget/packages/patchright/1.58.0/.playwright/package/bin/reinstall_msedge_stable_linux.sh" to "/tmp/ghost-build/bin/Ghost.Sdk.Spider/Debug/net10.0/.playwright/package/bin/reinstall_msedge_stable_linux.sh".
         Copying file from "/home/rrj/.nuget/packages/patchright/1.58.0/.playwright/package/bin/reinstall_msedge_stable_mac.sh" to "/tmp/ghost-build/bin/Ghost.Sdk.Spider/Debug/net10.0/.playwright/package/bin/reinstall_msedge_stable_mac.sh".
         Copying file from "/home/rrj/.nuget/packages/patchright/1.58.0/.playwright/package/bin/reinstall_msedge_stable_win.ps1" to "/tmp/ghost-build/bin/Ghost.Sdk.Spider/Debug/net10.0/.playwright/package/bin/reinstall_msedge_stable_win.ps1".
         Copying file from "/home/rrj/.nuget/packages/patchright/1.58.0/.playwright/package/browsers.json" to "/tmp/ghost-build/bin/Ghost.Sdk.Spider/Debug/net10.0/.playwright/package/browsers.json".
         Copying file from "/home/rrj/.nuget/packages/patchright/1.58.0/.playwright/package/cli.js" to "/tmp/ghost-build/bin/Ghost.Sdk.Spider/Debug/net10.0/.playwright/package/cli.js".
         Copying file from "/home/rrj/.nuget/packages/patchright/1.58.0/.playwright/package/index.d.ts" to "/tmp/ghost-build/bin/Ghost.Sdk.Spider/Debug/net10.0/.playwright/package/index.d.ts".
         Copying file from "/home/rrj/.nuget/packages/patchright/1.58.0/.playwright/package/index.js" to "/tmp/ghost-build/bin/Ghost.Sdk.Spider/Debug/net10.0/.playwright/package/index.js".
         Copying file from "/home/rrj/.nuget/packages/patchright/1.58.0/.playwright/package/index.mjs" to "/tmp/ghost-build/bin/Ghost.Sdk.Spider/Debug/net10.0/.playwright/package/index.mjs".
         Copying file from "/home/rrj/.nuget/packages/patchright/1.58.0/.playwright/package/lib/androidServerImpl.js" to "/tmp/ghost-build/bin/Ghost.Sdk.Spider/Debug/net10.0/.playwright/package/lib/androidServerImpl.js".
         Copying file from "/home/rrj/.nuget/packages/patchright/1.58.0/.playwright/package/lib/browserServerImpl.js" to "/tmp/ghost-build/bin/Ghost.Sdk.Spider/Debug/net10.0/.playwright/package/lib/browserServerImpl.js".
         Copying file from "/home/rrj/.nuget/packages/patchright/1.58.0/.playwright/package/lib/cli/driver.js" to "/tmp/ghost-build/bin/Ghost.Sdk.Spider/Debug/net10.0/.playwright/package/lib/cli/driver.js".
         Copying file from "/home/rrj/.nuget/packages/patchright/1.58.0/.playwright/package/lib/cli/program.js" to "/tmp/ghost-build/bin/Ghost.Sdk.Spider/Debug/net10.0/.playwright/package/lib/cli/program.js".
         Copying file from "/home/rrj/.nuget/packages/patchright/1.58.0/.playwright/package/lib/cli/programWithTestStub.js" to "/tmp/ghost-build/bin/Ghost.Sdk.Spider/Debug/net10.0/.playwright/package/lib/cli/programWithTestStub.js".
         Copying file from "/home/rrj/.nuget/packages/patchright/1.58.0/.playwright/package/lib/client/android.js" to "/tmp/ghost-build/bin/Ghost.Sdk.Spider/Debug/net10.0/.playwright/package/lib/client/android.js".
         Copying file from "/home/rrj/.nuget/packages/patchright/1.58.0/.playwright/package/bin/reinstall_msedge_beta_linux.sh" to "/tmp/ghost-build/bin/Ghost.Sdk.Spider/Debug/net10.0/.playwright/package/bin/reinstall_msedge_beta_linux.sh".
         Copying file from "/home/rrj/.nuget/packages/patchright/1.58.0/.playwright/package/lib/client/artifact.js" to "/tmp/ghost-build/bin/Ghost.Sdk.Spider/Debug/net10.0/.playwright/package/lib/client/artifact.js".
         Copying file from "/home/rrj/.nuget/packages/patchright/1.58.0/.playwright/package/lib/client/browser.js" to "/tmp/ghost-build/bin/Ghost.Sdk.Spider/Debug/net10.0/.playwright/package/lib/client/browser.js".
         Copying file from "/home/rrj/.nuget/packages/patchright/1.58.0/.playwright/package/lib/client/browserContext.js" to "/tmp/ghost-build/bin/Ghost.Sdk.Spider/Debug/net10.0/.playwright/package/lib/client/browserContext.js".
         Copying file from "/home/rrj/.nuget/packages/patchright/1.58.0/.playwright/package/lib/client/browserType.js" to "/tmp/ghost-build/bin/Ghost.Sdk.Spider/Debug/net10.0/.playwright/package/lib/client/browserType.js".
         Copying file from "/home/rrj/.nuget/packages/patchright/1.58.0/.playwright/package/lib/client/channelOwner.js" to "/tmp/ghost-build/bin/Ghost.Sdk.Spider/Debug/net10.0/.playwright/package/lib/client/channelOwner.js".
         Copying file from "/home/rrj/.nuget/packages/patchright/1.58.0/.playwright/package/lib/client/cdpSession.js" to "/tmp/ghost-build/bin/Ghost.Sdk.Spider/Debug/net10.0/.playwright/package/lib/client/cdpSession.js".
         Copying file from "/home/rrj/.nuget/packages/patchright/1.58.0/.playwright/package/lib/client/clientHelper.js" to "/tmp/ghost-build/bin/Ghost.Sdk.Spider/Debug/net10.0/.playwright/package/lib/client/clientHelper.js".
         Copying file from "/home/rrj/.nuget/packages/patchright/1.58.0/.playwright/package/lib/client/clientInstrumentation.js" to "/tmp/ghost-build/bin/Ghost.Sdk.Spider/Debug/net10.0/.playwright/package/lib/client/clientInstrumentation.js".
         Copying file from "/home/rrj/.nuget/packages/patchright/1.58.0/.playwright/package/lib/client/clientStackTrace.js" to "/tmp/ghost-build/bin/Ghost.Sdk.Spider/Debug/net10.0/.playwright/package/lib/client/clientStackTrace.js".
         Copying file from "/home/rrj/.nuget/packages/patchright/1.58.0/.playwright/package/lib/client/clock.js" to "/tmp/ghost-build/bin/Ghost.Sdk.Spider/Debug/net10.0/.playwright/package/lib/client/clock.js".
         Copying file from "/home/rrj/.nuget/packages/patchright/1.58.0/.playwright/package/lib/client/connection.js" to "/tmp/ghost-build/bin/Ghost.Sdk.Spider/Debug/net10.0/.playwright/package/lib/client/connection.js".
         Copying file from "/home/rrj/.nuget/packages/patchright/1.58.0/.playwright/package/lib/client/consoleMessage.js" to "/tmp/ghost-build/bin/Ghost.Sdk.Spider/Debug/net10.0/.playwright/package/lib/client/consoleMessage.js".
         Copying file from "/home/rrj/.nuget/packages/patchright/1.58.0/.playwright/package/lib/client/coverage.js" to "/tmp/ghost-build/bin/Ghost.Sdk.Spider/Debug/net10.0/.playwright/package/lib/client/coverage.js".
         Copying file from "/home/rrj/.nuget/packages/patchright/1.58.0/.playwright/package/lib/client/dialog.js" to "/tmp/ghost-build/bin/Ghost.Sdk.Spider/Debug/net10.0/.playwright/package/lib/client/dialog.js".
         Copying file from "/home/rrj/.nuget/packages/patchright/1.58.0/.playwright/package/lib/client/electron.js" to "/tmp/ghost-build/bin/Ghost.Sdk.Spider/Debug/net10.0/.playwright/package/lib/client/electron.js".
         Copying file from "/home/rrj/.nuget/packages/patchright/1.58.0/.playwright/package/lib/client/download.js" to "/tmp/ghost-build/bin/Ghost.Sdk.Spider/Debug/net10.0/.playwright/package/lib/client/download.js".
         Copying file from "/home/rrj/.nuget/packages/patchright/1.58.0/.playwright/package/lib/client/elementHandle.js" to "/tmp/ghost-build/bin/Ghost.Sdk.Spider/Debug/net10.0/.playwright/package/lib/client/elementHandle.js".
         Copying file from "/home/rrj/.nuget/packages/patchright/1.58.0/.playwright/package/lib/client/errors.js" to "/tmp/ghost-build/bin/Ghost.Sdk.Spider/Debug/net10.0/.playwright/package/lib/client/errors.js".
         Copying file from "/home/rrj/.nuget/packages/patchright/1.58.0/.playwright/package/lib/client/eventEmitter.js" to "/tmp/ghost-build/bin/Ghost.Sdk.Spider/Debug/net10.0/.playwright/package/lib/client/eventEmitter.js".
         Copying file from "/home/rrj/.nuget/packages/patchright/1.58.0/.playwright/package/lib/client/events.js" to "/tmp/ghost-build/bin/Ghost.Sdk.Spider/Debug/net10.0/.playwright/package/lib/client/events.js".
         Copying file from "/home/rrj/.nuget/packages/patchright/1.58.0/.playwright/package/lib/client/fetch.js" to "/tmp/ghost-build/bin/Ghost.Sdk.Spider/Debug/net10.0/.playwright/package/lib/client/fetch.js".
         Copying file from "/home/rrj/.nuget/packages/patchright/1.58.0/.playwright/package/lib/client/fileChooser.js" to "/tmp/ghost-build/bin/Ghost.Sdk.Spider/Debug/net10.0/.playwright/package/lib/client/fileChooser.js".
         Copying file from "/home/rrj/.nuget/packages/patchright/1.58.0/.playwright/package/lib/client/fileUtils.js" to "/tmp/ghost-build/bin/Ghost.Sdk.Spider/Debug/net10.0/.playwright/package/lib/client/fileUtils.js".
         Copying file from "/home/rrj/.nuget/packages/patchright/1.58.0/.playwright/package/lib/client/harRouter.js" to "/tmp/ghost-build/bin/Ghost.Sdk.Spider/Debug/net10.0/.playwright/package/lib/client/harRouter.js".
         Copying file from "/home/rrj/.nuget/packages/patchright/1.58.0/.playwright/package/lib/client/input.js" to "/tmp/ghost-build/bin/Ghost.Sdk.Spider/Debug/net10.0/.playwright/package/lib/client/input.js".
         Copying file from "/home/rrj/.nuget/packages/patchright/1.58.0/.playwright/package/lib/client/jsHandle.js" to "/tmp/ghost-build/bin/Ghost.Sdk.Spider/Debug/net10.0/.playwright/package/lib/client/jsHandle.js".
         Copying file from "/home/rrj/.nuget/packages/patchright/1.58.0/.playwright/package/lib/client/jsonPipe.js" to "/tmp/ghost-build/bin/Ghost.Sdk.Spider/Debug/net10.0/.playwright/package/lib/client/jsonPipe.js".
         Copying file from "/home/rrj/.nuget/packages/patchright/1.58.0/.playwright/package/lib/client/localUtils.js" to "/tmp/ghost-build/bin/Ghost.Sdk.Spider/Debug/net10.0/.playwright/package/lib/client/localUtils.js".
         Copying file from "/home/rrj/.nuget/packages/patchright/1.58.0/.playwright/package/lib/client/locator.js" to "/tmp/ghost-build/bin/Ghost.Sdk.Spider/Debug/net10.0/.playwright/package/lib/client/locator.js".
         Copying file from "/home/rrj/.nuget/packages/patchright/1.58.0/.playwright/package/lib/client/network.js" to "/tmp/ghost-build/bin/Ghost.Sdk.Spider/Debug/net10.0/.playwright/package/lib/client/network.js".
         Copying file from "/home/rrj/.nuget/packages/patchright/1.58.0/.playwright/package/lib/client/page.js" to "/tmp/ghost-build/bin/Ghost.Sdk.Spider/Debug/net10.0/.playwright/package/lib/client/page.js".
         Copying file from "/home/rrj/.nuget/packages/patchright/1.58.0/.playwright/package/lib/client/pageAgent.js" to "/tmp/ghost-build/bin/Ghost.Sdk.Spider/Debug/net10.0/.playwright/package/lib/client/pageAgent.js".
         Copying file from "/home/rrj/.nuget/packages/patchright/1.58.0/.playwright/package/lib/client/platform.js" to "/tmp/ghost-build/bin/Ghost.Sdk.Spider/Debug/net10.0/.playwright/package/lib/client/platform.js".
         Copying file from "/home/rrj/.nuget/packages/patchright/1.58.0/.playwright/package/lib/client/playwright.js" to "/tmp/ghost-build/bin/Ghost.Sdk.Spider/Debug/net10.0/.playwright/package/lib/client/playwright.js".
         Copying file from "/home/rrj/.nuget/packages/patchright/1.58.0/.playwright/package/lib/client/selectors.js" to "/tmp/ghost-build/bin/Ghost.Sdk.Spider/Debug/net10.0/.playwright/package/lib/client/selectors.js".
         Copying file from "/home/rrj/.nuget/packages/patchright/1.58.0/.playwright/package/lib/client/stream.js" to "/tmp/ghost-build/bin/Ghost.Sdk.Spider/Debug/net10.0/.playwright/package/lib/client/stream.js".
         Copying file from "/home/rrj/.nuget/packages/patchright/1.58.0/.playwright/package/lib/client/timeoutSettings.js" to "/tmp/ghost-build/bin/Ghost.Sdk.Spider/Debug/net10.0/.playwright/package/lib/client/timeoutSettings.js".
         Copying file from "/home/rrj/.nuget/packages/patchright/1.58.0/.playwright/package/lib/client/tracing.js" to "/tmp/ghost-build/bin/Ghost.Sdk.Spider/Debug/net10.0/.playwright/package/lib/client/tracing.js".
         Copying file from "/home/rrj/.nuget/packages/patchright/1.58.0/.playwright/package/lib/client/types.js" to "/tmp/ghost-build/bin/Ghost.Sdk.Spider/Debug/net10.0/.playwright/package/lib/client/types.js".
         Copying file from "/home/rrj/.nuget/packages/patchright/1.58.0/.playwright/package/lib/client/video.js" to "/tmp/ghost-build/bin/Ghost.Sdk.Spider/Debug/net10.0/.playwright/package/lib/client/video.js".
         Copying file from "/home/rrj/.nuget/packages/patchright/1.58.0/.playwright/package/lib/client/waiter.js" to "/tmp/ghost-build/bin/Ghost.Sdk.Spider/Debug/net10.0/.playwright/package/lib/client/waiter.js".
         Copying file from "/home/rrj/.nuget/packages/patchright/1.58.0/.playwright/package/lib/client/frame.js" to "/tmp/ghost-build/bin/Ghost.Sdk.Spider/Debug/net10.0/.playwright/package/lib/client/frame.js".
         Copying file from "/home/rrj/.nuget/packages/patchright/1.58.0/.playwright/package/lib/client/webError.js" to "/tmp/ghost-build/bin/Ghost.Sdk.Spider/Debug/net10.0/.playwright/package/lib/client/webError.js".
         Copying file from "/home/rrj/.nuget/packages/patchright/1.58.0/.playwright/package/lib/client/worker.js" to "/tmp/ghost-build/bin/Ghost.Sdk.Spider/Debug/net10.0/.playwright/package/lib/client/worker.js".
         Copying file from "/home/rrj/.nuget/packages/patchright/1.58.0/.playwright/package/lib/client/webSocket.js" to "/tmp/ghost-build/bin/Ghost.Sdk.Spider/Debug/net10.0/.playwright/package/lib/client/webSocket.js".
         Copying file from "/home/rrj/.nuget/packages/patchright/1.58.0/.playwright/package/lib/client/writableStream.js" to "/tmp/ghost-build/bin/Ghost.Sdk.Spider/Debug/net10.0/.playwright/package/lib/client/writableStream.js".
         Copying file from "/home/rrj/.nuget/packages/patchright/1.58.0/.playwright/package/lib/generated/bindingsControllerSource.js" to "/tmp/ghost-build/bin/Ghost.Sdk.Spider/Debug/net10.0/.playwright/package/lib/generated/bindingsControllerSource.js".
         Copying file from "/home/rrj/.nuget/packages/patchright/1.58.0/.playwright/package/lib/generated/clockSource.js" to "/tmp/ghost-build/bin/Ghost.Sdk.Spider/Debug/net10.0/.playwright/package/lib/generated/clockSource.js".
         Copying file from "/home/rrj/.nuget/packages/patchright/1.58.0/.playwright/package/lib/generated/injectedScriptSource.js" to "/tmp/ghost-build/bin/Ghost.Sdk.Spider/Debug/net10.0/.playwright/package/lib/generated/injectedScriptSource.js".
         Copying file from "/home/rrj/.nuget/packages/patchright/1.58.0/.playwright/package/lib/generated/pollingRecorderSource.js" to "/tmp/ghost-build/bin/Ghost.Sdk.Spider/Debug/net10.0/.playwright/package/lib/generated/pollingRecorderSource.js".
         Copying file from "/home/rrj/.nuget/packages/patchright/1.58.0/.playwright/package/lib/generated/storageScriptSource.js" to "/tmp/ghost-build/bin/Ghost.Sdk.Spider/Debug/net10.0/.playwright/package/lib/generated/storageScriptSource.js".
         Copying file from "/home/rrj/.nuget/packages/patchright/1.58.0/.playwright/package/lib/generated/utilityScriptSource.js" to "/tmp/ghost-build/bin/Ghost.Sdk.Spider/Debug/net10.0/.playwright/package/lib/generated/utilityScriptSource.js".
         Copying file from "/home/rrj/.nuget/packages/patchright/1.58.0/.playwright/package/lib/generated/webSocketMockSource.js" to "/tmp/ghost-build/bin/Ghost.Sdk.Spider/Debug/net10.0/.playwright/package/lib/generated/webSocketMockSource.js".
         Copying file from "/home/rrj/.nuget/packages/patchright/1.58.0/.playwright/package/lib/inprocess.js" to "/tmp/ghost-build/bin/Ghost.Sdk.Spider/Debug/net10.0/.playwright/package/lib/inprocess.js".
         Copying file from "/home/rrj/.nuget/packages/patchright/1.58.0/.playwright/package/lib/inProcessFactory.js" to "/tmp/ghost-build/bin/Ghost.Sdk.Spider/Debug/net10.0/.playwright/package/lib/inProcessFactory.js".
         Copying file from "/home/rrj/.nuget/packages/patchright/1.58.0/.playwright/package/lib/mcpBundle.js" to "/tmp/ghost-build/bin/Ghost.Sdk.Spider/Debug/net10.0/.playwright/package/lib/mcpBundle.js".
         Copying file from "/home/rrj/.nuget/packages/patchright/1.58.0/.playwright/package/lib/outofprocess.js" to "/tmp/ghost-build/bin/Ghost.Sdk.Spider/Debug/net10.0/.playwright/package/lib/outofprocess.js".
         Copying file from "/home/rrj/.nuget/packages/patchright/1.58.0/.playwright/package/lib/mcpBundleImpl/index.js" to "/tmp/ghost-build/bin/Ghost.Sdk.Spider/Debug/net10.0/.playwright/package/lib/mcpBundleImpl/index.js".
         Copying file from "/home/rrj/.nuget/packages/patchright/1.58.0/.playwright/package/lib/protocol/serializers.js" to "/tmp/ghost-build/bin/Ghost.Sdk.Spider/Debug/net10.0/.playwright/package/lib/protocol/serializers.js".
         Copying file from "/home/rrj/.nuget/packages/patchright/1.58.0/.playwright/package/lib/protocol/validator.js" to "/tmp/ghost-build/bin/Ghost.Sdk.Spider/Debug/net10.0/.playwright/package/lib/protocol/validator.js".
         Copying file from "/home/rrj/.nuget/packages/patchright/1.58.0/.playwright/package/lib/protocol/validatorPrimitives.js" to "/tmp/ghost-build/bin/Ghost.Sdk.Spider/Debug/net10.0/.playwright/package/lib/protocol/validatorPrimitives.js".
         Copying file from "/home/rrj/.nuget/packages/patchright/1.58.0/.playwright/package/lib/client/api.js" to "/tmp/ghost-build/bin/Ghost.Sdk.Spider/Debug/net10.0/.playwright/package/lib/client/api.js".
         Copying file from "/home/rrj/.nuget/packages/patchright/1.58.0/.playwright/package/lib/remote/playwrightConnection.js" to "/tmp/ghost-build/bin/Ghost.Sdk.Spider/Debug/net10.0/.playwright/package/lib/remote/playwrightConnection.js".
         Copying file from "/home/rrj/.nuget/packages/patchright/1.58.0/.playwright/package/lib/remote/playwrightServer.js" to "/tmp/ghost-build/bin/Ghost.Sdk.Spider/Debug/net10.0/.playwright/package/lib/remote/playwrightServer.js".
         Copying file from "/home/rrj/.nuget/packages/patchright/1.58.0/.playwright/package/lib/server/agent/actionRunner.js" to "/tmp/ghost-build/bin/Ghost.Sdk.Spider/Debug/net10.0/.playwright/package/lib/server/agent/actionRunner.js".
         Copying file from "/home/rrj/.nuget/packages/patchright/1.58.0/.playwright/package/lib/server/agent/actions.js" to "/tmp/ghost-build/bin/Ghost.Sdk.Spider/Debug/net10.0/.playwright/package/lib/server/agent/actions.js".
         Copying file from "/home/rrj/.nuget/packages/patchright/1.58.0/.playwright/package/lib/server/agent/codegen.js" to "/tmp/ghost-build/bin/Ghost.Sdk.Spider/Debug/net10.0/.playwright/package/lib/server/agent/codegen.js".
         Copying file from "/home/rrj/.nuget/packages/patchright/1.58.0/.playwright/package/lib/server/agent/context.js" to "/tmp/ghost-build/bin/Ghost.Sdk.Spider/Debug/net10.0/.playwright/package/lib/server/agent/context.js".
         Copying file from "/home/rrj/.nuget/packages/patchright/1.58.0/.playwright/package/lib/server/agent/expectTools.js" to "/tmp/ghost-build/bin/Ghost.Sdk.Spider/Debug/net10.0/.playwright/package/lib/server/agent/expectTools.js".
         Copying file from "/home/rrj/.nuget/packages/patchright/1.58.0/.playwright/package/lib/server/agent/pageAgent.js" to "/tmp/ghost-build/bin/Ghost.Sdk.Spider/Debug/net10.0/.playwright/package/lib/server/agent/pageAgent.js".
         Copying file from "/home/rrj/.nuget/packages/patchright/1.58.0/.playwright/package/lib/server/agent/performTools.js" to "/tmp/ghost-build/bin/Ghost.Sdk.Spider/Debug/net10.0/.playwright/package/lib/server/agent/performTools.js".
         Copying file from "/home/rrj/.nuget/packages/patchright/1.58.0/.playwright/package/lib/server/agent/tool.js" to "/tmp/ghost-build/bin/Ghost.Sdk.Spider/Debug/net10.0/.playwright/package/lib/server/agent/tool.js".
         Copying file from "/home/rrj/.nuget/packages/patchright/1.58.0/.playwright/package/lib/server/android/android.js" to "/tmp/ghost-build/bin/Ghost.Sdk.Spider/Debug/net10.0/.playwright/package/lib/server/android/android.js".
         Copying file from "/home/rrj/.nuget/packages/patchright/1.58.0/.playwright/package/lib/server/android/backendAdb.js" to "/tmp/ghost-build/bin/Ghost.Sdk.Spider/Debug/net10.0/.playwright/package/lib/server/android/backendAdb.js".
         Copying file from "/home/rrj/.nuget/packages/patchright/1.58.0/.playwright/package/lib/server/artifact.js" to "/tmp/ghost-build/bin/Ghost.Sdk.Spider/Debug/net10.0/.playwright/package/lib/server/artifact.js".
         Copying file from "/home/rrj/.nuget/packages/patchright/1.58.0/.playwright/package/lib/server/bidi/bidiBrowser.js" to "/tmp/ghost-build/bin/Ghost.Sdk.Spider/Debug/net10.0/.playwright/package/lib/server/bidi/bidiBrowser.js".
         Copying file from "/home/rrj/.nuget/packages/patchright/1.58.0/.playwright/package/lib/server/bidi/bidiChromium.js" to "/tmp/ghost-build/bin/Ghost.Sdk.Spider/Debug/net10.0/.playwright/package/lib/server/bidi/bidiChromium.js".
         Copying file from "/home/rrj/.nuget/packages/patchright/1.58.0/.playwright/package/lib/server/bidi/bidiConnection.js" to "/tmp/ghost-build/bin/Ghost.Sdk.Spider/Debug/net10.0/.playwright/package/lib/server/bidi/bidiConnection.js".
         Copying file from "/home/rrj/.nuget/packages/patchright/1.58.0/.playwright/package/lib/server/bidi/bidiDeserializer.js" to "/tmp/ghost-build/bin/Ghost.Sdk.Spider/Debug/net10.0/.playwright/package/lib/server/bidi/bidiDeserializer.js".
         Copying file from "/home/rrj/.nuget/packages/patchright/1.58.0/.playwright/package/lib/server/bidi/bidiExecutionContext.js" to "/tmp/ghost-build/bin/Ghost.Sdk.Spider/Debug/net10.0/.playwright/package/lib/server/bidi/bidiExecutionContext.js".
         Copying file from "/home/rrj/.nuget/packages/patchright/1.58.0/.playwright/package/lib/server/bidi/bidiFirefox.js" to "/tmp/ghost-build/bin/Ghost.Sdk.Spider/Debug/net10.0/.playwright/package/lib/server/bidi/bidiFirefox.js".
         Copying file from "/home/rrj/.nuget/packages/patchright/1.58.0/.playwright/package/lib/server/bidi/bidiInput.js" to "/tmp/ghost-build/bin/Ghost.Sdk.Spider/Debug/net10.0/.playwright/package/lib/server/bidi/bidiInput.js".
         Copying file from "/home/rrj/.nuget/packages/patchright/1.58.0/.playwright/package/lib/server/bidi/bidiNetworkManager.js" to "/tmp/ghost-build/bin/Ghost.Sdk.Spider/Debug/net10.0/.playwright/package/lib/server/bidi/bidiNetworkManager.js".
         Copying file from "/home/rrj/.nuget/packages/patchright/1.58.0/.playwright/package/lib/server/bidi/bidiOverCdp.js" to "/tmp/ghost-build/bin/Ghost.Sdk.Spider/Debug/net10.0/.playwright/package/lib/server/bidi/bidiOverCdp.js".
         Copying file from "/home/rrj/.nuget/packages/patchright/1.58.0/.playwright/package/lib/server/bidi/bidiPage.js" to "/tmp/ghost-build/bin/Ghost.Sdk.Spider/Debug/net10.0/.playwright/package/lib/server/bidi/bidiPage.js".
         Copying file from "/home/rrj/.nuget/packages/patchright/1.58.0/.playwright/package/lib/server/bidi/third_party/bidiCommands.d.js" to "/tmp/ghost-build/bin/Ghost.Sdk.Spider/Debug/net10.0/.playwright/package/lib/server/bidi/third_party/bidiCommands.d.js".
         Copying file from "/home/rrj/.nuget/packages/patchright/1.58.0/.playwright/package/lib/server/bidi/third_party/bidiKeyboard.js" to "/tmp/ghost-build/bin/Ghost.Sdk.Spider/Debug/net10.0/.playwright/package/lib/server/bidi/third_party/bidiKeyboard.js".
         Copying file from "/home/rrj/.nuget/packages/patchright/1.58.0/.playwright/package/lib/server/bidi/third_party/bidiProtocol.js" to "/tmp/ghost-build/bin/Ghost.Sdk.Spider/Debug/net10.0/.playwright/package/lib/server/bidi/third_party/bidiProtocol.js".
         Copying file from "/home/rrj/.nuget/packages/patchright/1.58.0/.playwright/package/lib/server/bidi/third_party/bidiProtocolCore.js" to "/tmp/ghost-build/bin/Ghost.Sdk.Spider/Debug/net10.0/.playwright/package/lib/server/bidi/third_party/bidiProtocolCore.js".
         Copying file from "/home/rrj/.nuget/packages/patchright/1.58.0/.playwright/package/lib/server/bidi/third_party/bidiProtocolPermissions.js" to "/tmp/ghost-build/bin/Ghost.Sdk.Spider/Debug/net10.0/.playwright/package/lib/server/bidi/third_party/bidiProtocolPermissions.js".
         Copying file from "/home/rrj/.nuget/packages/patchright/1.58.0/.playwright/package/lib/server/bidi/third_party/bidiSerializer.js" to "/tmp/ghost-build/bin/Ghost.Sdk.Spider/Debug/net10.0/.playwright/package/lib/server/bidi/third_party/bidiSerializer.js".
         Copying file from "/home/rrj/.nuget/packages/patchright/1.58.0/.playwright/package/lib/server/browser.js" to "/tmp/ghost-build/bin/Ghost.Sdk.Spider/Debug/net10.0/.playwright/package/lib/server/browser.js".
         Copying file from "/home/rrj/.nuget/packages/patchright/1.58.0/.playwright/package/lib/server/browserContext.js" to "/tmp/ghost-build/bin/Ghost.Sdk.Spider/Debug/net10.0/.playwright/package/lib/server/browserContext.js".
         Copying file from "/home/rrj/.nuget/packages/patchright/1.58.0/.playwright/package/lib/server/browserType.js" to "/tmp/ghost-build/bin/Ghost.Sdk.Spider/Debug/net10.0/.playwright/package/lib/server/browserType.js".
         Copying file from "/home/rrj/.nuget/packages/patchright/1.58.0/.playwright/package/lib/server/bidi/third_party/firefoxPrefs.js" to "/tmp/ghost-build/bin/Ghost.Sdk.Spider/Debug/net10.0/.playwright/package/lib/server/bidi/third_party/firefoxPrefs.js".
         Copying file from "/home/rrj/.nuget/packages/patchright/1.58.0/.playwright/package/lib/server/chromium/appIcon.png" to "/tmp/ghost-build/bin/Ghost.Sdk.Spider/Debug/net10.0/.playwright/package/lib/server/chromium/appIcon.png".
         Copying file from "/home/rrj/.nuget/packages/patchright/1.58.0/.playwright/package/lib/server/callLog.js" to "/tmp/ghost-build/bin/Ghost.Sdk.Spider/Debug/net10.0/.playwright/package/lib/server/callLog.js".
         Copying file from "/home/rrj/.nuget/packages/patchright/1.58.0/.playwright/package/lib/server/chromium/chromium.js" to "/tmp/ghost-build/bin/Ghost.Sdk.Spider/Debug/net10.0/.playwright/package/lib/server/chromium/chromium.js".
         Copying file from "/home/rrj/.nuget/packages/patchright/1.58.0/.playwright/package/lib/server/chromium/chromiumSwitches.js" to "/tmp/ghost-build/bin/Ghost.Sdk.Spider/Debug/net10.0/.playwright/package/lib/server/chromium/chromiumSwitches.js".
         Copying file from "/home/rrj/.nuget/packages/patchright/1.58.0/.playwright/package/lib/server/chromium/crConnection.js" to "/tmp/ghost-build/bin/Ghost.Sdk.Spider/Debug/net10.0/.playwright/package/lib/server/chromium/crConnection.js".
         Copying file from "/home/rrj/.nuget/packages/patchright/1.58.0/.playwright/package/lib/server/chromium/crBrowser.js" to "/tmp/ghost-build/bin/Ghost.Sdk.Spider/Debug/net10.0/.playwright/package/lib/server/chromium/crBrowser.js".
         Copying file from "/home/rrj/.nuget/packages/patchright/1.58.0/.playwright/package/lib/server/chromium/crDevTools.js" to "/tmp/ghost-build/bin/Ghost.Sdk.Spider/Debug/net10.0/.playwright/package/lib/server/chromium/crDevTools.js".
         Copying file from "/home/rrj/.nuget/packages/patchright/1.58.0/.playwright/package/lib/server/chromium/crCoverage.js" to "/tmp/ghost-build/bin/Ghost.Sdk.Spider/Debug/net10.0/.playwright/package/lib/server/chromium/crCoverage.js".
         Copying file from "/home/rrj/.nuget/packages/patchright/1.58.0/.playwright/package/lib/server/chromium/crExecutionContext.js" to "/tmp/ghost-build/bin/Ghost.Sdk.Spider/Debug/net10.0/.playwright/package/lib/server/chromium/crExecutionContext.js".
         Copying file from "/home/rrj/.nuget/packages/patchright/1.58.0/.playwright/package/lib/server/bidi/bidiPdf.js" to "/tmp/ghost-build/bin/Ghost.Sdk.Spider/Debug/net10.0/.playwright/package/lib/server/bidi/bidiPdf.js".
         Copying file from "/home/rrj/.nuget/packages/patchright/1.58.0/.playwright/package/lib/server/chromium/crNetworkManager.js" to "/tmp/ghost-build/bin/Ghost.Sdk.Spider/Debug/net10.0/.playwright/package/lib/server/chromium/crNetworkManager.js".
         Copying file from "/home/rrj/.nuget/packages/patchright/1.58.0/.playwright/package/lib/server/chromium/crPage.js" to "/tmp/ghost-build/bin/Ghost.Sdk.Spider/Debug/net10.0/.playwright/package/lib/server/chromium/crPage.js".
         Copying file from "/home/rrj/.nuget/packages/patchright/1.58.0/.playwright/package/lib/server/chromium/crPdf.js" to "/tmp/ghost-build/bin/Ghost.Sdk.Spider/Debug/net10.0/.playwright/package/lib/server/chromium/crPdf.js".
         Copying file from "/home/rrj/.nuget/packages/patchright/1.58.0/.playwright/package/lib/server/chromium/crDragDrop.js" to "/tmp/ghost-build/bin/Ghost.Sdk.Spider/Debug/net10.0/.playwright/package/lib/server/chromium/crDragDrop.js".
         Copying file from "/home/rrj/.nuget/packages/patchright/1.58.0/.playwright/package/lib/server/chromium/crServiceWorker.js" to "/tmp/ghost-build/bin/Ghost.Sdk.Spider/Debug/net10.0/.playwright/package/lib/server/chromium/crServiceWorker.js".
         Copying file from "/home/rrj/.nuget/packages/patchright/1.58.0/.playwright/package/lib/server/chromium/defaultFontFamilies.js" to "/tmp/ghost-build/bin/Ghost.Sdk.Spider/Debug/net10.0/.playwright/package/lib/server/chromium/defaultFontFamilies.js".
         Copying file from "/home/rrj/.nuget/packages/patchright/1.58.0/.playwright/package/lib/server/chromium/protocol.d.js" to "/tmp/ghost-build/bin/Ghost.Sdk.Spider/Debug/net10.0/.playwright/package/lib/server/chromium/protocol.d.js".
         Copying file from "/home/rrj/.nuget/packages/patchright/1.58.0/.playwright/package/lib/server/chromium/crInput.js" to "/tmp/ghost-build/bin/Ghost.Sdk.Spider/Debug/net10.0/.playwright/package/lib/server/chromium/crInput.js".
         Copying file from "/home/rrj/.nuget/packages/patchright/1.58.0/.playwright/package/lib/server/clock.js" to "/tmp/ghost-build/bin/Ghost.Sdk.Spider/Debug/net10.0/.playwright/package/lib/server/clock.js".
         Copying file from "/home/rrj/.nuget/packages/patchright/1.58.0/.playwright/package/lib/server/codegen/csharp.js" to "/tmp/ghost-build/bin/Ghost.Sdk.Spider/Debug/net10.0/.playwright/package/lib/server/codegen/csharp.js".
         Copying file from "/home/rrj/.nuget/packages/patchright/1.58.0/.playwright/package/lib/server/chromium/crProtocolHelper.js" to "/tmp/ghost-build/bin/Ghost.Sdk.Spider/Debug/net10.0/.playwright/package/lib/server/chromium/crProtocolHelper.js".
         Copying file from "/home/rrj/.nuget/packages/patchright/1.58.0/.playwright/package/lib/server/codegen/java.js" to "/tmp/ghost-build/bin/Ghost.Sdk.Spider/Debug/net10.0/.playwright/package/lib/server/codegen/java.js".
         Copying file from "/home/rrj/.nuget/packages/patchright/1.58.0/.playwright/package/lib/server/codegen/javascript.js" to "/tmp/ghost-build/bin/Ghost.Sdk.Spider/Debug/net10.0/.playwright/package/lib/server/codegen/javascript.js".
         Copying file from "/home/rrj/.nuget/packages/patchright/1.58.0/.playwright/package/lib/server/codegen/jsonl.js" to "/tmp/ghost-build/bin/Ghost.Sdk.Spider/Debug/net10.0/.playwright/package/lib/server/codegen/jsonl.js".
         Copying file from "/home/rrj/.nuget/packages/patchright/1.58.0/.playwright/package/lib/server/codegen/language.js" to "/tmp/ghost-build/bin/Ghost.Sdk.Spider/Debug/net10.0/.playwright/package/lib/server/codegen/language.js".
         Copying file from "/home/rrj/.nuget/packages/patchright/1.58.0/.playwright/package/lib/server/codegen/types.js" to "/tmp/ghost-build/bin/Ghost.Sdk.Spider/Debug/net10.0/.playwright/package/lib/server/codegen/types.js".
         Copying file from "/home/rrj/.nuget/packages/patchright/1.58.0/.playwright/package/lib/server/console.js" to "/tmp/ghost-build/bin/Ghost.Sdk.Spider/Debug/net10.0/.playwright/package/lib/server/console.js".
         Copying file from "/home/rrj/.nuget/packages/patchright/1.58.0/.playwright/package/lib/server/cookieStore.js" to "/tmp/ghost-build/bin/Ghost.Sdk.Spider/Debug/net10.0/.playwright/package/lib/server/cookieStore.js".
         Copying file from "/home/rrj/.nuget/packages/patchright/1.58.0/.playwright/package/lib/server/codegen/languages.js" to "/tmp/ghost-build/bin/Ghost.Sdk.Spider/Debug/net10.0/.playwright/package/lib/server/codegen/languages.js".
         Copying file from "/home/rrj/.nuget/packages/patchright/1.58.0/.playwright/package/lib/server/debugController.js" to "/tmp/ghost-build/bin/Ghost.Sdk.Spider/Debug/net10.0/.playwright/package/lib/server/debugController.js".
         Copying file from "/home/rrj/.nuget/packages/patchright/1.58.0/.playwright/package/lib/server/debugger.js" to "/tmp/ghost-build/bin/Ghost.Sdk.Spider/Debug/net10.0/.playwright/package/lib/server/debugger.js".
         Copying file from "/home/rrj/.nuget/packages/patchright/1.58.0/.playwright/package/lib/server/deviceDescriptors.js" to "/tmp/ghost-build/bin/Ghost.Sdk.Spider/Debug/net10.0/.playwright/package/lib/server/deviceDescriptors.js".
         Copying file from "/home/rrj/.nuget/packages/patchright/1.58.0/.playwright/package/lib/server/deviceDescriptorsSource.json" to "/tmp/ghost-build/bin/Ghost.Sdk.Spider/Debug/net10.0/.playwright/package/lib/server/deviceDescriptorsSource.json".
         Copying file from "/home/rrj/.nuget/packages/patchright/1.58.0/.playwright/package/lib/server/dialog.js" to "/tmp/ghost-build/bin/Ghost.Sdk.Spider/Debug/net10.0/.playwright/package/lib/server/dialog.js".
         Copying file from "/home/rrj/.nuget/packages/patchright/1.58.0/.playwright/package/lib/server/dispatchers/artifactDispatcher.js" to "/tmp/ghost-build/bin/Ghost.Sdk.Spider/Debug/net10.0/.playwright/package/lib/server/dispatchers/artifactDispatcher.js".
         Copying file from "/home/rrj/.nuget/packages/patchright/1.58.0/.playwright/package/lib/server/codegen/python.js" to "/tmp/ghost-build/bin/Ghost.Sdk.Spider/Debug/net10.0/.playwright/package/lib/server/codegen/python.js".
         Copying file from "/home/rrj/.nuget/packages/patchright/1.58.0/.playwright/package/lib/server/dispatchers/browserDispatcher.js" to "/tmp/ghost-build/bin/Ghost.Sdk.Spider/Debug/net10.0/.playwright/package/lib/server/dispatchers/browserDispatcher.js".
         Copying file from "/home/rrj/.nuget/packages/patchright/1.58.0/.playwright/package/lib/server/dispatchers/browserTypeDispatcher.js" to "/tmp/ghost-build/bin/Ghost.Sdk.Spider/Debug/net10.0/.playwright/package/lib/server/dispatchers/browserTypeDispatcher.js".
         Copying file from "/home/rrj/.nuget/packages/patchright/1.58.0/.playwright/package/lib/server/dispatchers/cdpSessionDispatcher.js" to "/tmp/ghost-build/bin/Ghost.Sdk.Spider/Debug/net10.0/.playwright/package/lib/server/dispatchers/cdpSessionDispatcher.js".
         Copying file from "/home/rrj/.nuget/packages/patchright/1.58.0/.playwright/package/lib/server/dispatchers/debugControllerDispatcher.js" to "/tmp/ghost-build/bin/Ghost.Sdk.Spider/Debug/net10.0/.playwright/package/lib/server/dispatchers/debugControllerDispatcher.js".
         Copying file from "/home/rrj/.nuget/packages/patchright/1.58.0/.playwright/package/lib/server/dispatchers/dialogDispatcher.js" to "/tmp/ghost-build/bin/Ghost.Sdk.Spider/Debug/net10.0/.playwright/package/lib/server/dispatchers/dialogDispatcher.js".
         Copying file from "/home/rrj/.nuget/packages/patchright/1.58.0/.playwright/package/lib/server/dispatchers/browserContextDispatcher.js" to "/tmp/ghost-build/bin/Ghost.Sdk.Spider/Debug/net10.0/.playwright/package/lib/server/dispatchers/browserContextDispatcher.js".
         Copying file from "/home/rrj/.nuget/packages/patchright/1.58.0/.playwright/package/lib/server/dispatchers/dispatcher.js" to "/tmp/ghost-build/bin/Ghost.Sdk.Spider/Debug/net10.0/.playwright/package/lib/server/dispatchers/dispatcher.js".
         Copying file from "/home/rrj/.nuget/packages/patchright/1.58.0/.playwright/package/lib/server/dispatchers/electronDispatcher.js" to "/tmp/ghost-build/bin/Ghost.Sdk.Spider/Debug/net10.0/.playwright/package/lib/server/dispatchers/electronDispatcher.js".
         Copying file from "/home/rrj/.nuget/packages/patchright/1.58.0/.playwright/package/lib/server/dispatchers/elementHandlerDispatcher.js" to "/tmp/ghost-build/bin/Ghost.Sdk.Spider/Debug/net10.0/.playwright/package/lib/server/dispatchers/elementHandlerDispatcher.js".
         Copying file from "/home/rrj/.nuget/packages/patchright/1.58.0/.playwright/package/lib/server/dispatchers/androidDispatcher.js" to "/tmp/ghost-build/bin/Ghost.Sdk.Spider/Debug/net10.0/.playwright/package/lib/server/dispatchers/androidDispatcher.js".
         Copying file from "/home/rrj/.nuget/packages/patchright/1.58.0/.playwright/package/lib/server/dispatchers/frameDispatcher.js" to "/tmp/ghost-build/bin/Ghost.Sdk.Spider/Debug/net10.0/.playwright/package/lib/server/dispatchers/frameDispatcher.js".
         Copying file from "/home/rrj/.nuget/packages/patchright/1.58.0/.playwright/package/lib/server/dispatchers/jsHandleDispatcher.js" to "/tmp/ghost-build/bin/Ghost.Sdk.Spider/Debug/net10.0/.playwright/package/lib/server/dispatchers/jsHandleDispatcher.js".
         Copying file from "/home/rrj/.nuget/packages/patchright/1.58.0/.playwright/package/lib/server/dispatchers/jsonPipeDispatcher.js" to "/tmp/ghost-build/bin/Ghost.Sdk.Spider/Debug/net10.0/.playwright/package/lib/server/dispatchers/jsonPipeDispatcher.js".
         Copying file from "/home/rrj/.nuget/packages/patchright/1.58.0/.playwright/package/lib/server/dispatchers/localUtilsDispatcher.js" to "/tmp/ghost-build/bin/Ghost.Sdk.Spider/Debug/net10.0/.playwright/package/lib/server/dispatchers/localUtilsDispatcher.js".
         Copying file from "/home/rrj/.nuget/packages/patchright/1.58.0/.playwright/package/lib/server/dispatchers/networkDispatchers.js" to "/tmp/ghost-build/bin/Ghost.Sdk.Spider/Debug/net10.0/.playwright/package/lib/server/dispatchers/networkDispatchers.js".
         Copying file from "/home/rrj/.nuget/packages/patchright/1.58.0/.playwright/package/lib/server/dispatchers/pageAgentDispatcher.js" to "/tmp/ghost-build/bin/Ghost.Sdk.Spider/Debug/net10.0/.playwright/package/lib/server/dispatchers/pageAgentDispatcher.js".
         Copying file from "/home/rrj/.nuget/packages/patchright/1.58.0/.playwright/package/lib/server/dispatchers/pageDispatcher.js" to "/tmp/ghost-build/bin/Ghost.Sdk.Spider/Debug/net10.0/.playwright/package/lib/server/dispatchers/pageDispatcher.js".
         Copying file from "/home/rrj/.nuget/packages/patchright/1.58.0/.playwright/package/lib/server/dispatchers/playwrightDispatcher.js" to "/tmp/ghost-build/bin/Ghost.Sdk.Spider/Debug/net10.0/.playwright/package/lib/server/dispatchers/playwrightDispatcher.js".
         Copying file from "/home/rrj/.nuget/packages/patchright/1.58.0/.playwright/package/lib/server/dispatchers/streamDispatcher.js" to "/tmp/ghost-build/bin/Ghost.Sdk.Spider/Debug/net10.0/.playwright/package/lib/server/dispatchers/streamDispatcher.js".
         Copying file from "/home/rrj/.nuget/packages/patchright/1.58.0/.playwright/package/lib/server/dispatchers/tracingDispatcher.js" to "/tmp/ghost-build/bin/Ghost.Sdk.Spider/Debug/net10.0/.playwright/package/lib/server/dispatchers/tracingDispatcher.js".
         Copying file from "/home/rrj/.nuget/packages/patchright/1.58.0/.playwright/package/lib/server/dispatchers/webSocketRouteDispatcher.js" to "/tmp/ghost-build/bin/Ghost.Sdk.Spider/Debug/net10.0/.playwright/package/lib/server/dispatchers/webSocketRouteDispatcher.js".
         Copying file from "/home/rrj/.nuget/packages/patchright/1.58.0/.playwright/package/lib/server/dispatchers/writableStreamDispatcher.js" to "/tmp/ghost-build/bin/Ghost.Sdk.Spider/Debug/net10.0/.playwright/package/lib/server/dispatchers/writableStreamDispatcher.js".
         Copying file from "/home/rrj/.nuget/packages/patchright/1.58.0/.playwright/package/lib/server/dom.js" to "/tmp/ghost-build/bin/Ghost.Sdk.Spider/Debug/net10.0/.playwright/package/lib/server/dom.js".
         Copying file from "/home/rrj/.nuget/packages/patchright/1.58.0/.playwright/package/lib/server/download.js" to "/tmp/ghost-build/bin/Ghost.Sdk.Spider/Debug/net10.0/.playwright/package/lib/server/download.js".
         Copying file from "/home/rrj/.nuget/packages/patchright/1.58.0/.playwright/package/lib/server/electron/electron.js" to "/tmp/ghost-build/bin/Ghost.Sdk.Spider/Debug/net10.0/.playwright/package/lib/server/electron/electron.js".
         Copying file from "/home/rrj/.nuget/packages/patchright/1.58.0/.playwright/package/lib/server/electron/loader.js" to "/tmp/ghost-build/bin/Ghost.Sdk.Spider/Debug/net10.0/.playwright/package/lib/server/electron/loader.js".
         Copying file from "/home/rrj/.nuget/packages/patchright/1.58.0/.playwright/package/lib/server/errors.js" to "/tmp/ghost-build/bin/Ghost.Sdk.Spider/Debug/net10.0/.playwright/package/lib/server/errors.js".
         Copying file from "/home/rrj/.nuget/packages/patchright/1.58.0/.playwright/package/lib/server/fetch.js" to "/tmp/ghost-build/bin/Ghost.Sdk.Spider/Debug/net10.0/.playwright/package/lib/server/fetch.js".
         Copying file from "/home/rrj/.nuget/packages/patchright/1.58.0/.playwright/package/lib/server/fileChooser.js" to "/tmp/ghost-build/bin/Ghost.Sdk.Spider/Debug/net10.0/.playwright/package/lib/server/fileChooser.js".
         Copying file from "/home/rrj/.nuget/packages/patchright/1.58.0/.playwright/package/lib/server/fileUploadUtils.js" to "/tmp/ghost-build/bin/Ghost.Sdk.Spider/Debug/net10.0/.playwright/package/lib/server/fileUploadUtils.js".
         Copying file from "/home/rrj/.nuget/packages/patchright/1.58.0/.playwright/package/lib/server/firefox/ffBrowser.js" to "/tmp/ghost-build/bin/Ghost.Sdk.Spider/Debug/net10.0/.playwright/package/lib/server/firefox/ffBrowser.js".
         Copying file from "/home/rrj/.nuget/packages/patchright/1.58.0/.playwright/package/lib/server/firefox/ffConnection.js" to "/tmp/ghost-build/bin/Ghost.Sdk.Spider/Debug/net10.0/.playwright/package/lib/server/firefox/ffConnection.js".
         Copying file from "/home/rrj/.nuget/packages/patchright/1.58.0/.playwright/package/lib/server/firefox/ffExecutionContext.js" to "/tmp/ghost-build/bin/Ghost.Sdk.Spider/Debug/net10.0/.playwright/package/lib/server/firefox/ffExecutionContext.js".
         Copying file from "/home/rrj/.nuget/packages/patchright/1.58.0/.playwright/package/lib/server/firefox/ffInput.js" to "/tmp/ghost-build/bin/Ghost.Sdk.Spider/Debug/net10.0/.playwright/package/lib/server/firefox/ffInput.js".
         Copying file from "/home/rrj/.nuget/packages/patchright/1.58.0/.playwright/package/lib/server/firefox/ffNetworkManager.js" to "/tmp/ghost-build/bin/Ghost.Sdk.Spider/Debug/net10.0/.playwright/package/lib/server/firefox/ffNetworkManager.js".
         Copying file from "/home/rrj/.nuget/packages/patchright/1.58.0/.playwright/package/lib/server/firefox/ffPage.js" to "/tmp/ghost-build/bin/Ghost.Sdk.Spider/Debug/net10.0/.playwright/package/lib/server/firefox/ffPage.js".
         Copying file from "/home/rrj/.nuget/packages/patchright/1.58.0/.playwright/package/lib/server/firefox/firefox.js" to "/tmp/ghost-build/bin/Ghost.Sdk.Spider/Debug/net10.0/.playwright/package/lib/server/firefox/firefox.js".
         Copying file from "/home/rrj/.nuget/packages/patchright/1.58.0/.playwright/package/lib/server/firefox/protocol.d.js" to "/tmp/ghost-build/bin/Ghost.Sdk.Spider/Debug/net10.0/.playwright/package/lib/server/firefox/protocol.d.js".
         Copying file from "/home/rrj/.nuget/packages/patchright/1.58.0/.playwright/package/lib/server/formData.js" to "/tmp/ghost-build/bin/Ghost.Sdk.Spider/Debug/net10.0/.playwright/package/lib/server/formData.js".
         Copying file from "/home/rrj/.nuget/packages/patchright/1.58.0/.playwright/package/lib/server/frames.js" to "/tmp/ghost-build/bin/Ghost.Sdk.Spider/Debug/net10.0/.playwright/package/lib/server/frames.js".
         Copying file from "/home/rrj/.nuget/packages/patchright/1.58.0/.playwright/package/lib/server/frameSelectors.js" to "/tmp/ghost-build/bin/Ghost.Sdk.Spider/Debug/net10.0/.playwright/package/lib/server/frameSelectors.js".
         Copying file from "/home/rrj/.nuget/packages/patchright/1.58.0/.playwright/package/lib/server/har/harRecorder.js" to "/tmp/ghost-build/bin/Ghost.Sdk.Spider/Debug/net10.0/.playwright/package/lib/server/har/harRecorder.js".
         Copying file from "/home/rrj/.nuget/packages/patchright/1.58.0/.playwright/package/lib/server/harBackend.js" to "/tmp/ghost-build/bin/Ghost.Sdk.Spider/Debug/net10.0/.playwright/package/lib/server/harBackend.js".
         Copying file from "/home/rrj/.nuget/packages/patchright/1.58.0/.playwright/package/lib/server/helper.js" to "/tmp/ghost-build/bin/Ghost.Sdk.Spider/Debug/net10.0/.playwright/package/lib/server/helper.js".
         Copying file from "/home/rrj/.nuget/packages/patchright/1.58.0/.playwright/package/lib/server/index.js" to "/tmp/ghost-build/bin/Ghost.Sdk.Spider/Debug/net10.0/.playwright/package/lib/server/index.js".
         Copying file from "/home/rrj/.nuget/packages/patchright/1.58.0/.playwright/package/lib/server/input.js" to "/tmp/ghost-build/bin/Ghost.Sdk.Spider/Debug/net10.0/.playwright/package/lib/server/input.js".
         Copying file from "/home/rrj/.nuget/packages/patchright/1.58.0/.playwright/package/lib/server/instrumentation.js" to "/tmp/ghost-build/bin/Ghost.Sdk.Spider/Debug/net10.0/.playwright/package/lib/server/instrumentation.js".
         Copying file from "/home/rrj/.nuget/packages/patchright/1.58.0/.playwright/package/lib/server/javascript.js" to "/tmp/ghost-build/bin/Ghost.Sdk.Spider/Debug/net10.0/.playwright/package/lib/server/javascript.js".
         Copying file from "/home/rrj/.nuget/packages/patchright/1.58.0/.playwright/package/lib/server/launchApp.js" to "/tmp/ghost-build/bin/Ghost.Sdk.Spider/Debug/net10.0/.playwright/package/lib/server/launchApp.js".
         Copying file from "/home/rrj/.nuget/packages/patchright/1.58.0/.playwright/package/lib/server/localUtils.js" to "/tmp/ghost-build/bin/Ghost.Sdk.Spider/Debug/net10.0/.playwright/package/lib/server/localUtils.js".
         Copying file from "/home/rrj/.nuget/packages/patchright/1.58.0/.playwright/package/lib/server/macEditingCommands.js" to "/tmp/ghost-build/bin/Ghost.Sdk.Spider/Debug/net10.0/.playwright/package/lib/server/macEditingCommands.js".
         Copying file from "/home/rrj/.nuget/packages/patchright/1.58.0/.playwright/package/lib/server/network.js" to "/tmp/ghost-build/bin/Ghost.Sdk.Spider/Debug/net10.0/.playwright/package/lib/server/network.js".
         Copying file from "/home/rrj/.nuget/packages/patchright/1.58.0/.playwright/package/lib/server/page.js" to "/tmp/ghost-build/bin/Ghost.Sdk.Spider/Debug/net10.0/.playwright/package/lib/server/page.js".
         Copying file from "/home/rrj/.nuget/packages/patchright/1.58.0/.playwright/package/lib/server/pageBinding.js" to "/tmp/ghost-build/bin/Ghost.Sdk.Spider/Debug/net10.0/.playwright/package/lib/server/pageBinding.js".
         Copying file from "/home/rrj/.nuget/packages/patchright/1.58.0/.playwright/package/lib/server/pipeTransport.js" to "/tmp/ghost-build/bin/Ghost.Sdk.Spider/Debug/net10.0/.playwright/package/lib/server/pipeTransport.js".
         Copying file from "/home/rrj/.nuget/packages/patchright/1.58.0/.playwright/package/lib/server/playwright.js" to "/tmp/ghost-build/bin/Ghost.Sdk.Spider/Debug/net10.0/.playwright/package/lib/server/playwright.js".
         Copying file from "/home/rrj/.nuget/packages/patchright/1.58.0/.playwright/package/lib/server/progress.js" to "/tmp/ghost-build/bin/Ghost.Sdk.Spider/Debug/net10.0/.playwright/package/lib/server/progress.js".
         Copying file from "/home/rrj/.nuget/packages/patchright/1.58.0/.playwright/package/lib/server/protocolError.js" to "/tmp/ghost-build/bin/Ghost.Sdk.Spider/Debug/net10.0/.playwright/package/lib/server/protocolError.js".
         Copying file from "/home/rrj/.nuget/packages/patchright/1.58.0/.playwright/package/lib/server/recorder.js" to "/tmp/ghost-build/bin/Ghost.Sdk.Spider/Debug/net10.0/.playwright/package/lib/server/recorder.js".
         Copying file from "/home/rrj/.nuget/packages/patchright/1.58.0/.playwright/package/lib/server/recorder/chat.js" to "/tmp/ghost-build/bin/Ghost.Sdk.Spider/Debug/net10.0/.playwright/package/lib/server/recorder/chat.js".
         Copying file from "/home/rrj/.nuget/packages/patchright/1.58.0/.playwright/package/lib/server/recorder/recorderApp.js" to "/tmp/ghost-build/bin/Ghost.Sdk.Spider/Debug/net10.0/.playwright/package/lib/server/recorder/recorderApp.js".
         Copying file from "/home/rrj/.nuget/packages/patchright/1.58.0/.playwright/package/lib/server/recorder/recorderRunner.js" to "/tmp/ghost-build/bin/Ghost.Sdk.Spider/Debug/net10.0/.playwright/package/lib/server/recorder/recorderRunner.js".
         Copying file from "/home/rrj/.nuget/packages/patchright/1.58.0/.playwright/package/lib/server/recorder/recorderSignalProcessor.js" to "/tmp/ghost-build/bin/Ghost.Sdk.Spider/Debug/net10.0/.playwright/package/lib/server/recorder/recorderSignalProcessor.js".
         Copying file from "/home/rrj/.nuget/packages/patchright/1.58.0/.playwright/package/lib/server/recorder/recorderUtils.js" to "/tmp/ghost-build/bin/Ghost.Sdk.Spider/Debug/net10.0/.playwright/package/lib/server/recorder/recorderUtils.js".
         Copying file from "/home/rrj/.nuget/packages/patchright/1.58.0/.playwright/package/lib/server/recorder/throttledFile.js" to "/tmp/ghost-build/bin/Ghost.Sdk.Spider/Debug/net10.0/.playwright/package/lib/server/recorder/throttledFile.js".
         Copying file from "/home/rrj/.nuget/packages/patchright/1.58.0/.playwright/package/lib/server/registry/browserFetcher.js" to "/tmp/ghost-build/bin/Ghost.Sdk.Spider/Debug/net10.0/.playwright/package/lib/server/registry/browserFetcher.js".
         Copying file from "/home/rrj/.nuget/packages/patchright/1.58.0/.playwright/package/lib/server/registry/dependencies.js" to "/tmp/ghost-build/bin/Ghost.Sdk.Spider/Debug/net10.0/.playwright/package/lib/server/registry/dependencies.js".
         Copying file from "/home/rrj/.nuget/packages/patchright/1.58.0/.playwright/package/lib/server/registry/index.js" to "/tmp/ghost-build/bin/Ghost.Sdk.Spider/Debug/net10.0/.playwright/package/lib/server/registry/index.js".
         Copying file from "/home/rrj/.nuget/packages/patchright/1.58.0/.playwright/package/lib/server/registry/nativeDeps.js" to "/tmp/ghost-build/bin/Ghost.Sdk.Spider/Debug/net10.0/.playwright/package/lib/server/registry/nativeDeps.js".
         Copying file from "/home/rrj/.nuget/packages/patchright/1.58.0/.playwright/package/lib/server/registry/oopDownloadBrowserMain.js" to "/tmp/ghost-build/bin/Ghost.Sdk.Spider/Debug/net10.0/.playwright/package/lib/server/registry/oopDownloadBrowserMain.js".
         Copying file from "/home/rrj/.nuget/packages/patchright/1.58.0/.playwright/package/lib/server/screencast.js" to "/tmp/ghost-build/bin/Ghost.Sdk.Spider/Debug/net10.0/.playwright/package/lib/server/screencast.js".
         Copying file from "/home/rrj/.nuget/packages/patchright/1.58.0/.playwright/package/lib/server/screenshotter.js" to "/tmp/ghost-build/bin/Ghost.Sdk.Spider/Debug/net10.0/.playwright/package/lib/server/screenshotter.js".
         Copying file from "/home/rrj/.nuget/packages/patchright/1.58.0/.playwright/package/lib/server/selectors.js" to "/tmp/ghost-build/bin/Ghost.Sdk.Spider/Debug/net10.0/.playwright/package/lib/server/selectors.js".
         Copying file from "/home/rrj/.nuget/packages/patchright/1.58.0/.playwright/package/lib/server/socksClientCertificatesInterceptor.js" to "/tmp/ghost-build/bin/Ghost.Sdk.Spider/Debug/net10.0/.playwright/package/lib/server/socksClientCertificatesInterceptor.js".
         Copying file from "/home/rrj/.nuget/packages/patchright/1.58.0/.playwright/package/lib/server/socksInterceptor.js" to "/tmp/ghost-build/bin/Ghost.Sdk.Spider/Debug/net10.0/.playwright/package/lib/server/socksInterceptor.js".
         Copying file from "/home/rrj/.nuget/packages/patchright/1.58.0/.playwright/package/lib/server/trace/recorder/snapshotterInjected.js" to "/tmp/ghost-build/bin/Ghost.Sdk.Spider/Debug/net10.0/.playwright/package/lib/server/trace/recorder/snapshotterInjected.js".
         Copying file from "/home/rrj/.nuget/packages/patchright/1.58.0/.playwright/package/lib/server/trace/recorder/tracing.js" to "/tmp/ghost-build/bin/Ghost.Sdk.Spider/Debug/net10.0/.playwright/package/lib/server/trace/recorder/tracing.js".
         Copying file from "/home/rrj/.nuget/packages/patchright/1.58.0/.playwright/package/lib/server/trace/viewer/traceParser.js" to "/tmp/ghost-build/bin/Ghost.Sdk.Spider/Debug/net10.0/.playwright/package/lib/server/trace/viewer/traceParser.js".
         Copying file from "/home/rrj/.nuget/packages/patchright/1.58.0/.playwright/package/lib/server/trace/viewer/traceViewer.js" to "/tmp/ghost-build/bin/Ghost.Sdk.Spider/Debug/net10.0/.playwright/package/lib/server/trace/viewer/traceViewer.js".
         Copying file from "/home/rrj/.nuget/packages/patchright/1.58.0/.playwright/package/lib/server/transport.js" to "/tmp/ghost-build/bin/Ghost.Sdk.Spider/Debug/net10.0/.playwright/package/lib/server/transport.js".
         Copying file from "/home/rrj/.nuget/packages/patchright/1.58.0/.playwright/package/lib/server/types.js" to "/tmp/ghost-build/bin/Ghost.Sdk.Spider/Debug/net10.0/.playwright/package/lib/server/types.js".
         Copying file from "/home/rrj/.nuget/packages/patchright/1.58.0/.playwright/package/lib/server/usKeyboardLayout.js" to "/tmp/ghost-build/bin/Ghost.Sdk.Spider/Debug/net10.0/.playwright/package/lib/server/usKeyboardLayout.js".
         Copying file from "/home/rrj/.nuget/packages/patchright/1.58.0/.playwright/package/lib/server/utils/ascii.js" to "/tmp/ghost-build/bin/Ghost.Sdk.Spider/Debug/net10.0/.playwright/package/lib/server/utils/ascii.js".
         Copying file from "/home/rrj/.nuget/packages/patchright/1.58.0/.playwright/package/lib/server/utils/comparators.js" to "/tmp/ghost-build/bin/Ghost.Sdk.Spider/Debug/net10.0/.playwright/package/lib/server/utils/comparators.js".
         Copying file from "/home/rrj/.nuget/packages/patchright/1.58.0/.playwright/package/lib/server/utils/crypto.js" to "/tmp/ghost-build/bin/Ghost.Sdk.Spider/Debug/net10.0/.playwright/package/lib/server/utils/crypto.js".
         Copying file from "/home/rrj/.nuget/packages/patchright/1.58.0/.playwright/package/lib/server/utils/debug.js" to "/tmp/ghost-build/bin/Ghost.Sdk.Spider/Debug/net10.0/.playwright/package/lib/server/utils/debug.js".
         Copying file from "/home/rrj/.nuget/packages/patchright/1.58.0/.playwright/package/lib/server/utils/debugLogger.js" to "/tmp/ghost-build/bin/Ghost.Sdk.Spider/Debug/net10.0/.playwright/package/lib/server/utils/debugLogger.js".
         Copying file from "/home/rrj/.nuget/packages/patchright/1.58.0/.playwright/package/lib/server/utils/env.js" to "/tmp/ghost-build/bin/Ghost.Sdk.Spider/Debug/net10.0/.playwright/package/lib/server/utils/env.js".
         Copying file from "/home/rrj/.nuget/packages/patchright/1.58.0/.playwright/package/lib/server/utils/eventsHelper.js" to "/tmp/ghost-build/bin/Ghost.Sdk.Spider/Debug/net10.0/.playwright/package/lib/server/utils/eventsHelper.js".
         Copying file from "/home/rrj/.nuget/packages/patchright/1.58.0/.playwright/package/lib/server/utils/expectUtils.js" to "/tmp/ghost-build/bin/Ghost.Sdk.Spider/Debug/net10.0/.playwright/package/lib/server/utils/expectUtils.js".
         Copying file from "/home/rrj/.nuget/packages/patchright/1.58.0/.playwright/package/lib/server/utils/fileUtils.js" to "/tmp/ghost-build/bin/Ghost.Sdk.Spider/Debug/net10.0/.playwright/package/lib/server/utils/fileUtils.js".
         Copying file from "/home/rrj/.nuget/packages/patchright/1.58.0/.playwright/package/lib/server/utils/happyEyeballs.js" to "/tmp/ghost-build/bin/Ghost.Sdk.Spider/Debug/net10.0/.playwright/package/lib/server/utils/happyEyeballs.js".
         Copying file from "/home/rrj/.nuget/packages/patchright/1.58.0/.playwright/package/lib/server/utils/hostPlatform.js" to "/tmp/ghost-build/bin/Ghost.Sdk.Spider/Debug/net10.0/.playwright/package/lib/server/utils/hostPlatform.js".
         Copying file from "/home/rrj/.nuget/packages/patchright/1.58.0/.playwright/package/lib/server/utils/httpServer.js" to "/tmp/ghost-build/bin/Ghost.Sdk.Spider/Debug/net10.0/.playwright/package/lib/server/utils/httpServer.js".
         Copying file from "/home/rrj/.nuget/packages/patchright/1.58.0/.playwright/package/lib/server/har/harTracer.js" to "/tmp/ghost-build/bin/Ghost.Sdk.Spider/Debug/net10.0/.playwright/package/lib/server/har/harTracer.js".
         Copying file from "/home/rrj/.nuget/packages/patchright/1.58.0/.playwright/package/lib/server/utils/image_tools/colorUtils.js" to "/tmp/ghost-build/bin/Ghost.Sdk.Spider/Debug/net10.0/.playwright/package/lib/server/utils/image_tools/colorUtils.js".
         Copying file from "/home/rrj/.nuget/packages/patchright/1.58.0/.playwright/package/lib/server/utils/image_tools/compare.js" to "/tmp/ghost-build/bin/Ghost.Sdk.Spider/Debug/net10.0/.playwright/package/lib/server/utils/image_tools/compare.js".
         Copying file from "/home/rrj/.nuget/packages/patchright/1.58.0/.playwright/package/lib/server/utils/image_tools/imageChannel.js" to "/tmp/ghost-build/bin/Ghost.Sdk.Spider/Debug/net10.0/.playwright/package/lib/server/utils/image_tools/imageChannel.js".
         Copying file from "/home/rrj/.nuget/packages/patchright/1.58.0/.playwright/package/lib/server/utils/image_tools/stats.js" to "/tmp/ghost-build/bin/Ghost.Sdk.Spider/Debug/net10.0/.playwright/package/lib/server/utils/image_tools/stats.js".
         Copying file from "/home/rrj/.nuget/packages/patchright/1.58.0/.playwright/package/lib/server/utils/linuxUtils.js" to "/tmp/ghost-build/bin/Ghost.Sdk.Spider/Debug/net10.0/.playwright/package/lib/server/utils/linuxUtils.js".
         Copying file from "/home/rrj/.nuget/packages/patchright/1.58.0/.playwright/package/lib/server/utils/network.js" to "/tmp/ghost-build/bin/Ghost.Sdk.Spider/Debug/net10.0/.playwright/package/lib/server/utils/network.js".
         Copying file from "/home/rrj/.nuget/packages/patchright/1.58.0/.playwright/package/lib/server/utils/nodePlatform.js" to "/tmp/ghost-build/bin/Ghost.Sdk.Spider/Debug/net10.0/.playwright/package/lib/server/utils/nodePlatform.js".
         Copying file from "/home/rrj/.nuget/packages/patchright/1.58.0/.playwright/package/lib/server/utils/pipeTransport.js" to "/tmp/ghost-build/bin/Ghost.Sdk.Spider/Debug/net10.0/.playwright/package/lib/server/utils/pipeTransport.js".
         Copying file from "/home/rrj/.nuget/packages/patchright/1.58.0/.playwright/package/lib/server/utils/processLauncher.js" to "/tmp/ghost-build/bin/Ghost.Sdk.Spider/Debug/net10.0/.playwright/package/lib/server/utils/processLauncher.js".
         Copying file from "/home/rrj/.nuget/packages/patchright/1.58.0/.playwright/package/lib/server/utils/profiler.js" to "/tmp/ghost-build/bin/Ghost.Sdk.Spider/Debug/net10.0/.playwright/package/lib/server/utils/profiler.js".
         Copying file from "/home/rrj/.nuget/packages/patchright/1.58.0/.playwright/package/lib/server/utils/socksProxy.js" to "/tmp/ghost-build/bin/Ghost.Sdk.Spider/Debug/net10.0/.playwright/package/lib/server/utils/socksProxy.js".
         Copying file from "/home/rrj/.nuget/packages/patchright/1.58.0/.playwright/package/lib/server/utils/spawnAsync.js" to "/tmp/ghost-build/bin/Ghost.Sdk.Spider/Debug/net10.0/.playwright/package/lib/server/utils/spawnAsync.js".
         Copying file from "/home/rrj/.nuget/packages/patchright/1.58.0/.playwright/package/lib/server/utils/task.js" to "/tmp/ghost-build/bin/Ghost.Sdk.Spider/Debug/net10.0/.playwright/package/lib/server/utils/task.js".
         Copying file from "/home/rrj/.nuget/packages/patchright/1.58.0/.playwright/package/lib/server/utils/userAgent.js" to "/tmp/ghost-build/bin/Ghost.Sdk.Spider/Debug/net10.0/.playwright/package/lib/server/utils/userAgent.js".
         Copying file from "/home/rrj/.nuget/packages/patchright/1.58.0/.playwright/package/lib/server/utils/wsServer.js" to "/tmp/ghost-build/bin/Ghost.Sdk.Spider/Debug/net10.0/.playwright/package/lib/server/utils/wsServer.js".
         Copying file from "/home/rrj/.nuget/packages/patchright/1.58.0/.playwright/package/lib/server/utils/zipFile.js" to "/tmp/ghost-build/bin/Ghost.Sdk.Spider/Debug/net10.0/.playwright/package/lib/server/utils/zipFile.js".
         Copying file from "/home/rrj/.nuget/packages/patchright/1.58.0/.playwright/package/lib/server/utils/zones.js" to "/tmp/ghost-build/bin/Ghost.Sdk.Spider/Debug/net10.0/.playwright/package/lib/server/utils/zones.js".
         Copying file from "/home/rrj/.nuget/packages/patchright/1.58.0/.playwright/package/lib/server/videoRecorder.js" to "/tmp/ghost-build/bin/Ghost.Sdk.Spider/Debug/net10.0/.playwright/package/lib/server/videoRecorder.js".
         Copying file from "/home/rrj/.nuget/packages/patchright/1.58.0/.playwright/package/lib/server/webkit/protocol.d.js" to "/tmp/ghost-build/bin/Ghost.Sdk.Spider/Debug/net10.0/.playwright/package/lib/server/webkit/protocol.d.js".
         Copying file from "/home/rrj/.nuget/packages/patchright/1.58.0/.playwright/package/lib/server/webkit/webkit.js" to "/tmp/ghost-build/bin/Ghost.Sdk.Spider/Debug/net10.0/.playwright/package/lib/server/webkit/webkit.js".
         Copying file from "/home/rrj/.nuget/packages/patchright/1.58.0/.playwright/package/lib/server/webkit/wkBrowser.js" to "/tmp/ghost-build/bin/Ghost.Sdk.Spider/Debug/net10.0/.playwright/package/lib/server/webkit/wkBrowser.js".
         Copying file from "/home/rrj/.nuget/packages/patchright/1.58.0/.playwright/package/lib/server/utils/imageUtils.js" to "/tmp/ghost-build/bin/Ghost.Sdk.Spider/Debug/net10.0/.playwright/package/lib/server/utils/imageUtils.js".
         Copying file from "/home/rrj/.nuget/packages/patchright/1.58.0/.playwright/package/lib/server/webkit/wkConnection.js" to "/tmp/ghost-build/bin/Ghost.Sdk.Spider/Debug/net10.0/.playwright/package/lib/server/webkit/wkConnection.js".
         Copying file from "/home/rrj/.nuget/packages/patchright/1.58.0/.playwright/package/lib/server/webkit/wkExecutionContext.js" to "/tmp/ghost-build/bin/Ghost.Sdk.Spider/Debug/net10.0/.playwright/package/lib/server/webkit/wkExecutionContext.js".
         Copying file from "/home/rrj/.nuget/packages/patchright/1.58.0/.playwright/package/lib/server/webkit/wkInput.js" to "/tmp/ghost-build/bin/Ghost.Sdk.Spider/Debug/net10.0/.playwright/package/lib/server/webkit/wkInput.js".
         Copying file from "/home/rrj/.nuget/packages/patchright/1.58.0/.playwright/package/lib/server/webkit/wkInterceptableRequest.js" to "/tmp/ghost-build/bin/Ghost.Sdk.Spider/Debug/net10.0/.playwright/package/lib/server/webkit/wkInterceptableRequest.js".
         Copying file from "/home/rrj/.nuget/packages/patchright/1.58.0/.playwright/package/lib/server/webkit/wkPage.js" to "/tmp/ghost-build/bin/Ghost.Sdk.Spider/Debug/net10.0/.playwright/package/lib/server/webkit/wkPage.js".
         Copying file from "/home/rrj/.nuget/packages/patchright/1.58.0/.playwright/package/lib/server/webkit/wkProvisionalPage.js" to "/tmp/ghost-build/bin/Ghost.Sdk.Spider/Debug/net10.0/.playwright/package/lib/server/webkit/wkProvisionalPage.js".
         Copying file from "/home/rrj/.nuget/packages/patchright/1.58.0/.playwright/package/lib/server/webkit/wkWorkers.js" to "/tmp/ghost-build/bin/Ghost.Sdk.Spider/Debug/net10.0/.playwright/package/lib/server/webkit/wkWorkers.js".
         Copying file from "/home/rrj/.nuget/packages/patchright/1.58.0/.playwright/package/lib/third_party/pixelmatch.js" to "/tmp/ghost-build/bin/Ghost.Sdk.Spider/Debug/net10.0/.playwright/package/lib/third_party/pixelmatch.js".
         Copying file from "/home/rrj/.nuget/packages/patchright/1.58.0/.playwright/package/lib/utils.js" to "/tmp/ghost-build/bin/Ghost.Sdk.Spider/Debug/net10.0/.playwright/package/lib/utils.js".
         Copying file from "/home/rrj/.nuget/packages/patchright/1.58.0/.playwright/package/lib/server/trace/recorder/snapshotter.js" to "/tmp/ghost-build/bin/Ghost.Sdk.Spider/Debug/net10.0/.playwright/package/lib/server/trace/recorder/snapshotter.js".
         Copying file from "/home/rrj/.nuget/packages/patchright/1.58.0/.playwright/package/lib/utils/isomorphic/assert.js" to "/tmp/ghost-build/bin/Ghost.Sdk.Spider/Debug/net10.0/.playwright/package/lib/utils/isomorphic/assert.js".
         Copying file from "/home/rrj/.nuget/packages/patchright/1.58.0/.playwright/package/lib/utils/isomorphic/colors.js" to "/tmp/ghost-build/bin/Ghost.Sdk.Spider/Debug/net10.0/.playwright/package/lib/utils/isomorphic/colors.js".
         Copying file from "/home/rrj/.nuget/packages/patchright/1.58.0/.playwright/package/lib/utils/isomorphic/cssParser.js" to "/tmp/ghost-build/bin/Ghost.Sdk.Spider/Debug/net10.0/.playwright/package/lib/utils/isomorphic/cssParser.js".
         Copying file from "/home/rrj/.nuget/packages/patchright/1.58.0/.playwright/package/lib/utils/isomorphic/cssTokenizer.js" to "/tmp/ghost-build/bin/Ghost.Sdk.Spider/Debug/net10.0/.playwright/package/lib/utils/isomorphic/cssTokenizer.js".
         Copying file from "/home/rrj/.nuget/packages/patchright/1.58.0/.playwright/package/lib/utils/isomorphic/headers.js" to "/tmp/ghost-build/bin/Ghost.Sdk.Spider/Debug/net10.0/.playwright/package/lib/utils/isomorphic/headers.js".
         Copying file from "/home/rrj/.nuget/packages/patchright/1.58.0/.playwright/package/lib/utils/isomorphic/locatorGenerators.js" to "/tmp/ghost-build/bin/Ghost.Sdk.Spider/Debug/net10.0/.playwright/package/lib/utils/isomorphic/locatorGenerators.js".
         Copying file from "/home/rrj/.nuget/packages/patchright/1.58.0/.playwright/package/lib/utils/isomorphic/locatorParser.js" to "/tmp/ghost-build/bin/Ghost.Sdk.Spider/Debug/net10.0/.playwright/package/lib/utils/isomorphic/locatorParser.js".
         Copying file from "/home/rrj/.nuget/packages/patchright/1.58.0/.playwright/package/lib/utils/isomorphic/locatorUtils.js" to "/tmp/ghost-build/bin/Ghost.Sdk.Spider/Debug/net10.0/.playwright/package/lib/utils/isomorphic/locatorUtils.js".
         Copying file from "/home/rrj/.nuget/packages/patchright/1.58.0/.playwright/package/lib/utils/isomorphic/lruCache.js" to "/tmp/ghost-build/bin/Ghost.Sdk.Spider/Debug/net10.0/.playwright/package/lib/utils/isomorphic/lruCache.js".
         Copying file from "/home/rrj/.nuget/packages/patchright/1.58.0/.playwright/package/lib/utils/isomorphic/manualPromise.js" to "/tmp/ghost-build/bin/Ghost.Sdk.Spider/Debug/net10.0/.playwright/package/lib/utils/isomorphic/manualPromise.js".
         Copying file from "/home/rrj/.nuget/packages/patchright/1.58.0/.playwright/package/lib/utils/isomorphic/mimeType.js" to "/tmp/ghost-build/bin/Ghost.Sdk.Spider/Debug/net10.0/.playwright/package/lib/utils/isomorphic/mimeType.js".
         Copying file from "/home/rrj/.nuget/packages/patchright/1.58.0/.playwright/package/lib/utils/isomorphic/multimap.js" to "/tmp/ghost-build/bin/Ghost.Sdk.Spider/Debug/net10.0/.playwright/package/lib/utils/isomorphic/multimap.js".
         Copying file from "/home/rrj/.nuget/packages/patchright/1.58.0/.playwright/package/lib/utils/isomorphic/oldUtilityScriptSerializers.js" to "/tmp/ghost-build/bin/Ghost.Sdk.Spider/Debug/net10.0/.playwright/package/lib/utils/isomorphic/oldUtilityScriptSerializers.js".
         Copying file from "/home/rrj/.nuget/packages/patchright/1.58.0/.playwright/package/lib/utils/isomorphic/protocolFormatter.js" to "/tmp/ghost-build/bin/Ghost.Sdk.Spider/Debug/net10.0/.playwright/package/lib/utils/isomorphic/protocolFormatter.js".
         Copying file from "/home/rrj/.nuget/packages/patchright/1.58.0/.playwright/package/lib/utils/isomorphic/protocolMetainfo.js" to "/tmp/ghost-build/bin/Ghost.Sdk.Spider/Debug/net10.0/.playwright/package/lib/utils/isomorphic/protocolMetainfo.js".
         Copying file from "/home/rrj/.nuget/packages/patchright/1.58.0/.playwright/package/lib/utils/isomorphic/rtti.js" to "/tmp/ghost-build/bin/Ghost.Sdk.Spider/Debug/net10.0/.playwright/package/lib/utils/isomorphic/rtti.js".
         Copying file from "/home/rrj/.nuget/packages/patchright/1.58.0/.playwright/package/lib/utils/isomorphic/selectorParser.js" to "/tmp/ghost-build/bin/Ghost.Sdk.Spider/Debug/net10.0/.playwright/package/lib/utils/isomorphic/selectorParser.js".
         Copying file from "/home/rrj/.nuget/packages/patchright/1.58.0/.playwright/package/lib/utils/isomorphic/semaphore.js" to "/tmp/ghost-build/bin/Ghost.Sdk.Spider/Debug/net10.0/.playwright/package/lib/utils/isomorphic/semaphore.js".
         Copying file from "/home/rrj/.nuget/packages/patchright/1.58.0/.playwright/package/lib/utils/isomorphic/stackTrace.js" to "/tmp/ghost-build/bin/Ghost.Sdk.Spider/Debug/net10.0/.playwright/package/lib/utils/isomorphic/stackTrace.js".
         Copying file from "/home/rrj/.nuget/packages/patchright/1.58.0/.playwright/package/lib/utils/isomorphic/stringUtils.js" to "/tmp/ghost-build/bin/Ghost.Sdk.Spider/Debug/net10.0/.playwright/package/lib/utils/isomorphic/stringUtils.js".
         Copying file from "/home/rrj/.nuget/packages/patchright/1.58.0/.playwright/package/lib/utils/isomorphic/time.js" to "/tmp/ghost-build/bin/Ghost.Sdk.Spider/Debug/net10.0/.playwright/package/lib/utils/isomorphic/time.js".
         Copying file from "/home/rrj/.nuget/packages/patchright/1.58.0/.playwright/package/lib/utils/isomorphic/timeoutRunner.js" to "/tmp/ghost-build/bin/Ghost.Sdk.Spider/Debug/net10.0/.playwright/package/lib/utils/isomorphic/timeoutRunner.js".
         Copying file from "/home/rrj/.nuget/packages/patchright/1.58.0/.playwright/package/lib/utils/isomorphic/trace/entries.js" to "/tmp/ghost-build/bin/Ghost.Sdk.Spider/Debug/net10.0/.playwright/package/lib/utils/isomorphic/trace/entries.js".
         Copying file from "/home/rrj/.nuget/packages/patchright/1.58.0/.playwright/package/lib/utils/isomorphic/trace/snapshotRenderer.js" to "/tmp/ghost-build/bin/Ghost.Sdk.Spider/Debug/net10.0/.playwright/package/lib/utils/isomorphic/trace/snapshotRenderer.js".
         Copying file from "/home/rrj/.nuget/packages/patchright/1.58.0/.playwright/package/lib/utils/isomorphic/trace/snapshotServer.js" to "/tmp/ghost-build/bin/Ghost.Sdk.Spider/Debug/net10.0/.playwright/package/lib/utils/isomorphic/trace/snapshotServer.js".
         Copying file from "/home/rrj/.nuget/packages/patchright/1.58.0/.playwright/package/lib/utils/isomorphic/trace/snapshotStorage.js" to "/tmp/ghost-build/bin/Ghost.Sdk.Spider/Debug/net10.0/.playwright/package/lib/utils/isomorphic/trace/snapshotStorage.js".
         Copying file from "/home/rrj/.nuget/packages/patchright/1.58.0/.playwright/package/lib/utils/isomorphic/trace/traceLoader.js" to "/tmp/ghost-build/bin/Ghost.Sdk.Spider/Debug/net10.0/.playwright/package/lib/utils/isomorphic/trace/traceLoader.js".
         Copying file from "/home/rrj/.nuget/packages/patchright/1.58.0/.playwright/package/lib/utils/isomorphic/trace/traceModel.js" to "/tmp/ghost-build/bin/Ghost.Sdk.Spider/Debug/net10.0/.playwright/package/lib/utils/isomorphic/trace/traceModel.js".
         Copying file from "/home/rrj/.nuget/packages/patchright/1.58.0/.playwright/package/lib/utils/isomorphic/trace/traceModernizer.js" to "/tmp/ghost-build/bin/Ghost.Sdk.Spider/Debug/net10.0/.playwright/package/lib/utils/isomorphic/trace/traceModernizer.js".
         Copying file from "/home/rrj/.nuget/packages/patchright/1.58.0/.playwright/package/lib/utils/isomorphic/trace/versions/traceV3.js" to "/tmp/ghost-build/bin/Ghost.Sdk.Spider/Debug/net10.0/.playwright/package/lib/utils/isomorphic/trace/versions/traceV3.js".
         Copying file from "/home/rrj/.nuget/packages/patchright/1.58.0/.playwright/package/lib/utils/isomorphic/trace/versions/traceV4.js" to "/tmp/ghost-build/bin/Ghost.Sdk.Spider/Debug/net10.0/.playwright/package/lib/utils/isomorphic/trace/versions/traceV4.js".
         Copying file from "/home/rrj/.nuget/packages/patchright/1.58.0/.playwright/package/lib/utils/isomorphic/trace/versions/traceV5.js" to "/tmp/ghost-build/bin/Ghost.Sdk.Spider/Debug/net10.0/.playwright/package/lib/utils/isomorphic/trace/versions/traceV5.js".
         Copying file from "/home/rrj/.nuget/packages/patchright/1.58.0/.playwright/package/lib/utils/isomorphic/trace/versions/traceV6.js" to "/tmp/ghost-build/bin/Ghost.Sdk.Spider/Debug/net10.0/.playwright/package/lib/utils/isomorphic/trace/versions/traceV6.js".
         Copying file from "/home/rrj/.nuget/packages/patchright/1.58.0/.playwright/package/lib/utils/isomorphic/trace/versions/traceV7.js" to "/tmp/ghost-build/bin/Ghost.Sdk.Spider/Debug/net10.0/.playwright/package/lib/utils/isomorphic/trace/versions/traceV7.js".
         Copying file from "/home/rrj/.nuget/packages/patchright/1.58.0/.playwright/package/lib/utils/isomorphic/trace/versions/traceV8.js" to "/tmp/ghost-build/bin/Ghost.Sdk.Spider/Debug/net10.0/.playwright/package/lib/utils/isomorphic/trace/versions/traceV8.js".
         Copying file from "/home/rrj/.nuget/packages/patchright/1.58.0/.playwright/package/lib/utils/isomorphic/traceUtils.js" to "/tmp/ghost-build/bin/Ghost.Sdk.Spider/Debug/net10.0/.playwright/package/lib/utils/isomorphic/traceUtils.js".
         Copying file from "/home/rrj/.nuget/packages/patchright/1.58.0/.playwright/package/lib/utils/isomorphic/types.js" to "/tmp/ghost-build/bin/Ghost.Sdk.Spider/Debug/net10.0/.playwright/package/lib/utils/isomorphic/types.js".
         Copying file from "/home/rrj/.nuget/packages/patchright/1.58.0/.playwright/package/lib/utils/isomorphic/urlMatch.js" to "/tmp/ghost-build/bin/Ghost.Sdk.Spider/Debug/net10.0/.playwright/package/lib/utils/isomorphic/urlMatch.js".
         Copying file from "/home/rrj/.nuget/packages/patchright/1.58.0/.playwright/package/lib/utils/isomorphic/yaml.js" to "/tmp/ghost-build/bin/Ghost.Sdk.Spider/Debug/net10.0/.playwright/package/lib/utils/isomorphic/yaml.js".
         Copying file from "/home/rrj/.nuget/packages/patchright/1.58.0/.playwright/package/lib/utilsBundle.js" to "/tmp/ghost-build/bin/Ghost.Sdk.Spider/Debug/net10.0/.playwright/package/lib/utilsBundle.js".
         Copying file from "/home/rrj/.nuget/packages/patchright/1.58.0/.playwright/package/lib/utils/isomorphic/utilityScriptSerializers.js" to "/tmp/ghost-build/bin/Ghost.Sdk.Spider/Debug/net10.0/.playwright/package/lib/utils/isomorphic/utilityScriptSerializers.js".
         Copying file from "/home/rrj/.nuget/packages/patchright/1.58.0/.playwright/package/lib/utilsBundleImpl/xdg-open" to "/tmp/ghost-build/bin/Ghost.Sdk.Spider/Debug/net10.0/.playwright/package/lib/utilsBundleImpl/xdg-open".
         Copying file from "/home/rrj/.nuget/packages/patchright/1.58.0/.playwright/package/lib/vite/htmlReport/index.html" to "/tmp/ghost-build/bin/Ghost.Sdk.Spider/Debug/net10.0/.playwright/package/lib/vite/htmlReport/index.html".
         Copying file from "/home/rrj/.nuget/packages/patchright/1.58.0/.playwright/package/lib/vite/recorder/assets/codeMirrorModule-CFUTFUO7.js" to "/tmp/ghost-build/bin/Ghost.Sdk.Spider/Debug/net10.0/.playwright/package/lib/vite/recorder/assets/codeMirrorModule-CFUTFUO7.js".
         Copying file from "/home/rrj/.nuget/packages/patchright/1.58.0/.playwright/package/lib/vite/recorder/assets/codeMirrorModule-DYBRYzYX.css" to "/tmp/ghost-build/bin/Ghost.Sdk.Spider/Debug/net10.0/.playwright/package/lib/vite/recorder/assets/codeMirrorModule-DYBRYzYX.css".
         Copying file from "/home/rrj/.nuget/packages/patchright/1.58.0/.playwright/package/lib/vite/recorder/assets/codicon-DCmgc-ay.ttf" to "/tmp/ghost-build/bin/Ghost.Sdk.Spider/Debug/net10.0/.playwright/package/lib/vite/recorder/assets/codicon-DCmgc-ay.ttf".
         Copying file from "/home/rrj/.nuget/packages/patchright/1.58.0/.playwright/package/lib/vite/recorder/assets/index-BSjZa4pk.css" to "/tmp/ghost-build/bin/Ghost.Sdk.Spider/Debug/net10.0/.playwright/package/lib/vite/recorder/assets/index-BSjZa4pk.css".
         Copying file from "/home/rrj/.nuget/packages/patchright/1.58.0/.playwright/package/lib/vite/recorder/assets/index-CVkBxsGf.js" to "/tmp/ghost-build/bin/Ghost.Sdk.Spider/Debug/net10.0/.playwright/package/lib/vite/recorder/assets/index-CVkBxsGf.js".
         Copying file from "/home/rrj/.nuget/packages/patchright/1.58.0/.playwright/package/lib/vite/recorder/index.html" to "/tmp/ghost-build/bin/Ghost.Sdk.Spider/Debug/net10.0/.playwright/package/lib/vite/recorder/index.html".
         Copying file from "/home/rrj/.nuget/packages/patchright/1.58.0/.playwright/package/lib/vite/recorder/playwright-logo.svg" to "/tmp/ghost-build/bin/Ghost.Sdk.Spider/Debug/net10.0/.playwright/package/lib/vite/recorder/playwright-logo.svg".
         Copying file from "/home/rrj/.nuget/packages/patchright/1.58.0/.playwright/package/lib/vite/traceViewer/assets/codeMirrorModule-BVA4h_ZY.js" to "/tmp/ghost-build/bin/Ghost.Sdk.Spider/Debug/net10.0/.playwright/package/lib/vite/traceViewer/assets/codeMirrorModule-BVA4h_ZY.js".
         Copying file from "/home/rrj/.nuget/packages/patchright/1.58.0/.playwright/package/lib/vite/traceViewer/assets/defaultSettingsView-CjfmcdOz.js" to "/tmp/ghost-build/bin/Ghost.Sdk.Spider/Debug/net10.0/.playwright/package/lib/vite/traceViewer/assets/defaultSettingsView-CjfmcdOz.js".
         Copying file from "/home/rrj/.nuget/packages/patchright/1.58.0/.playwright/package/lib/vite/traceViewer/assets/xtermModule-CsJ4vdCR.js" to "/tmp/ghost-build/bin/Ghost.Sdk.Spider/Debug/net10.0/.playwright/package/lib/vite/traceViewer/assets/xtermModule-CsJ4vdCR.js".
         Copying file from "/home/rrj/.nuget/packages/patchright/1.58.0/.playwright/package/lib/vite/traceViewer/codeMirrorModule.DYBRYzYX.css" to "/tmp/ghost-build/bin/Ghost.Sdk.Spider/Debug/net10.0/.playwright/package/lib/vite/traceViewer/codeMirrorModule.DYBRYzYX.css".
         Copying file from "/home/rrj/.nuget/packages/patchright/1.58.0/.playwright/package/lib/vite/traceViewer/codicon.DCmgc-ay.ttf" to "/tmp/ghost-build/bin/Ghost.Sdk.Spider/Debug/net10.0/.playwright/package/lib/vite/traceViewer/codicon.DCmgc-ay.ttf".
         Copying file from "/home/rrj/.nuget/packages/patchright/1.58.0/.playwright/package/lib/utils/isomorphic/ariaSnapshot.js" to "/tmp/ghost-build/bin/Ghost.Sdk.Spider/Debug/net10.0/.playwright/package/lib/utils/isomorphic/ariaSnapshot.js".
         Copying file from "/home/rrj/.nuget/packages/patchright/1.58.0/.playwright/package/lib/vite/traceViewer/index.BtyWtaE-.js" to "/tmp/ghost-build/bin/Ghost.Sdk.Spider/Debug/net10.0/.playwright/package/lib/vite/traceViewer/index.BtyWtaE-.js".
         Copying file from "/home/rrj/.nuget/packages/patchright/1.58.0/.playwright/package/lib/vite/traceViewer/index.BVu7tZDe.css" to "/tmp/ghost-build/bin/Ghost.Sdk.Spider/Debug/net10.0/.playwright/package/lib/vite/traceViewer/index.BVu7tZDe.css".
         Copying file from "/home/rrj/.nuget/packages/patchright/1.58.0/.playwright/package/lib/vite/traceViewer/index.html" to "/tmp/ghost-build/bin/Ghost.Sdk.Spider/Debug/net10.0/.playwright/package/lib/vite/traceViewer/index.html".
         Copying file from "/home/rrj/.nuget/packages/patchright/1.58.0/.playwright/package/lib/vite/traceViewer/manifest.webmanifest" to "/tmp/ghost-build/bin/Ghost.Sdk.Spider/Debug/net10.0/.playwright/package/lib/vite/traceViewer/manifest.webmanifest".
         Copying file from "/home/rrj/.nuget/packages/patchright/1.58.0/.playwright/package/lib/vite/traceViewer/playwright-logo.svg" to "/tmp/ghost-build/bin/Ghost.Sdk.Spider/Debug/net10.0/.playwright/package/lib/vite/traceViewer/playwright-logo.svg".
         Copying file from "/home/rrj/.nuget/packages/patchright/1.58.0/.playwright/package/lib/vite/traceViewer/snapshot.html" to "/tmp/ghost-build/bin/Ghost.Sdk.Spider/Debug/net10.0/.playwright/package/lib/vite/traceViewer/snapshot.html".
         Copying file from "/home/rrj/.nuget/packages/patchright/1.58.0/.playwright/package/lib/vite/traceViewer/sw.bundle.js" to "/tmp/ghost-build/bin/Ghost.Sdk.Spider/Debug/net10.0/.playwright/package/lib/vite/traceViewer/sw.bundle.js".
         Copying file from "/home/rrj/.nuget/packages/patchright/1.58.0/.playwright/package/lib/vite/traceViewer/uiMode.Btcz36p_.css" to "/tmp/ghost-build/bin/Ghost.Sdk.Spider/Debug/net10.0/.playwright/package/lib/vite/traceViewer/uiMode.Btcz36p_.css".
         Copying file from "/home/rrj/.nuget/packages/patchright/1.58.0/.playwright/package/lib/vite/traceViewer/uiMode.fyrXARf2.js" to "/tmp/ghost-build/bin/Ghost.Sdk.Spider/Debug/net10.0/.playwright/package/lib/vite/traceViewer/uiMode.fyrXARf2.js".
         Copying file from "/home/rrj/.nuget/packages/patchright/1.58.0/.playwright/package/lib/vite/traceViewer/uiMode.html" to "/tmp/ghost-build/bin/Ghost.Sdk.Spider/Debug/net10.0/.playwright/package/lib/vite/traceViewer/uiMode.html".
         Copying file from "/home/rrj/.nuget/packages/patchright/1.58.0/.playwright/package/lib/vite/traceViewer/xtermModule.DYP7pi_n.css" to "/tmp/ghost-build/bin/Ghost.Sdk.Spider/Debug/net10.0/.playwright/package/lib/vite/traceViewer/xtermModule.DYP7pi_n.css".
         Copying file from "/home/rrj/.nuget/packages/patchright/1.58.0/.playwright/package/lib/zipBundle.js" to "/tmp/ghost-build/bin/Ghost.Sdk.Spider/Debug/net10.0/.playwright/package/lib/zipBundle.js".
         Copying file from "/home/rrj/.nuget/packages/patchright/1.58.0/.playwright/package/lib/zipBundleImpl.js" to "/tmp/ghost-build/bin/Ghost.Sdk.Spider/Debug/net10.0/.playwright/package/lib/zipBundleImpl.js".
         Copying file from "/home/rrj/.nuget/packages/patchright/1.58.0/.playwright/package/package.json" to "/tmp/ghost-build/bin/Ghost.Sdk.Spider/Debug/net10.0/.playwright/package/package.json".
         Copying file from "/home/rrj/.nuget/packages/patchright/1.58.0/.playwright/package/protocol.yml" to "/tmp/ghost-build/bin/Ghost.Sdk.Spider/Debug/net10.0/.playwright/package/protocol.yml".
         Copying file from "/home/rrj/.nuget/packages/patchright/1.58.0/.playwright/package/README.md" to "/tmp/ghost-build/bin/Ghost.Sdk.Spider/Debug/net10.0/.playwright/package/README.md".
         Copying file from "/home/rrj/.nuget/packages/patchright/1.58.0/.playwright/package/ThirdPartyNotices.txt" to "/tmp/ghost-build/bin/Ghost.Sdk.Spider/Debug/net10.0/.playwright/package/ThirdPartyNotices.txt".
         Copying file from "/home/rrj/.nuget/packages/patchright/1.58.0/.playwright/package/types/protocol.d.ts" to "/tmp/ghost-build/bin/Ghost.Sdk.Spider/Debug/net10.0/.playwright/package/types/protocol.d.ts".
         Copying file from "/home/rrj/.nuget/packages/patchright/1.58.0/.playwright/package/types/structs.d.ts" to "/tmp/ghost-build/bin/Ghost.Sdk.Spider/Debug/net10.0/.playwright/package/types/structs.d.ts".
         Copying file from "/home/rrj/.nuget/packages/patchright/1.58.0/.playwright/package/types/types.d.ts" to "/tmp/ghost-build/bin/Ghost.Sdk.Spider/Debug/net10.0/.playwright/package/types/types.d.ts".
         Copying file from "/home/rrj/.nuget/packages/patchright/1.58.0/.playwright/package/lib/utilsBundleImpl/index.js" to "/tmp/ghost-build/bin/Ghost.Sdk.Spider/Debug/net10.0/.playwright/package/lib/utilsBundleImpl/index.js".
         Copying file from "/home/rrj/.nuget/packages/patchright/1.58.0/buildTransitive/playwright.ps1" to "/tmp/ghost-build/bin/Ghost.Sdk.Spider/Debug/net10.0/playwright.ps1".
         Copying file from "/home/rrj/.nuget/packages/patchright/1.58.0/.playwright/package/lib/vite/traceViewer/defaultSettingsView.7ch9cixO.css" to "/tmp/ghost-build/bin/Ghost.Sdk.Spider/Debug/net10.0/.playwright/package/lib/vite/traceViewer/defaultSettingsView.7ch9cixO.css".
       CopyFilesToOutputDirectory:
         Copying file from "/tmp/ghost-build/obj/Ghost.Sdk.Spider/Debug/net10.0/Ghost.Sdk.Spider.dll" to "/tmp/ghost-build/bin/Ghost.Sdk.Spider/Debug/net10.0/Ghost.Sdk.Spider.dll".
         Copying reference assembly from "/tmp/ghost-build/obj/Ghost.Sdk.Spider/Debug/net10.0/refint/Ghost.Sdk.Spider.dll" to "/tmp/ghost-build/obj/Ghost.Sdk.Spider/Debug/net10.0/ref/Ghost.Sdk.Spider.dll".
         Ghost.Sdk.Spider -> /tmp/ghost-build/bin/Ghost.Sdk.Spider/Debug/net10.0/Ghost.Sdk.Spider.dll
         Copying file from "/tmp/ghost-build/obj/Ghost.Sdk.Spider/Debug/net10.0/Ghost.Sdk.Spider.pdb" to "/tmp/ghost-build/bin/Ghost.Sdk.Spider/Debug/net10.0/Ghost.Sdk.Spider.pdb".
         Copying file from "/tmp/ghost-build/obj/Ghost.Sdk.Spider/Debug/net10.0/Ghost.Sdk.Spider.xml" to "/tmp/ghost-build/bin/Ghost.Sdk.Spider/Debug/net10.0/Ghost.Sdk.Spider.xml".
       PlaywrightChmodExecutables:
         chmod +x "/tmp/ghost-build/bin/Ghost.Sdk.Spider/Debug/net10.0/.playwright/node/linux-x64/node"
    17>Done Building Project "/home/rrj/src/github/rudironsoni/Ghost/src/Sdk/Ghost.Sdk.Spider/Ghost.Sdk.Spider.csproj" (default targets).
     1>Project "/home/rrj/src/github/rudironsoni/Ghost/Ghost.sln" (1) is building "/home/rrj/src/github/rudironsoni/Ghost/src/Engine/Ghost.Engine/Ghost.Engine.csproj" (24) on node 4 (default targets).
    24>_GenerateSourceLinkFile:
         Updating Source Link file '/tmp/ghost-build/obj/Ghost.Engine/Debug/net10.0/Ghost.Engine.sourcelink.json'.
       CoreCompile:
         Setting DOTNET_ROOT to '/usr/share/dotnet'
         /usr/share/dotnet/sdk/10.0.103/Roslyn/bincore/csc /noconfig /unsafe- /checked- /nowarn:1701,1702,1701,1702 /fullpaths /nostdlib+ /errorreport:prompt /warn:10 /define:TRACE;DEBUG;NET;NET10_0;NETCOREAPP;NET5_0_OR_GREATER;NET6_0_OR_GREATER;NET7_0_OR_GREATER;NET8_0_OR_GREATER;NET9_0_OR_GREATER;NET10_0_OR_GREATER;NETCOREAPP1_0_OR_GREATER;NETCOREAPP1_1_OR_GREATER;NETCOREAPP2_0_OR_GREATER;NETCOREAPP2_1_OR_GREATER;NETCOREAPP2_2_OR_GREATER;NETCOREAPP3_0_OR_GREATER;NETCOREAPP3_1_OR_GREATER /highentropyva+ /nullable:enable /reference:/tmp/ghost-build/obj/Ghost.Engine.Abstractions/Debug/net10.0/ref/Ghost.Engine.Abstractions.dll /reference:/usr/share/dotnet/packs/Microsoft.NETCore.App.Ref/10.0.3/ref/net10.0/Microsoft.CSharp.dll /reference:/usr/share/dotnet/packs/Microsoft.NETCore.App.Ref/10.0.3/ref/net10.0/Microsoft.VisualBasic.Core.dll /reference:/usr/share/dotnet/packs/Microsoft.NETCore.App.Ref/10.0.3/ref/net10.0/Microsoft.VisualBasic.dll /reference:/usr/share/dotnet/packs/Microsoft.NETCore.App.Ref/10.0.3/ref/net10.0/Microsoft.Win32.Primitives.dll /reference:/usr/share/dotnet/packs/Microsoft.NETCore.App.Ref/10.0.3/ref/net10.0/Microsoft.Win32.Registry.dll /reference:/usr/share/dotnet/packs/Microsoft.NETCore.App.Ref/10.0.3/ref/net10.0/mscorlib.dll /reference:/usr/share/dotnet/packs/Microsoft.NETCore.App.Ref/10.0.3/ref/net10.0/netstandard.dll /reference:/usr/share/dotnet/packs/Microsoft.NETCore.App.Ref/10.0.3/ref/net10.0/System.AppContext.dll /reference:/usr/share/dotnet/packs/Microsoft.NETCore.App.Ref/10.0.3/ref/net10.0/System.Buffers.dll /reference:/usr/share/dotnet/packs/Microsoft.NETCore.App.Ref/10.0.3/ref/net10.0/System.Collections.Concurrent.dll /reference:/usr/share/dotnet/packs/Microsoft.NETCore.App.Ref/10.0.3/ref/net10.0/System.Collections.dll /reference:/usr/share/dotnet/packs/Microsoft.NETCore.App.Ref/10.0.3/ref/net10.0/System.Collections.Immutable.dll /reference:/usr/share/dotnet/packs/Microsoft.NETCore.App.Ref/10.0.3/ref/net10.0/System.Collections.NonGeneric.dll /reference:/usr/share/dotnet/packs/Microsoft.NETCore.App.Ref/10.0.3/ref/net10.0/System.Collections.Specialized.dll /reference:/usr/share/dotnet/packs/Microsoft.NETCore.App.Ref/10.0.3/ref/net10.0/System.ComponentModel.Annotations.dll /reference:/usr/share/dotnet/packs/Microsoft.NETCore.App.Ref/10.0.3/ref/net10.0/System.ComponentModel.DataAnnotations.dll /reference:/usr/share/dotnet/packs/Microsoft.NETCore.App.Ref/10.0.3/ref/net10.0/System.ComponentModel.dll /reference:/usr/share/dotnet/packs/Microsoft.NETCore.App.Ref/10.0.3/ref/net10.0/System.ComponentModel.EventBasedAsync.dll /reference:/usr/share/dotnet/packs/Microsoft.NETCore.App.Ref/10.0.3/ref/net10.0/System.ComponentModel.Primitives.dll /reference:/usr/share/dotnet/packs/Microsoft.NETCore.App.Ref/10.0.3/ref/net10.0/System.ComponentModel.TypeConverter.dll /reference:/usr/share/dotnet/packs/Microsoft.NETCore.App.Ref/10.0.3/ref/net10.0/System.Configuration.dll /reference:/usr/share/dotnet/packs/Microsoft.NETCore.App.Ref/10.0.3/ref/net10.0/System.Console.dll /reference:/usr/share/dotnet/packs/Microsoft.NETCore.App.Ref/10.0.3/ref/net10.0/System.Core.dll /reference:/usr/share/dotnet/packs/Microsoft.NETCore.App.Ref/10.0.3/ref/net10.0/System.Data.Common.dll /reference:/usr/share/dotnet/packs/Microsoft.NETCore.App.Ref/10.0.3/ref/net10.0/System.Data.DataSetExtensions.dll /reference:/usr/share/dotnet/packs/Microsoft.NETCore.App.Ref/10.0.3/ref/net10.0/System.Data.dll /reference:/usr/share/dotnet/packs/Microsoft.NETCore.App.Ref/10.0.3/ref/net10.0/System.Diagnostics.Contracts.dll /reference:/usr/share/dotnet/packs/Microsoft.NETCore.App.Ref/10.0.3/ref/net10.0/System.Diagnostics.Debug.dll /reference:/usr/share/dotnet/packs/Microsoft.NETCore.App.Ref/10.0.3/ref/net10.0/System.Diagnostics.DiagnosticSource.dll /reference:/usr/share/dotnet/packs/Microsoft.NETCore.App.Ref/10.0.3/ref/net10.0/System.Diagnostics.FileVersionInfo.dll /reference:/usr/share/dotnet/packs/Microsoft.NETCore.App.Ref/10.0.3/ref/net10.0/System.Diagnostics.Process.dll /reference:/usr/share/dotnet/packs/Microsoft.NETCore.App.Ref/10.0.3/ref/net10.0/System.Diagnostics.StackTrace.dll /reference:/usr/share/dotnet/packs/Microsoft.NETCore.App.Ref/10.0.3/ref/net10.0/System.Diagnostics.TextWriterTraceListener.dll /reference:/usr/share/dotnet/packs/Microsoft.NETCore.App.Ref/10.0.3/ref/net10.0/System.Diagnostics.Tools.dll /reference:/usr/share/dotnet/packs/Microsoft.NETCore.App.Ref/10.0.3/ref/net10.0/System.Diagnostics.TraceSource.dll /reference:/usr/share/dotnet/packs/Microsoft.NETCore.App.Ref/10.0.3/ref/net10.0/System.Diagnostics.Tracing.dll /reference:/usr/share/dotnet/packs/Microsoft.NETCore.App.Ref/10.0.3/ref/net10.0/System.dll /reference:/usr/share/dotnet/packs/Microsoft.NETCore.App.Ref/10.0.3/ref/net10.0/System.Drawing.dll /reference:/usr/share/dotnet/packs/Microsoft.NETCore.App.Ref/10.0.3/ref/net10.0/System.Drawing.Primitives.dll /reference:/usr/share/dotnet/packs/Microsoft.NETCore.App.Ref/10.0.3/ref/net10.0/System.Dynamic.Runtime.dll /reference:/usr/share/dotnet/packs/Microsoft.NETCore.App.Ref/10.0.3/ref/net10.0/System.Formats.Asn1.dll /reference:/usr/share/dotnet/packs/Microsoft.NETCore.App.Ref/10.0.3/ref/net10.0/System.Formats.Tar.dll /reference:/usr/share/dotnet/packs/Microsoft.NETCore.App.Ref/10.0.3/ref/net10.0/System.Globalization.Calendars.dll /reference:/usr/share/dotnet/packs/Microsoft.NETCore.App.Ref/10.0.3/ref/net10.0/System.Globalization.dll /reference:/usr/share/dotnet/packs/Microsoft.NETCore.App.Ref/10.0.3/ref/net10.0/System.Globalization.Extensions.dll /reference:/usr/share/dotnet/packs/Microsoft.NETCore.App.Ref/10.0.3/ref/net10.0/System.IO.Compression.Brotli.dll /reference:/usr/share/dotnet/packs/Microsoft.NETCore.App.Ref/10.0.3/ref/net10.0/System.IO.Compression.dll /reference:/usr/share/dotnet/packs/Microsoft.NETCore.App.Ref/10.0.3/ref/net10.0/System.IO.Compression.FileSystem.dll /reference:/usr/share/dotnet/packs/Microsoft.NETCore.App.Ref/10.0.3/ref/net10.0/System.IO.Compression.ZipFile.dll /reference:/usr/share/dotnet/packs/Microsoft.NETCore.App.Ref/10.0.3/ref/net10.0/System.IO.dll /reference:/usr/share/dotnet/packs/Microsoft.NETCore.App.Ref/10.0.3/ref/net10.0/System.IO.FileSystem.AccessControl.dll /reference:/usr/share/dotnet/packs/Microsoft.NETCore.App.Ref/10.0.3/ref/net10.0/System.IO.FileSystem.dll /reference:/usr/share/dotnet/packs/Microsoft.NETCore.App.Ref/10.0.3/ref/net10.0/System.IO.FileSystem.DriveInfo.dll /reference:/usr/share/dotnet/packs/Microsoft.NETCore.App.Ref/10.0.3/ref/net10.0/System.IO.FileSystem.Primitives.dll /reference:/usr/share/dotnet/packs/Microsoft.NETCore.App.Ref/10.0.3/ref/net10.0/System.IO.FileSystem.Watcher.dll /reference:/usr/share/dotnet/packs/Microsoft.NETCore.App.Ref/10.0.3/ref/net10.0/System.IO.IsolatedStorage.dll /reference:/usr/share/dotnet/packs/Microsoft.NETCore.App.Ref/10.0.3/ref/net10.0/System.IO.MemoryMappedFiles.dll /reference:/usr/share/dotnet/packs/Microsoft.NETCore.App.Ref/10.0.3/ref/net10.0/System.IO.Pipelines.dll /reference:/usr/share/dotnet/packs/Microsoft.NETCore.App.Ref/10.0.3/ref/net10.0/System.IO.Pipes.AccessControl.dll /reference:/usr/share/dotnet/packs/Microsoft.NETCore.App.Ref/10.0.3/ref/net10.0/System.IO.Pipes.dll /reference:/usr/share/dotnet/packs/Microsoft.NETCore.App.Ref/10.0.3/ref/net10.0/System.IO.UnmanagedMemoryStream.dll /reference:/usr/share/dotnet/packs/Microsoft.NETCore.App.Ref/10.0.3/ref/net10.0/System.Linq.AsyncEnumerable.dll /reference:/usr/share/dotnet/packs/Microsoft.NETCore.App.Ref/10.0.3/ref/net10.0/System.Linq.dll /reference:/usr/share/dotnet/packs/Microsoft.NETCore.App.Ref/10.0.3/ref/net10.0/System.Linq.Expressions.dll /reference:/usr/share/dotnet/packs/Microsoft.NETCore.App.Ref/10.0.3/ref/net10.0/System.Linq.Parallel.dll /reference:/usr/share/dotnet/packs/Microsoft.NETCore.App.Ref/10.0.3/ref/net10.0/System.Linq.Queryable.dll /reference:/usr/share/dotnet/packs/Microsoft.NETCore.App.Ref/10.0.3/ref/net10.0/System.Memory.dll /reference:/usr/share/dotnet/packs/Microsoft.NETCore.App.Ref/10.0.3/ref/net10.0/System.Net.dll /reference:/usr/share/dotnet/packs/Microsoft.NETCore.App.Ref/10.0.3/ref/net10.0/System.Net.Http.dll /reference:/usr/share/dotnet/packs/Microsoft.NETCore.App.Ref/10.0.3/ref/net10.0/System.Net.Http.Json.dll /reference:/usr/share/dotnet/packs/Microsoft.NETCore.App.Ref/10.0.3/ref/net10.0/System.Net.HttpListener.dll /reference:/usr/share/dotnet/packs/Microsoft.NETCore.App.Ref/10.0.3/ref/net10.0/System.Net.Mail.dll /reference:/usr/share/dotnet/packs/Microsoft.NETCore.App.Ref/10.0.3/ref/net10.0/System.Net.NameResolution.dll /reference:/usr/share/dotnet/packs/Microsoft.NETCore.App.Ref/10.0.3/ref/net10.0/System.Net.NetworkInformation.dll /reference:/usr/share/dotnet/packs/Microsoft.NETCore.App.Ref/10.0.3/ref/net10.0/System.Net.Ping.dll /reference:/usr/share/dotnet/packs/Microsoft.NETCore.App.Ref/10.0.3/ref/net10.0/System.Net.Primitives.dll /reference:/usr/share/dotnet/packs/Microsoft.NETCore.App.Ref/10.0.3/ref/net10.0/System.Net.Quic.dll /reference:/usr/share/dotnet/packs/Microsoft.NETCore.App.Ref/10.0.3/ref/net10.0/System.Net.Requests.dll /reference:/usr/share/dotnet/packs/Microsoft.NETCore.App.Ref/10.0.3/ref/net10.0/System.Net.Security.dll /reference:/usr/share/dotnet/packs/Microsoft.NETCore.App.Ref/10.0.3/ref/net10.0/System.Net.ServerSentEvents.dll /reference:/usr/share/dotnet/packs/Microsoft.NETCore.App.Ref/10.0.3/ref/net10.0/System.Net.ServicePoint.dll /reference:/usr/share/dotnet/packs/Microsoft.NETCore.App.Ref/10.0.3/ref/net10.0/System.Net.Sockets.dll /reference:/usr/share/dotnet/packs/Microsoft.NETCore.App.Ref/10.0.3/ref/net10.0/System.Net.WebClient.dll /reference:/usr/share/dotnet/packs/Microsoft.NETCore.App.Ref/10.0.3/ref/net10.0/System.Net.WebHeaderCollection.dll /reference:/usr/share/dotnet/packs/Microsoft.NETCore.App.Ref/10.0.3/ref/net10.0/System.Net.WebProxy.dll /reference:/usr/share/dotnet/packs/Microsoft.NETCore.App.Ref/10.0.3/ref/net10.0/System.Net.WebSockets.Client.dll /reference:/usr/share/dotnet/packs/Microsoft.NETCore.App.Ref/10.0.3/ref/net10.0/System.Net.WebSockets.dll /reference:/usr/share/dotnet/packs/Microsoft.NETCore.App.Ref/10.0.3/ref/net10.0/System.Numerics.dll /reference:/usr/share/dotnet/packs/Microsoft.NETCore.App.Ref/10.0.3/ref/net10.0/System.Numerics.Vectors.dll /reference:/usr/share/dotnet/packs/Microsoft.NETCore.App.Ref/10.0.3/ref/net10.0/System.ObjectModel.dll /reference:/usr/share/dotnet/packs/Microsoft.NETCore.App.Ref/10.0.3/ref/net10.0/System.Reflection.DispatchProxy.dll /reference:/usr/share/dotnet/packs/Microsoft.NETCore.App.Ref/10.0.3/ref/net10.0/System.Reflection.dll /reference:/usr/share/dotnet/packs/Microsoft.NETCore.App.Ref/10.0.3/ref/net10.0/System.Reflection.Emit.dll /reference:/usr/share/dotnet/packs/Microsoft.NETCore.App.Ref/10.0.3/ref/net10.0/System.Reflection.Emit.ILGeneration.dll /reference:/usr/share/dotnet/packs/Microsoft.NETCore.App.Ref/10.0.3/ref/net10.0/System.Reflection.Emit.Lightweight.dll /reference:/usr/share/dotnet/packs/Microsoft.NETCore.App.Ref/10.0.3/ref/net10.0/System.Reflection.Extensions.dll /reference:/usr/share/dotnet/packs/Microsoft.NETCore.App.Ref/10.0.3/ref/net10.0/System.Reflection.Metadata.dll /reference:/usr/share/dotnet/packs/Microsoft.NETCore.App.Ref/10.0.3/ref/net10.0/System.Reflection.Primitives.dll /reference:/usr/share/dotnet/packs/Microsoft.NETCore.App.Ref/10.0.3/ref/net10.0/System.Reflection.TypeExtensions.dll /reference:/usr/share/dotnet/packs/Microsoft.NETCore.App.Ref/10.0.3/ref/net10.0/System.Resources.Reader.dll /reference:/usr/share/dotnet/packs/Microsoft.NETCore.App.Ref/10.0.3/ref/net10.0/System.Resources.ResourceManager.dll /reference:/usr/share/dotnet/packs/Microsoft.NETCore.App.Ref/10.0.3/ref/net10.0/System.Resources.Writer.dll /reference:/usr/share/dotnet/packs/Microsoft.NETCore.App.Ref/10.0.3/ref/net10.0/System.Runtime.CompilerServices.Unsafe.dll /reference:/usr/share/dotnet/packs/Microsoft.NETCore.App.Ref/10.0.3/ref/net10.0/System.Runtime.CompilerServices.VisualC.dll /reference:/usr/share/dotnet/packs/Microsoft.NETCore.App.Ref/10.0.3/ref/net10.0/System.Runtime.dll /reference:/usr/share/dotnet/packs/Microsoft.NETCore.App.Ref/10.0.3/ref/net10.0/System.Runtime.Extensions.dll /reference:/usr/share/dotnet/packs/Microsoft.NETCore.App.Ref/10.0.3/ref/net10.0/System.Runtime.Handles.dll /reference:/usr/share/dotnet/packs/Microsoft.NETCore.App.Ref/10.0.3/ref/net10.0/System.Runtime.InteropServices.dll /reference:/usr/share/dotnet/packs/Microsoft.NETCore.App.Ref/10.0.3/ref/net10.0/System.Runtime.InteropServices.JavaScript.dll /reference:/usr/share/dotnet/packs/Microsoft.NETCore.App.Ref/10.0.3/ref/net10.0/System.Runtime.InteropServices.RuntimeInformation.dll /reference:/usr/share/dotnet/packs/Microsoft.NETCore.App.Ref/10.0.3/ref/net10.0/System.Runtime.Intrinsics.dll /reference:/usr/share/dotnet/packs/Microsoft.NETCore.App.Ref/10.0.3/ref/net10.0/System.Runtime.Loader.dll /reference:/usr/share/dotnet/packs/Microsoft.NETCore.App.Ref/10.0.3/ref/net10.0/System.Runtime.Numerics.dll /reference:/usr/share/dotnet/packs/Microsoft.NETCore.App.Ref/10.0.3/ref/net10.0/System.Runtime.Serialization.dll /reference:/usr/share/dotnet/packs/Microsoft.NETCore.App.Ref/10.0.3/ref/net10.0/System.Runtime.Serialization.Formatters.dll /reference:/usr/share/dotnet/packs/Microsoft.NETCore.App.Ref/10.0.3/ref/net10.0/System.Runtime.Serialization.Json.dll /reference:/usr/share/dotnet/packs/Microsoft.NETCore.App.Ref/10.0.3/ref/net10.0/System.Runtime.Serialization.Primitives.dll /reference:/usr/share/dotnet/packs/Microsoft.NETCore.App.Ref/10.0.3/ref/net10.0/System.Runtime.Serialization.Xml.dll /reference:/usr/share/dotnet/packs/Microsoft.NETCore.App.Ref/10.0.3/ref/net10.0/System.Security.AccessControl.dll /reference:/usr/share/dotnet/packs/Microsoft.NETCore.App.Ref/10.0.3/ref/net10.0/System.Security.Claims.dll /reference:/usr/share/dotnet/packs/Microsoft.NETCore.App.Ref/10.0.3/ref/net10.0/System.Security.Cryptography.Algorithms.dll /reference:/usr/share/dotnet/packs/Microsoft.NETCore.App.Ref/10.0.3/ref/net10.0/System.Security.Cryptography.Cng.dll /reference:/usr/share/dotnet/packs/Microsoft.NETCore.App.Ref/10.0.3/ref/net10.0/System.Security.Cryptography.Csp.dll /reference:/usr/share/dotnet/packs/Microsoft.NETCore.App.Ref/10.0.3/ref/net10.0/System.Security.Cryptography.dll /reference:/usr/share/dotnet/packs/Microsoft.NETCore.App.Ref/10.0.3/ref/net10.0/System.Security.Cryptography.Encoding.dll /reference:/usr/share/dotnet/packs/Microsoft.NETCore.App.Ref/10.0.3/ref/net10.0/System.Security.Cryptography.OpenSsl.dll /reference:/usr/share/dotnet/packs/Microsoft.NETCore.App.Ref/10.0.3/ref/net10.0/System.Security.Cryptography.Primitives.dll /reference:/usr/share/dotnet/packs/Microsoft.NETCore.App.Ref/10.0.3/ref/net10.0/System.Security.Cryptography.X509Certificates.dll /reference:/usr/share/dotnet/packs/Microsoft.NETCore.App.Ref/10.0.3/ref/net10.0/System.Security.dll /reference:/usr/share/dotnet/packs/Microsoft.NETCore.App.Ref/10.0.3/ref/net10.0/System.Security.Principal.dll /reference:/usr/share/dotnet/packs/Microsoft.NETCore.App.Ref/10.0.3/ref/net10.0/System.Security.Principal.Windows.dll /reference:/usr/share/dotnet/packs/Microsoft.NETCore.App.Ref/10.0.3/ref/net10.0/System.Security.SecureString.dll /reference:/usr/share/dotnet/packs/Microsoft.NETCore.App.Ref/10.0.3/ref/net10.0/System.ServiceModel.Web.dll /reference:/usr/share/dotnet/packs/Microsoft.NETCore.App.Ref/10.0.3/ref/net10.0/System.ServiceProcess.dll /reference:/usr/share/dotnet/packs/Microsoft.NETCore.App.Ref/10.0.3/ref/net10.0/System.Text.Encoding.CodePages.dll /reference:/usr/share/dotnet/packs/Microsoft.NETCore.App.Ref/10.0.3/ref/net10.0/System.Text.Encoding.dll /reference:/usr/share/dotnet/packs/Microsoft.NETCore.App.Ref/10.0.3/ref/net10.0/System.Text.Encoding.Extensions.dll /reference:/usr/share/dotnet/packs/Microsoft.NETCore.App.Ref/10.0.3/ref/net10.0/System.Text.Encodings.Web.dll /reference:/usr/share/dotnet/packs/Microsoft.NETCore.App.Ref/10.0.3/ref/net10.0/System.Text.Json.dll /reference:/usr/share/dotnet/packs/Microsoft.NETCore.App.Ref/10.0.3/ref/net10.0/System.Text.RegularExpressions.dll /reference:/usr/share/dotnet/packs/Microsoft.NETCore.App.Ref/10.0.3/ref/net10.0/System.Threading.AccessControl.dll /reference:/usr/share/dotnet/packs/Microsoft.NETCore.App.Ref/10.0.3/ref/net10.0/System.Threading.Channels.dll /reference:/usr/share/dotnet/packs/Microsoft.NETCore.App.Ref/10.0.3/ref/net10.0/System.Threading.dll /reference:/usr/share/dotnet/packs/Microsoft.NETCore.App.Ref/10.0.3/ref/net10.0/System.Threading.Overlapped.dll /reference:/usr/share/dotnet/packs/Microsoft.NETCore.App.Ref/10.0.3/ref/net10.0/System.Threading.Tasks.Dataflow.dll /reference:/usr/share/dotnet/packs/Microsoft.NETCore.App.Ref/10.0.3/ref/net10.0/System.Threading.Tasks.dll /reference:/usr/share/dotnet/packs/Microsoft.NETCore.App.Ref/10.0.3/ref/net10.0/System.Threading.Tasks.Extensions.dll /reference:/usr/share/dotnet/packs/Microsoft.NETCore.App.Ref/10.0.3/ref/net10.0/System.Threading.Tasks.Parallel.dll /reference:/usr/share/dotnet/packs/Microsoft.NETCore.App.Ref/10.0.3/ref/net10.0/System.Threading.Thread.dll /reference:/usr/share/dotnet/packs/Microsoft.NETCore.App.Ref/10.0.3/ref/net10.0/System.Threading.ThreadPool.dll /reference:/usr/share/dotnet/packs/Microsoft.NETCore.App.Ref/10.0.3/ref/net10.0/System.Threading.Timer.dll /reference:/usr/share/dotnet/packs/Microsoft.NETCore.App.Ref/10.0.3/ref/net10.0/System.Transactions.dll /reference:/usr/share/dotnet/packs/Microsoft.NETCore.App.Ref/10.0.3/ref/net10.0/System.Transactions.Local.dll /reference:/usr/share/dotnet/packs/Microsoft.NETCore.App.Ref/10.0.3/ref/net10.0/System.ValueTuple.dll /reference:/usr/share/dotnet/packs/Microsoft.NETCore.App.Ref/10.0.3/ref/net10.0/System.Web.dll /reference:/usr/share/dotnet/packs/Microsoft.NETCore.App.Ref/10.0.3/ref/net10.0/System.Web.HttpUtility.dll /reference:/usr/share/dotnet/packs/Microsoft.NETCore.App.Ref/10.0.3/ref/net10.0/System.Windows.dll /reference:/usr/share/dotnet/packs/Microsoft.NETCore.App.Ref/10.0.3/ref/net10.0/System.Xml.dll /reference:/usr/share/dotnet/packs/Microsoft.NETCore.App.Ref/10.0.3/ref/net10.0/System.Xml.Linq.dll /reference:/usr/share/dotnet/packs/Microsoft.NETCore.App.Ref/10.0.3/ref/net10.0/System.Xml.ReaderWriter.dll /reference:/usr/share/dotnet/packs/Microsoft.NETCore.App.Ref/10.0.3/ref/net10.0/System.Xml.Serialization.dll /reference:/usr/share/dotnet/packs/Microsoft.NETCore.App.Ref/10.0.3/ref/net10.0/System.Xml.XDocument.dll /reference:/usr/share/dotnet/packs/Microsoft.NETCore.App.Ref/10.0.3/ref/net10.0/System.Xml.XmlDocument.dll /reference:/usr/share/dotnet/packs/Microsoft.NETCore.App.Ref/10.0.3/ref/net10.0/System.Xml.XmlSerializer.dll /reference:/usr/share/dotnet/packs/Microsoft.NETCore.App.Ref/10.0.3/ref/net10.0/System.Xml.XPath.dll /reference:/usr/share/dotnet/packs/Microsoft.NETCore.App.Ref/10.0.3/ref/net10.0/System.Xml.XPath.XDocument.dll /reference:/usr/share/dotnet/packs/Microsoft.NETCore.App.Ref/10.0.3/ref/net10.0/WindowsBase.dll /features:"InterceptorsNamespaces=;Microsoft.Extensions.Validation.Generated" /debug+ /debug:portable /filealign:512 /optimize- /out:/tmp/ghost-build/obj/Ghost.Engine/Debug/net10.0/Ghost.Engine.dll /refout:/tmp/ghost-build/obj/Ghost.Engine/Debug/net10.0/refint/Ghost.Engine.dll /target:library /warnaserror+ /utf8output /deterministic+ /sourcelink:/tmp/ghost-build/obj/Ghost.Engine/Debug/net10.0/Ghost.Engine.sourcelink.json /langversion:preview /embed:/tmp/ghost-build/obj/Ghost.Engine/Debug/net10.0/Ghost.Engine.GlobalUsings.g.cs /embed:/tmp/ghost-build/obj/Ghost.Engine/Debug/net10.0/Ghost.Engine.AssemblyInfo.cs /analyzerconfig:/home/rrj/src/github/rudironsoni/Ghost/.editorconfig /analyzerconfig:/tmp/ghost-build/obj/Ghost.Engine/Debug/net10.0/Ghost.Engine.GeneratedMSBuildEditorConfig.editorconfig /analyzerconfig:/usr/share/dotnet/sdk/10.0.103/Sdks/Microsoft.NET.Sdk/analyzers/build/config/analysislevel_10_recommended.globalconfig /analyzer:/usr/share/dotnet/sdk/10.0.103/Sdks/Microsoft.NET.Sdk/targets/../analyzers/Microsoft.CodeAnalysis.CSharp.NetAnalyzers.dll /analyzer:/usr/share/dotnet/sdk/10.0.103/Sdks/Microsoft.NET.Sdk/targets/../analyzers/Microsoft.CodeAnalysis.NetAnalyzers.dll /analyzer:/usr/share/dotnet/sdk/10.0.103/Sdks/Microsoft.NET.Sdk/targets/../codestyle/cs/Microsoft.CodeAnalysis.CodeStyle.dll /analyzer:/usr/share/dotnet/sdk/10.0.103/Sdks/Microsoft.NET.Sdk/targets/../codestyle/cs/Microsoft.CodeAnalysis.CodeStyle.Fixes.dll /analyzer:/usr/share/dotnet/sdk/10.0.103/Sdks/Microsoft.NET.Sdk/targets/../codestyle/cs/Microsoft.CodeAnalysis.CSharp.CodeStyle.dll /analyzer:/usr/share/dotnet/sdk/10.0.103/Sdks/Microsoft.NET.Sdk/targets/../codestyle/cs/Microsoft.CodeAnalysis.CSharp.CodeStyle.Fixes.dll /analyzer:/usr/share/dotnet/packs/Microsoft.NETCore.App.Ref/10.0.3/analyzers/dotnet/cs/Microsoft.Interop.ComInterfaceGenerator.dll /analyzer:/usr/share/dotnet/packs/Microsoft.NETCore.App.Ref/10.0.3/analyzers/dotnet/cs/Microsoft.Interop.JavaScript.JSImportGenerator.dll /analyzer:/usr/share/dotnet/packs/Microsoft.NETCore.App.Ref/10.0.3/analyzers/dotnet/cs/Microsoft.Interop.LibraryImportGenerator.dll /analyzer:/usr/share/dotnet/packs/Microsoft.NETCore.App.Ref/10.0.3/analyzers/dotnet/cs/Microsoft.Interop.SourceGeneration.dll /analyzer:/usr/share/dotnet/packs/Microsoft.NETCore.App.Ref/10.0.3/analyzers/dotnet/cs/System.Text.Json.SourceGeneration.dll /analyzer:/usr/share/dotnet/packs/Microsoft.NETCore.App.Ref/10.0.3/analyzers/dotnet/cs/System.Text.RegularExpressions.Generator.dll Downloader/FakeDownloader.cs Engine/GhostEngine.cs Engine/GhostEngineOptions.cs Scheduler/InMemoryRequestScheduler.cs Scheduler/InMemoryRequestSchedulerOptions.cs /tmp/ghost-build/obj/Ghost.Engine/Debug/net10.0/Ghost.Engine.GlobalUsings.g.cs /tmp/ghost-build/obj/Ghost.Engine/Debug/net10.0/Ghost.Engine.AssemblyInfo.cs /warnaserror+:NU1605,SYSLIB0011
         Compilation request Ghost.Engine (net10.0), PathToTool=/usr/share/dotnet/sdk/10.0.103/Roslyn/bincore/csc
         CompilerServer: tool - using command line tool by design '/usr/share/dotnet/sdk/10.0.103/Roslyn/bincore/csc' - Ghost.Engine (net10.0)
     1>Project "/home/rrj/src/github/rudironsoni/Ghost/Ghost.sln" (1) is building "/home/rrj/src/github/rudironsoni/Ghost/src/Contracts/Ghost.Contracts.Social/Ghost.Contracts.Social.csproj" (14:8) on node 2 (default targets).
    14>_GenerateSourceLinkFile:
         Updating Source Link file '/tmp/ghost-build/obj/Ghost.Contracts.Social/Debug/net10.0/Ghost.Contracts.Social.sourcelink.json'.
       CoreCompile:
         Setting DOTNET_ROOT to '/usr/share/dotnet'
         /usr/share/dotnet/sdk/10.0.103/Roslyn/bincore/csc /noconfig /unsafe- /checked- /nowarn:1701,1702,1701,1702 /fullpaths /nostdlib+ /errorreport:prompt /warn:10 /define:TRACE;DEBUG;NET;NET10_0;NETCOREAPP;NET5_0_OR_GREATER;NET6_0_OR_GREATER;NET7_0_OR_GREATER;NET8_0_OR_GREATER;NET9_0_OR_GREATER;NET10_0_OR_GREATER;NETCOREAPP1_0_OR_GREATER;NETCOREAPP1_1_OR_GREATER;NETCOREAPP2_0_OR_GREATER;NETCOREAPP2_1_OR_GREATER;NETCOREAPP2_2_OR_GREATER;NETCOREAPP3_0_OR_GREATER;NETCOREAPP3_1_OR_GREATER /highentropyva+ /nullable:enable /reference:/usr/share/dotnet/packs/Microsoft.NETCore.App.Ref/10.0.3/ref/net10.0/Microsoft.CSharp.dll /reference:/usr/share/dotnet/packs/Microsoft.NETCore.App.Ref/10.0.3/ref/net10.0/Microsoft.VisualBasic.Core.dll /reference:/usr/share/dotnet/packs/Microsoft.NETCore.App.Ref/10.0.3/ref/net10.0/Microsoft.VisualBasic.dll /reference:/usr/share/dotnet/packs/Microsoft.NETCore.App.Ref/10.0.3/ref/net10.0/Microsoft.Win32.Primitives.dll /reference:/usr/share/dotnet/packs/Microsoft.NETCore.App.Ref/10.0.3/ref/net10.0/Microsoft.Win32.Registry.dll /reference:/usr/share/dotnet/packs/Microsoft.NETCore.App.Ref/10.0.3/ref/net10.0/mscorlib.dll /reference:/usr/share/dotnet/packs/Microsoft.NETCore.App.Ref/10.0.3/ref/net10.0/netstandard.dll /reference:/usr/share/dotnet/packs/Microsoft.NETCore.App.Ref/10.0.3/ref/net10.0/System.AppContext.dll /reference:/usr/share/dotnet/packs/Microsoft.NETCore.App.Ref/10.0.3/ref/net10.0/System.Buffers.dll /reference:/usr/share/dotnet/packs/Microsoft.NETCore.App.Ref/10.0.3/ref/net10.0/System.Collections.Concurrent.dll /reference:/usr/share/dotnet/packs/Microsoft.NETCore.App.Ref/10.0.3/ref/net10.0/System.Collections.dll /reference:/usr/share/dotnet/packs/Microsoft.NETCore.App.Ref/10.0.3/ref/net10.0/System.Collections.Immutable.dll /reference:/usr/share/dotnet/packs/Microsoft.NETCore.App.Ref/10.0.3/ref/net10.0/System.Collections.NonGeneric.dll /reference:/usr/share/dotnet/packs/Microsoft.NETCore.App.Ref/10.0.3/ref/net10.0/System.Collections.Specialized.dll /reference:/usr/share/dotnet/packs/Microsoft.NETCore.App.Ref/10.0.3/ref/net10.0/System.ComponentModel.Annotations.dll /reference:/usr/share/dotnet/packs/Microsoft.NETCore.App.Ref/10.0.3/ref/net10.0/System.ComponentModel.DataAnnotations.dll /reference:/usr/share/dotnet/packs/Microsoft.NETCore.App.Ref/10.0.3/ref/net10.0/System.ComponentModel.dll /reference:/usr/share/dotnet/packs/Microsoft.NETCore.App.Ref/10.0.3/ref/net10.0/System.ComponentModel.EventBasedAsync.dll /reference:/usr/share/dotnet/packs/Microsoft.NETCore.App.Ref/10.0.3/ref/net10.0/System.ComponentModel.Primitives.dll /reference:/usr/share/dotnet/packs/Microsoft.NETCore.App.Ref/10.0.3/ref/net10.0/System.ComponentModel.TypeConverter.dll /reference:/usr/share/dotnet/packs/Microsoft.NETCore.App.Ref/10.0.3/ref/net10.0/System.Configuration.dll /reference:/usr/share/dotnet/packs/Microsoft.NETCore.App.Ref/10.0.3/ref/net10.0/System.Console.dll /reference:/usr/share/dotnet/packs/Microsoft.NETCore.App.Ref/10.0.3/ref/net10.0/System.Core.dll /reference:/usr/share/dotnet/packs/Microsoft.NETCore.App.Ref/10.0.3/ref/net10.0/System.Data.Common.dll /reference:/usr/share/dotnet/packs/Microsoft.NETCore.App.Ref/10.0.3/ref/net10.0/System.Data.DataSetExtensions.dll /reference:/usr/share/dotnet/packs/Microsoft.NETCore.App.Ref/10.0.3/ref/net10.0/System.Data.dll /reference:/usr/share/dotnet/packs/Microsoft.NETCore.App.Ref/10.0.3/ref/net10.0/System.Diagnostics.Contracts.dll /reference:/usr/share/dotnet/packs/Microsoft.NETCore.App.Ref/10.0.3/ref/net10.0/System.Diagnostics.Debug.dll /reference:/usr/share/dotnet/packs/Microsoft.NETCore.App.Ref/10.0.3/ref/net10.0/System.Diagnostics.DiagnosticSource.dll /reference:/usr/share/dotnet/packs/Microsoft.NETCore.App.Ref/10.0.3/ref/net10.0/System.Diagnostics.FileVersionInfo.dll /reference:/usr/share/dotnet/packs/Microsoft.NETCore.App.Ref/10.0.3/ref/net10.0/System.Diagnostics.Process.dll /reference:/usr/share/dotnet/packs/Microsoft.NETCore.App.Ref/10.0.3/ref/net10.0/System.Diagnostics.StackTrace.dll /reference:/usr/share/dotnet/packs/Microsoft.NETCore.App.Ref/10.0.3/ref/net10.0/System.Diagnostics.TextWriterTraceListener.dll /reference:/usr/share/dotnet/packs/Microsoft.NETCore.App.Ref/10.0.3/ref/net10.0/System.Diagnostics.Tools.dll /reference:/usr/share/dotnet/packs/Microsoft.NETCore.App.Ref/10.0.3/ref/net10.0/System.Diagnostics.TraceSource.dll /reference:/usr/share/dotnet/packs/Microsoft.NETCore.App.Ref/10.0.3/ref/net10.0/System.Diagnostics.Tracing.dll /reference:/usr/share/dotnet/packs/Microsoft.NETCore.App.Ref/10.0.3/ref/net10.0/System.dll /reference:/usr/share/dotnet/packs/Microsoft.NETCore.App.Ref/10.0.3/ref/net10.0/System.Drawing.dll /reference:/usr/share/dotnet/packs/Microsoft.NETCore.App.Ref/10.0.3/ref/net10.0/System.Drawing.Primitives.dll /reference:/usr/share/dotnet/packs/Microsoft.NETCore.App.Ref/10.0.3/ref/net10.0/System.Dynamic.Runtime.dll /reference:/usr/share/dotnet/packs/Microsoft.NETCore.App.Ref/10.0.3/ref/net10.0/System.Formats.Asn1.dll /reference:/usr/share/dotnet/packs/Microsoft.NETCore.App.Ref/10.0.3/ref/net10.0/System.Formats.Tar.dll /reference:/usr/share/dotnet/packs/Microsoft.NETCore.App.Ref/10.0.3/ref/net10.0/System.Globalization.Calendars.dll /reference:/usr/share/dotnet/packs/Microsoft.NETCore.App.Ref/10.0.3/ref/net10.0/System.Globalization.dll /reference:/usr/share/dotnet/packs/Microsoft.NETCore.App.Ref/10.0.3/ref/net10.0/System.Globalization.Extensions.dll /reference:/usr/share/dotnet/packs/Microsoft.NETCore.App.Ref/10.0.3/ref/net10.0/System.IO.Compression.Brotli.dll /reference:/usr/share/dotnet/packs/Microsoft.NETCore.App.Ref/10.0.3/ref/net10.0/System.IO.Compression.dll /reference:/usr/share/dotnet/packs/Microsoft.NETCore.App.Ref/10.0.3/ref/net10.0/System.IO.Compression.FileSystem.dll /reference:/usr/share/dotnet/packs/Microsoft.NETCore.App.Ref/10.0.3/ref/net10.0/System.IO.Compression.ZipFile.dll /reference:/usr/share/dotnet/packs/Microsoft.NETCore.App.Ref/10.0.3/ref/net10.0/System.IO.dll /reference:/usr/share/dotnet/packs/Microsoft.NETCore.App.Ref/10.0.3/ref/net10.0/System.IO.FileSystem.AccessControl.dll /reference:/usr/share/dotnet/packs/Microsoft.NETCore.App.Ref/10.0.3/ref/net10.0/System.IO.FileSystem.dll /reference:/usr/share/dotnet/packs/Microsoft.NETCore.App.Ref/10.0.3/ref/net10.0/System.IO.FileSystem.DriveInfo.dll /reference:/usr/share/dotnet/packs/Microsoft.NETCore.App.Ref/10.0.3/ref/net10.0/System.IO.FileSystem.Primitives.dll /reference:/usr/share/dotnet/packs/Microsoft.NETCore.App.Ref/10.0.3/ref/net10.0/System.IO.FileSystem.Watcher.dll /reference:/usr/share/dotnet/packs/Microsoft.NETCore.App.Ref/10.0.3/ref/net10.0/System.IO.IsolatedStorage.dll /reference:/usr/share/dotnet/packs/Microsoft.NETCore.App.Ref/10.0.3/ref/net10.0/System.IO.MemoryMappedFiles.dll /reference:/usr/share/dotnet/packs/Microsoft.NETCore.App.Ref/10.0.3/ref/net10.0/System.IO.Pipelines.dll /reference:/usr/share/dotnet/packs/Microsoft.NETCore.App.Ref/10.0.3/ref/net10.0/System.IO.Pipes.AccessControl.dll /reference:/usr/share/dotnet/packs/Microsoft.NETCore.App.Ref/10.0.3/ref/net10.0/System.IO.Pipes.dll /reference:/usr/share/dotnet/packs/Microsoft.NETCore.App.Ref/10.0.3/ref/net10.0/System.IO.UnmanagedMemoryStream.dll /reference:/usr/share/dotnet/packs/Microsoft.NETCore.App.Ref/10.0.3/ref/net10.0/System.Linq.AsyncEnumerable.dll /reference:/usr/share/dotnet/packs/Microsoft.NETCore.App.Ref/10.0.3/ref/net10.0/System.Linq.dll /reference:/usr/share/dotnet/packs/Microsoft.NETCore.App.Ref/10.0.3/ref/net10.0/System.Linq.Expressions.dll /reference:/usr/share/dotnet/packs/Microsoft.NETCore.App.Ref/10.0.3/ref/net10.0/System.Linq.Parallel.dll /reference:/usr/share/dotnet/packs/Microsoft.NETCore.App.Ref/10.0.3/ref/net10.0/System.Linq.Queryable.dll /reference:/usr/share/dotnet/packs/Microsoft.NETCore.App.Ref/10.0.3/ref/net10.0/System.Memory.dll /reference:/usr/share/dotnet/packs/Microsoft.NETCore.App.Ref/10.0.3/ref/net10.0/System.Net.dll /reference:/usr/share/dotnet/packs/Microsoft.NETCore.App.Ref/10.0.3/ref/net10.0/System.Net.Http.dll /reference:/usr/share/dotnet/packs/Microsoft.NETCore.App.Ref/10.0.3/ref/net10.0/System.Net.Http.Json.dll /reference:/usr/share/dotnet/packs/Microsoft.NETCore.App.Ref/10.0.3/ref/net10.0/System.Net.HttpListener.dll /reference:/usr/share/dotnet/packs/Microsoft.NETCore.App.Ref/10.0.3/ref/net10.0/System.Net.Mail.dll /reference:/usr/share/dotnet/packs/Microsoft.NETCore.App.Ref/10.0.3/ref/net10.0/System.Net.NameResolution.dll /reference:/usr/share/dotnet/packs/Microsoft.NETCore.App.Ref/10.0.3/ref/net10.0/System.Net.NetworkInformation.dll /reference:/usr/share/dotnet/packs/Microsoft.NETCore.App.Ref/10.0.3/ref/net10.0/System.Net.Ping.dll /reference:/usr/share/dotnet/packs/Microsoft.NETCore.App.Ref/10.0.3/ref/net10.0/System.Net.Primitives.dll /reference:/usr/share/dotnet/packs/Microsoft.NETCore.App.Ref/10.0.3/ref/net10.0/System.Net.Quic.dll /reference:/usr/share/dotnet/packs/Microsoft.NETCore.App.Ref/10.0.3/ref/net10.0/System.Net.Requests.dll /reference:/usr/share/dotnet/packs/Microsoft.NETCore.App.Ref/10.0.3/ref/net10.0/System.Net.Security.dll /reference:/usr/share/dotnet/packs/Microsoft.NETCore.App.Ref/10.0.3/ref/net10.0/System.Net.ServerSentEvents.dll /reference:/usr/share/dotnet/packs/Microsoft.NETCore.App.Ref/10.0.3/ref/net10.0/System.Net.ServicePoint.dll /reference:/usr/share/dotnet/packs/Microsoft.NETCore.App.Ref/10.0.3/ref/net10.0/System.Net.Sockets.dll /reference:/usr/share/dotnet/packs/Microsoft.NETCore.App.Ref/10.0.3/ref/net10.0/System.Net.WebClient.dll /reference:/usr/share/dotnet/packs/Microsoft.NETCore.App.Ref/10.0.3/ref/net10.0/System.Net.WebHeaderCollection.dll /reference:/usr/share/dotnet/packs/Microsoft.NETCore.App.Ref/10.0.3/ref/net10.0/System.Net.WebProxy.dll /reference:/usr/share/dotnet/packs/Microsoft.NETCore.App.Ref/10.0.3/ref/net10.0/System.Net.WebSockets.Client.dll /reference:/usr/share/dotnet/packs/Microsoft.NETCore.App.Ref/10.0.3/ref/net10.0/System.Net.WebSockets.dll /reference:/usr/share/dotnet/packs/Microsoft.NETCore.App.Ref/10.0.3/ref/net10.0/System.Numerics.dll /reference:/usr/share/dotnet/packs/Microsoft.NETCore.App.Ref/10.0.3/ref/net10.0/System.Numerics.Vectors.dll /reference:/usr/share/dotnet/packs/Microsoft.NETCore.App.Ref/10.0.3/ref/net10.0/System.ObjectModel.dll /reference:/usr/share/dotnet/packs/Microsoft.NETCore.App.Ref/10.0.3/ref/net10.0/System.Reflection.DispatchProxy.dll /reference:/usr/share/dotnet/packs/Microsoft.NETCore.App.Ref/10.0.3/ref/net10.0/System.Reflection.dll /reference:/usr/share/dotnet/packs/Microsoft.NETCore.App.Ref/10.0.3/ref/net10.0/System.Reflection.Emit.dll /reference:/usr/share/dotnet/packs/Microsoft.NETCore.App.Ref/10.0.3/ref/net10.0/System.Reflection.Emit.ILGeneration.dll /reference:/usr/share/dotnet/packs/Microsoft.NETCore.App.Ref/10.0.3/ref/net10.0/System.Reflection.Emit.Lightweight.dll /reference:/usr/share/dotnet/packs/Microsoft.NETCore.App.Ref/10.0.3/ref/net10.0/System.Reflection.Extensions.dll /reference:/usr/share/dotnet/packs/Microsoft.NETCore.App.Ref/10.0.3/ref/net10.0/System.Reflection.Metadata.dll /reference:/usr/share/dotnet/packs/Microsoft.NETCore.App.Ref/10.0.3/ref/net10.0/System.Reflection.Primitives.dll /reference:/usr/share/dotnet/packs/Microsoft.NETCore.App.Ref/10.0.3/ref/net10.0/System.Reflection.TypeExtensions.dll /reference:/usr/share/dotnet/packs/Microsoft.NETCore.App.Ref/10.0.3/ref/net10.0/System.Resources.Reader.dll /reference:/usr/share/dotnet/packs/Microsoft.NETCore.App.Ref/10.0.3/ref/net10.0/System.Resources.ResourceManager.dll /reference:/usr/share/dotnet/packs/Microsoft.NETCore.App.Ref/10.0.3/ref/net10.0/System.Resources.Writer.dll /reference:/usr/share/dotnet/packs/Microsoft.NETCore.App.Ref/10.0.3/ref/net10.0/System.Runtime.CompilerServices.Unsafe.dll /reference:/usr/share/dotnet/packs/Microsoft.NETCore.App.Ref/10.0.3/ref/net10.0/System.Runtime.CompilerServices.VisualC.dll /reference:/usr/share/dotnet/packs/Microsoft.NETCore.App.Ref/10.0.3/ref/net10.0/System.Runtime.dll /reference:/usr/share/dotnet/packs/Microsoft.NETCore.App.Ref/10.0.3/ref/net10.0/System.Runtime.Extensions.dll /reference:/usr/share/dotnet/packs/Microsoft.NETCore.App.Ref/10.0.3/ref/net10.0/System.Runtime.Handles.dll /reference:/usr/share/dotnet/packs/Microsoft.NETCore.App.Ref/10.0.3/ref/net10.0/System.Runtime.InteropServices.dll /reference:/usr/share/dotnet/packs/Microsoft.NETCore.App.Ref/10.0.3/ref/net10.0/System.Runtime.InteropServices.JavaScript.dll /reference:/usr/share/dotnet/packs/Microsoft.NETCore.App.Ref/10.0.3/ref/net10.0/System.Runtime.InteropServices.RuntimeInformation.dll /reference:/usr/share/dotnet/packs/Microsoft.NETCore.App.Ref/10.0.3/ref/net10.0/System.Runtime.Intrinsics.dll /reference:/usr/share/dotnet/packs/Microsoft.NETCore.App.Ref/10.0.3/ref/net10.0/System.Runtime.Loader.dll /reference:/usr/share/dotnet/packs/Microsoft.NETCore.App.Ref/10.0.3/ref/net10.0/System.Runtime.Numerics.dll /reference:/usr/share/dotnet/packs/Microsoft.NETCore.App.Ref/10.0.3/ref/net10.0/System.Runtime.Serialization.dll /reference:/usr/share/dotnet/packs/Microsoft.NETCore.App.Ref/10.0.3/ref/net10.0/System.Runtime.Serialization.Formatters.dll /reference:/usr/share/dotnet/packs/Microsoft.NETCore.App.Ref/10.0.3/ref/net10.0/System.Runtime.Serialization.Json.dll /reference:/usr/share/dotnet/packs/Microsoft.NETCore.App.Ref/10.0.3/ref/net10.0/System.Runtime.Serialization.Primitives.dll /reference:/usr/share/dotnet/packs/Microsoft.NETCore.App.Ref/10.0.3/ref/net10.0/System.Runtime.Serialization.Xml.dll /reference:/usr/share/dotnet/packs/Microsoft.NETCore.App.Ref/10.0.3/ref/net10.0/System.Security.AccessControl.dll /reference:/usr/share/dotnet/packs/Microsoft.NETCore.App.Ref/10.0.3/ref/net10.0/System.Security.Claims.dll /reference:/usr/share/dotnet/packs/Microsoft.NETCore.App.Ref/10.0.3/ref/net10.0/System.Security.Cryptography.Algorithms.dll /reference:/usr/share/dotnet/packs/Microsoft.NETCore.App.Ref/10.0.3/ref/net10.0/System.Security.Cryptography.Cng.dll /reference:/usr/share/dotnet/packs/Microsoft.NETCore.App.Ref/10.0.3/ref/net10.0/System.Security.Cryptography.Csp.dll /reference:/usr/share/dotnet/packs/Microsoft.NETCore.App.Ref/10.0.3/ref/net10.0/System.Security.Cryptography.dll /reference:/usr/share/dotnet/packs/Microsoft.NETCore.App.Ref/10.0.3/ref/net10.0/System.Security.Cryptography.Encoding.dll /reference:/usr/share/dotnet/packs/Microsoft.NETCore.App.Ref/10.0.3/ref/net10.0/System.Security.Cryptography.OpenSsl.dll /reference:/usr/share/dotnet/packs/Microsoft.NETCore.App.Ref/10.0.3/ref/net10.0/System.Security.Cryptography.Primitives.dll /reference:/usr/share/dotnet/packs/Microsoft.NETCore.App.Ref/10.0.3/ref/net10.0/System.Security.Cryptography.X509Certificates.dll /reference:/usr/share/dotnet/packs/Microsoft.NETCore.App.Ref/10.0.3/ref/net10.0/System.Security.dll /reference:/usr/share/dotnet/packs/Microsoft.NETCore.App.Ref/10.0.3/ref/net10.0/System.Security.Principal.dll /reference:/usr/share/dotnet/packs/Microsoft.NETCore.App.Ref/10.0.3/ref/net10.0/System.Security.Principal.Windows.dll /reference:/usr/share/dotnet/packs/Microsoft.NETCore.App.Ref/10.0.3/ref/net10.0/System.Security.SecureString.dll /reference:/usr/share/dotnet/packs/Microsoft.NETCore.App.Ref/10.0.3/ref/net10.0/System.ServiceModel.Web.dll /reference:/usr/share/dotnet/packs/Microsoft.NETCore.App.Ref/10.0.3/ref/net10.0/System.ServiceProcess.dll /reference:/usr/share/dotnet/packs/Microsoft.NETCore.App.Ref/10.0.3/ref/net10.0/System.Text.Encoding.CodePages.dll /reference:/usr/share/dotnet/packs/Microsoft.NETCore.App.Ref/10.0.3/ref/net10.0/System.Text.Encoding.dll /reference:/usr/share/dotnet/packs/Microsoft.NETCore.App.Ref/10.0.3/ref/net10.0/System.Text.Encoding.Extensions.dll /reference:/usr/share/dotnet/packs/Microsoft.NETCore.App.Ref/10.0.3/ref/net10.0/System.Text.Encodings.Web.dll /reference:/usr/share/dotnet/packs/Microsoft.NETCore.App.Ref/10.0.3/ref/net10.0/System.Text.Json.dll /reference:/usr/share/dotnet/packs/Microsoft.NETCore.App.Ref/10.0.3/ref/net10.0/System.Text.RegularExpressions.dll /reference:/usr/share/dotnet/packs/Microsoft.NETCore.App.Ref/10.0.3/ref/net10.0/System.Threading.AccessControl.dll /reference:/usr/share/dotnet/packs/Microsoft.NETCore.App.Ref/10.0.3/ref/net10.0/System.Threading.Channels.dll /reference:/usr/share/dotnet/packs/Microsoft.NETCore.App.Ref/10.0.3/ref/net10.0/System.Threading.dll /reference:/usr/share/dotnet/packs/Microsoft.NETCore.App.Ref/10.0.3/ref/net10.0/System.Threading.Overlapped.dll /reference:/usr/share/dotnet/packs/Microsoft.NETCore.App.Ref/10.0.3/ref/net10.0/System.Threading.Tasks.Dataflow.dll /reference:/usr/share/dotnet/packs/Microsoft.NETCore.App.Ref/10.0.3/ref/net10.0/System.Threading.Tasks.dll /reference:/usr/share/dotnet/packs/Microsoft.NETCore.App.Ref/10.0.3/ref/net10.0/System.Threading.Tasks.Extensions.dll /reference:/usr/share/dotnet/packs/Microsoft.NETCore.App.Ref/10.0.3/ref/net10.0/System.Threading.Tasks.Parallel.dll /reference:/usr/share/dotnet/packs/Microsoft.NETCore.App.Ref/10.0.3/ref/net10.0/System.Threading.Thread.dll /reference:/usr/share/dotnet/packs/Microsoft.NETCore.App.Ref/10.0.3/ref/net10.0/System.Threading.ThreadPool.dll /reference:/usr/share/dotnet/packs/Microsoft.NETCore.App.Ref/10.0.3/ref/net10.0/System.Threading.Timer.dll /reference:/usr/share/dotnet/packs/Microsoft.NETCore.App.Ref/10.0.3/ref/net10.0/System.Transactions.dll /reference:/usr/share/dotnet/packs/Microsoft.NETCore.App.Ref/10.0.3/ref/net10.0/System.Transactions.Local.dll /reference:/usr/share/dotnet/packs/Microsoft.NETCore.App.Ref/10.0.3/ref/net10.0/System.ValueTuple.dll /reference:/usr/share/dotnet/packs/Microsoft.NETCore.App.Ref/10.0.3/ref/net10.0/System.Web.dll /reference:/usr/share/dotnet/packs/Microsoft.NETCore.App.Ref/10.0.3/ref/net10.0/System.Web.HttpUtility.dll /reference:/usr/share/dotnet/packs/Microsoft.NETCore.App.Ref/10.0.3/ref/net10.0/System.Windows.dll /reference:/usr/share/dotnet/packs/Microsoft.NETCore.App.Ref/10.0.3/ref/net10.0/System.Xml.dll /reference:/usr/share/dotnet/packs/Microsoft.NETCore.App.Ref/10.0.3/ref/net10.0/System.Xml.Linq.dll /reference:/usr/share/dotnet/packs/Microsoft.NETCore.App.Ref/10.0.3/ref/net10.0/System.Xml.ReaderWriter.dll /reference:/usr/share/dotnet/packs/Microsoft.NETCore.App.Ref/10.0.3/ref/net10.0/System.Xml.Serialization.dll /reference:/usr/share/dotnet/packs/Microsoft.NETCore.App.Ref/10.0.3/ref/net10.0/System.Xml.XDocument.dll /reference:/usr/share/dotnet/packs/Microsoft.NETCore.App.Ref/10.0.3/ref/net10.0/System.Xml.XmlDocument.dll /reference:/usr/share/dotnet/packs/Microsoft.NETCore.App.Ref/10.0.3/ref/net10.0/System.Xml.XmlSerializer.dll /reference:/usr/share/dotnet/packs/Microsoft.NETCore.App.Ref/10.0.3/ref/net10.0/System.Xml.XPath.dll /reference:/usr/share/dotnet/packs/Microsoft.NETCore.App.Ref/10.0.3/ref/net10.0/System.Xml.XPath.XDocument.dll /reference:/usr/share/dotnet/packs/Microsoft.NETCore.App.Ref/10.0.3/ref/net10.0/WindowsBase.dll /features:"InterceptorsNamespaces=;Microsoft.Extensions.Validation.Generated" /debug+ /debug:portable /filealign:512 /optimize- /out:/tmp/ghost-build/obj/Ghost.Contracts.Social/Debug/net10.0/Ghost.Contracts.Social.dll /refout:/tmp/ghost-build/obj/Ghost.Contracts.Social/Debug/net10.0/refint/Ghost.Contracts.Social.dll /target:library /warnaserror+ /utf8output /deterministic+ /sourcelink:/tmp/ghost-build/obj/Ghost.Contracts.Social/Debug/net10.0/Ghost.Contracts.Social.sourcelink.json /langversion:preview /embed:/tmp/ghost-build/obj/Ghost.Contracts.Social/Debug/net10.0/Ghost.Contracts.Social.GlobalUsings.g.cs /embed:/tmp/ghost-build/obj/Ghost.Contracts.Social/Debug/net10.0/Ghost.Contracts.Social.AssemblyInfo.cs /analyzerconfig:/home/rrj/src/github/rudironsoni/Ghost/.editorconfig /analyzerconfig:/tmp/ghost-build/obj/Ghost.Contracts.Social/Debug/net10.0/Ghost.Contracts.Social.GeneratedMSBuildEditorConfig.editorconfig /analyzerconfig:/usr/share/dotnet/sdk/10.0.103/Sdks/Microsoft.NET.Sdk/analyzers/build/config/analysislevel_10_recommended.globalconfig /analyzer:/usr/share/dotnet/sdk/10.0.103/Sdks/Microsoft.NET.Sdk/targets/../analyzers/Microsoft.CodeAnalysis.CSharp.NetAnalyzers.dll /analyzer:/usr/share/dotnet/sdk/10.0.103/Sdks/Microsoft.NET.Sdk/targets/../analyzers/Microsoft.CodeAnalysis.NetAnalyzers.dll /analyzer:/usr/share/dotnet/sdk/10.0.103/Sdks/Microsoft.NET.Sdk/targets/../codestyle/cs/Microsoft.CodeAnalysis.CodeStyle.dll /analyzer:/usr/share/dotnet/sdk/10.0.103/Sdks/Microsoft.NET.Sdk/targets/../codestyle/cs/Microsoft.CodeAnalysis.CodeStyle.Fixes.dll /analyzer:/usr/share/dotnet/sdk/10.0.103/Sdks/Microsoft.NET.Sdk/targets/../codestyle/cs/Microsoft.CodeAnalysis.CSharp.CodeStyle.dll /analyzer:/usr/share/dotnet/sdk/10.0.103/Sdks/Microsoft.NET.Sdk/targets/../codestyle/cs/Microsoft.CodeAnalysis.CSharp.CodeStyle.Fixes.dll /analyzer:/usr/share/dotnet/packs/Microsoft.NETCore.App.Ref/10.0.3/analyzers/dotnet/cs/Microsoft.Interop.ComInterfaceGenerator.dll /analyzer:/usr/share/dotnet/packs/Microsoft.NETCore.App.Ref/10.0.3/analyzers/dotnet/cs/Microsoft.Interop.JavaScript.JSImportGenerator.dll /analyzer:/usr/share/dotnet/packs/Microsoft.NETCore.App.Ref/10.0.3/analyzers/dotnet/cs/Microsoft.Interop.LibraryImportGenerator.dll /analyzer:/usr/share/dotnet/packs/Microsoft.NETCore.App.Ref/10.0.3/analyzers/dotnet/cs/Microsoft.Interop.SourceGeneration.dll /analyzer:/usr/share/dotnet/packs/Microsoft.NETCore.App.Ref/10.0.3/analyzers/dotnet/cs/System.Text.Json.SourceGeneration.dll /analyzer:/usr/share/dotnet/packs/Microsoft.NETCore.App.Ref/10.0.3/analyzers/dotnet/cs/System.Text.RegularExpressions.Generator.dll DTOs/ConnectionsOptions.cs DTOs/CreatePostRequest.cs DTOs/FeedOptions.cs DTOs/ProfileSearchCriteria.cs DTOs/SocialConnection.cs DTOs/SocialEducation.cs DTOs/SocialExperience.cs DTOs/SocialPost.cs DTOs/SocialProfile.cs ISocialClient.cs Serialization/SocialSerializerContext.cs /tmp/ghost-build/obj/Ghost.Contracts.Social/Debug/net10.0/Ghost.Contracts.Social.GlobalUsings.g.cs /tmp/ghost-build/obj/Ghost.Contracts.Social/Debug/net10.0/Ghost.Contracts.Social.AssemblyInfo.cs /warnaserror+:NU1605,SYSLIB0011
         Compilation request Ghost.Contracts.Social (net10.0), PathToTool=/usr/share/dotnet/sdk/10.0.103/Roslyn/bincore/csc
         CompilerServer: tool - using command line tool by design '/usr/share/dotnet/sdk/10.0.103/Roslyn/bincore/csc' - Ghost.Contracts.Social (net10.0)
    20>CopyFilesToOutputDirectory:
         Copying file from "/tmp/ghost-build/obj/Ghost.Testing.Mocking/Debug/net10.0/Ghost.Testing.Mocking.dll" to "/tmp/ghost-build/bin/Ghost.Testing.Mocking/Debug/net10.0/Ghost.Testing.Mocking.dll".
         Copying reference assembly from "/tmp/ghost-build/obj/Ghost.Testing.Mocking/Debug/net10.0/refint/Ghost.Testing.Mocking.dll" to "/tmp/ghost-build/obj/Ghost.Testing.Mocking/Debug/net10.0/ref/Ghost.Testing.Mocking.dll".
         Ghost.Testing.Mocking -> /tmp/ghost-build/bin/Ghost.Testing.Mocking/Debug/net10.0/Ghost.Testing.Mocking.dll
         Copying file from "/tmp/ghost-build/obj/Ghost.Testing.Mocking/Debug/net10.0/Ghost.Testing.Mocking.pdb" to "/tmp/ghost-build/bin/Ghost.Testing.Mocking/Debug/net10.0/Ghost.Testing.Mocking.pdb".
    20>Done Building Project "/home/rrj/src/github/rudironsoni/Ghost/tests/Shared/Ghost.Testing.Mocking/Ghost.Testing.Mocking.csproj" (default targets).
    24>_CopyFilesMarkedCopyLocal:
         Copying file from "/tmp/ghost-build/bin/Ghost.Engine.Abstractions/Debug/net10.0/Ghost.Engine.Abstractions.dll" to "/tmp/ghost-build/bin/Ghost.Engine/Debug/net10.0/Ghost.Engine.Abstractions.dll".
         Copying file from "/tmp/ghost-build/bin/Ghost.Engine.Abstractions/Debug/net10.0/Ghost.Engine.Abstractions.pdb" to "/tmp/ghost-build/bin/Ghost.Engine/Debug/net10.0/Ghost.Engine.Abstractions.pdb".
         Creating "/tmp/ghost-build/obj/Ghost.Engine/Debug/net10.0/Ghost.En.F099CD1A.Up2Date" because "AlwaysCreate" was specified.
         Touching "/tmp/ghost-build/obj/Ghost.Engine/Debug/net10.0/Ghost.En.F099CD1A.Up2Date".
       CopyFilesToOutputDirectory:
         Copying file from "/tmp/ghost-build/obj/Ghost.Engine/Debug/net10.0/Ghost.Engine.dll" to "/tmp/ghost-build/bin/Ghost.Engine/Debug/net10.0/Ghost.Engine.dll".
         Copying reference assembly from "/tmp/ghost-build/obj/Ghost.Engine/Debug/net10.0/refint/Ghost.Engine.dll" to "/tmp/ghost-build/obj/Ghost.Engine/Debug/net10.0/ref/Ghost.Engine.dll".
         Ghost.Engine -> /tmp/ghost-build/bin/Ghost.Engine/Debug/net10.0/Ghost.Engine.dll
         Copying file from "/tmp/ghost-build/obj/Ghost.Engine/Debug/net10.0/Ghost.Engine.pdb" to "/tmp/ghost-build/bin/Ghost.Engine/Debug/net10.0/Ghost.Engine.pdb".
    24>Done Building Project "/home/rrj/src/github/rudironsoni/Ghost/src/Engine/Ghost.Engine/Ghost.Engine.csproj" (default targets).
     1>Project "/home/rrj/src/github/rudironsoni/Ghost/Ghost.sln" (1) is building "/home/rrj/src/github/rudironsoni/Ghost/tests/Plugins/InfoJobs/Ghost.Plugin.InfoJobs.IntegrationTests/Ghost.Plugin.InfoJobs.IntegrationTests.csproj" (57) on node 4 (default targets).
    57>/usr/share/dotnet/sdk/10.0.103/Microsoft.Common.CurrentVersion.targets(2137,5): error MSB4181: The "MSBuild" task returned false but did not log an error. [/home/rrj/src/github/rudironsoni/Ghost/tests/Plugins/InfoJobs/Ghost.Plugin.InfoJobs.IntegrationTests/Ghost.Plugin.InfoJobs.IntegrationTests.csproj]
    57>Done Building Project "/home/rrj/src/github/rudironsoni/Ghost/tests/Plugins/InfoJobs/Ghost.Plugin.InfoJobs.IntegrationTests/Ghost.Plugin.InfoJobs.IntegrationTests.csproj" (default targets) -- FAILED.
     1>Project "/home/rrj/src/github/rudironsoni/Ghost/Ghost.sln" (1) is building "/home/rrj/src/github/rudironsoni/Ghost/src/Engine/Ghost.Engine.Hosting/Ghost.Engine.Hosting.csproj" (26) on node 4 (default targets).
    26>_GenerateSourceLinkFile:
         Updating Source Link file '/tmp/ghost-build/obj/Ghost.Engine.Hosting/Debug/net10.0/Ghost.Engine.Hosting.sourcelink.json'.
       CoreCompile:
         Setting DOTNET_ROOT to '/usr/share/dotnet'
         /usr/share/dotnet/sdk/10.0.103/Roslyn/bincore/csc /noconfig /unsafe- /checked- /nowarn:1701,1702,1701,1702 /fullpaths /nostdlib+ /errorreport:prompt /warn:10 /define:TRACE;DEBUG;NET;NET10_0;NETCOREAPP;NET5_0_OR_GREATER;NET6_0_OR_GREATER;NET7_0_OR_GREATER;NET8_0_OR_GREATER;NET9_0_OR_GREATER;NET10_0_OR_GREATER;NETCOREAPP1_0_OR_GREATER;NETCOREAPP1_1_OR_GREATER;NETCOREAPP2_0_OR_GREATER;NETCOREAPP2_1_OR_GREATER;NETCOREAPP2_2_OR_GREATER;NETCOREAPP3_0_OR_GREATER;NETCOREAPP3_1_OR_GREATER /highentropyva+ /nullable:enable /reference:/tmp/ghost-build/obj/Ghost.Engine.Abstractions/Debug/net10.0/ref/Ghost.Engine.Abstractions.dll /reference:/tmp/ghost-build/obj/Ghost.Engine/Debug/net10.0/ref/Ghost.Engine.dll /reference:/usr/share/dotnet/packs/Microsoft.NETCore.App.Ref/10.0.3/ref/net10.0/Microsoft.CSharp.dll /reference:/home/rrj/.nuget/packages/microsoft.extensions.configuration.abstractions/9.0.1/lib/net9.0/Microsoft.Extensions.Configuration.Abstractions.dll /reference:/home/rrj/.nuget/packages/microsoft.extensions.configuration.binder/9.0.1/lib/net9.0/Microsoft.Extensions.Configuration.Binder.dll /reference:/home/rrj/.nuget/packages/microsoft.extensions.configuration/9.0.1/lib/net9.0/Microsoft.Extensions.Configuration.dll /reference:/home/rrj/.nuget/packages/microsoft.extensions.dependencyinjection.abstractions/9.0.1/lib/net9.0/Microsoft.Extensions.DependencyInjection.Abstractions.dll /reference:/home/rrj/.nuget/packages/microsoft.extensions.dependencyinjection/9.0.1/lib/net9.0/Microsoft.Extensions.DependencyInjection.dll /reference:/home/rrj/.nuget/packages/microsoft.extensions.diagnostics.abstractions/9.0.1/lib/net9.0/Microsoft.Extensions.Diagnostics.Abstractions.dll /reference:/home/rrj/.nuget/packages/microsoft.extensions.fileproviders.abstractions/9.0.1/lib/net9.0/Microsoft.Extensions.FileProviders.Abstractions.dll /reference:/home/rrj/.nuget/packages/microsoft.extensions.hosting.abstractions/9.0.1/lib/net9.0/Microsoft.Extensions.Hosting.Abstractions.dll /reference:/home/rrj/.nuget/packages/microsoft.extensions.logging.abstractions/9.0.1/lib/net9.0/Microsoft.Extensions.Logging.Abstractions.dll /reference:/home/rrj/.nuget/packages/microsoft.extensions.options.configurationextensions/9.0.1/lib/net9.0/Microsoft.Extensions.Options.ConfigurationExtensions.dll /reference:/home/rrj/.nuget/packages/microsoft.extensions.options/9.0.1/lib/net9.0/Microsoft.Extensions.Options.dll /reference:/home/rrj/.nuget/packages/microsoft.extensions.primitives/9.0.1/lib/net9.0/Microsoft.Extensions.Primitives.dll /reference:/usr/share/dotnet/packs/Microsoft.NETCore.App.Ref/10.0.3/ref/net10.0/Microsoft.VisualBasic.Core.dll /reference:/usr/share/dotnet/packs/Microsoft.NETCore.App.Ref/10.0.3/ref/net10.0/Microsoft.VisualBasic.dll /reference:/usr/share/dotnet/packs/Microsoft.NETCore.App.Ref/10.0.3/ref/net10.0/Microsoft.Win32.Primitives.dll /reference:/usr/share/dotnet/packs/Microsoft.NETCore.App.Ref/10.0.3/ref/net10.0/Microsoft.Win32.Registry.dll /reference:/usr/share/dotnet/packs/Microsoft.NETCore.App.Ref/10.0.3/ref/net10.0/mscorlib.dll /reference:/usr/share/dotnet/packs/Microsoft.NETCore.App.Ref/10.0.3/ref/net10.0/netstandard.dll /reference:/usr/share/dotnet/packs/Microsoft.NETCore.App.Ref/10.0.3/ref/net10.0/System.AppContext.dll /reference:/usr/share/dotnet/packs/Microsoft.NETCore.App.Ref/10.0.3/ref/net10.0/System.Buffers.dll /reference:/usr/share/dotnet/packs/Microsoft.NETCore.App.Ref/10.0.3/ref/net10.0/System.Collections.Concurrent.dll /reference:/usr/share/dotnet/packs/Microsoft.NETCore.App.Ref/10.0.3/ref/net10.0/System.Collections.dll /reference:/usr/share/dotnet/packs/Microsoft.NETCore.App.Ref/10.0.3/ref/net10.0/System.Collections.Immutable.dll /reference:/usr/share/dotnet/packs/Microsoft.NETCore.App.Ref/10.0.3/ref/net10.0/System.Collections.NonGeneric.dll /reference:/usr/share/dotnet/packs/Microsoft.NETCore.App.Ref/10.0.3/ref/net10.0/System.Collections.Specialized.dll /reference:/usr/share/dotnet/packs/Microsoft.NETCore.App.Ref/10.0.3/ref/net10.0/System.ComponentModel.Annotations.dll /reference:/usr/share/dotnet/packs/Microsoft.NETCore.App.Ref/10.0.3/ref/net10.0/System.ComponentModel.DataAnnotations.dll /reference:/usr/share/dotnet/packs/Microsoft.NETCore.App.Ref/10.0.3/ref/net10.0/System.ComponentModel.dll /reference:/usr/share/dotnet/packs/Microsoft.NETCore.App.Ref/10.0.3/ref/net10.0/System.ComponentModel.EventBasedAsync.dll /reference:/usr/share/dotnet/packs/Microsoft.NETCore.App.Ref/10.0.3/ref/net10.0/System.ComponentModel.Primitives.dll /reference:/usr/share/dotnet/packs/Microsoft.NETCore.App.Ref/10.0.3/ref/net10.0/System.ComponentModel.TypeConverter.dll /reference:/usr/share/dotnet/packs/Microsoft.NETCore.App.Ref/10.0.3/ref/net10.0/System.Configuration.dll /reference:/usr/share/dotnet/packs/Microsoft.NETCore.App.Ref/10.0.3/ref/net10.0/System.Console.dll /reference:/usr/share/dotnet/packs/Microsoft.NETCore.App.Ref/10.0.3/ref/net10.0/System.Core.dll /reference:/usr/share/dotnet/packs/Microsoft.NETCore.App.Ref/10.0.3/ref/net10.0/System.Data.Common.dll /reference:/usr/share/dotnet/packs/Microsoft.NETCore.App.Ref/10.0.3/ref/net10.0/System.Data.DataSetExtensions.dll /reference:/usr/share/dotnet/packs/Microsoft.NETCore.App.Ref/10.0.3/ref/net10.0/System.Data.dll /reference:/usr/share/dotnet/packs/Microsoft.NETCore.App.Ref/10.0.3/ref/net10.0/System.Diagnostics.Contracts.dll /reference:/usr/share/dotnet/packs/Microsoft.NETCore.App.Ref/10.0.3/ref/net10.0/System.Diagnostics.Debug.dll /reference:/usr/share/dotnet/packs/Microsoft.NETCore.App.Ref/10.0.3/ref/net10.0/System.Diagnostics.DiagnosticSource.dll /reference:/usr/share/dotnet/packs/Microsoft.NETCore.App.Ref/10.0.3/ref/net10.0/System.Diagnostics.FileVersionInfo.dll /reference:/usr/share/dotnet/packs/Microsoft.NETCore.App.Ref/10.0.3/ref/net10.0/System.Diagnostics.Process.dll /reference:/usr/share/dotnet/packs/Microsoft.NETCore.App.Ref/10.0.3/ref/net10.0/System.Diagnostics.StackTrace.dll /reference:/usr/share/dotnet/packs/Microsoft.NETCore.App.Ref/10.0.3/ref/net10.0/System.Diagnostics.TextWriterTraceListener.dll /reference:/usr/share/dotnet/packs/Microsoft.NETCore.App.Ref/10.0.3/ref/net10.0/System.Diagnostics.Tools.dll /reference:/usr/share/dotnet/packs/Microsoft.NETCore.App.Ref/10.0.3/ref/net10.0/System.Diagnostics.TraceSource.dll /reference:/usr/share/dotnet/packs/Microsoft.NETCore.App.Ref/10.0.3/ref/net10.0/System.Diagnostics.Tracing.dll /reference:/usr/share/dotnet/packs/Microsoft.NETCore.App.Ref/10.0.3/ref/net10.0/System.dll /reference:/usr/share/dotnet/packs/Microsoft.NETCore.App.Ref/10.0.3/ref/net10.0/System.Drawing.dll /reference:/usr/share/dotnet/packs/Microsoft.NETCore.App.Ref/10.0.3/ref/net10.0/System.Drawing.Primitives.dll /reference:/usr/share/dotnet/packs/Microsoft.NETCore.App.Ref/10.0.3/ref/net10.0/System.Dynamic.Runtime.dll /reference:/usr/share/dotnet/packs/Microsoft.NETCore.App.Ref/10.0.3/ref/net10.0/System.Formats.Asn1.dll /reference:/usr/share/dotnet/packs/Microsoft.NETCore.App.Ref/10.0.3/ref/net10.0/System.Formats.Tar.dll /reference:/usr/share/dotnet/packs/Microsoft.NETCore.App.Ref/10.0.3/ref/net10.0/System.Globalization.Calendars.dll /reference:/usr/share/dotnet/packs/Microsoft.NETCore.App.Ref/10.0.3/ref/net10.0/System.Globalization.dll /reference:/usr/share/dotnet/packs/Microsoft.NETCore.App.Ref/10.0.3/ref/net10.0/System.Globalization.Extensions.dll /reference:/usr/share/dotnet/packs/Microsoft.NETCore.App.Ref/10.0.3/ref/net10.0/System.IO.Compression.Brotli.dll /reference:/usr/share/dotnet/packs/Microsoft.NETCore.App.Ref/10.0.3/ref/net10.0/System.IO.Compression.dll /reference:/usr/share/dotnet/packs/Microsoft.NETCore.App.Ref/10.0.3/ref/net10.0/System.IO.Compression.FileSystem.dll /reference:/usr/share/dotnet/packs/Microsoft.NETCore.App.Ref/10.0.3/ref/net10.0/System.IO.Compression.ZipFile.dll /reference:/usr/share/dotnet/packs/Microsoft.NETCore.App.Ref/10.0.3/ref/net10.0/System.IO.dll /reference:/usr/share/dotnet/packs/Microsoft.NETCore.App.Ref/10.0.3/ref/net10.0/System.IO.FileSystem.AccessControl.dll /reference:/usr/share/dotnet/packs/Microsoft.NETCore.App.Ref/10.0.3/ref/net10.0/System.IO.FileSystem.dll /reference:/usr/share/dotnet/packs/Microsoft.NETCore.App.Ref/10.0.3/ref/net10.0/System.IO.FileSystem.DriveInfo.dll /reference:/usr/share/dotnet/packs/Microsoft.NETCore.App.Ref/10.0.3/ref/net10.0/System.IO.FileSystem.Primitives.dll /reference:/usr/share/dotnet/packs/Microsoft.NETCore.App.Ref/10.0.3/ref/net10.0/System.IO.FileSystem.Watcher.dll /reference:/usr/share/dotnet/packs/Microsoft.NETCore.App.Ref/10.0.3/ref/net10.0/System.IO.IsolatedStorage.dll /reference:/usr/share/dotnet/packs/Microsoft.NETCore.App.Ref/10.0.3/ref/net10.0/System.IO.MemoryMappedFiles.dll /reference:/usr/share/dotnet/packs/Microsoft.NETCore.App.Ref/10.0.3/ref/net10.0/System.IO.Pipelines.dll /reference:/usr/share/dotnet/packs/Microsoft.NETCore.App.Ref/10.0.3/ref/net10.0/System.IO.Pipes.AccessControl.dll /reference:/usr/share/dotnet/packs/Microsoft.NETCore.App.Ref/10.0.3/ref/net10.0/System.IO.Pipes.dll /reference:/usr/share/dotnet/packs/Microsoft.NETCore.App.Ref/10.0.3/ref/net10.0/System.IO.UnmanagedMemoryStream.dll /reference:/usr/share/dotnet/packs/Microsoft.NETCore.App.Ref/10.0.3/ref/net10.0/System.Linq.AsyncEnumerable.dll /reference:/usr/share/dotnet/packs/Microsoft.NETCore.App.Ref/10.0.3/ref/net10.0/System.Linq.dll /reference:/usr/share/dotnet/packs/Microsoft.NETCore.App.Ref/10.0.3/ref/net10.0/System.Linq.Expressions.dll /reference:/usr/share/dotnet/packs/Microsoft.NETCore.App.Ref/10.0.3/ref/net10.0/System.Linq.Parallel.dll /reference:/usr/share/dotnet/packs/Microsoft.NETCore.App.Ref/10.0.3/ref/net10.0/System.Linq.Queryable.dll /reference:/usr/share/dotnet/packs/Microsoft.NETCore.App.Ref/10.0.3/ref/net10.0/System.Memory.dll /reference:/usr/share/dotnet/packs/Microsoft.NETCore.App.Ref/10.0.3/ref/net10.0/System.Net.dll /reference:/usr/share/dotnet/packs/Microsoft.NETCore.App.Ref/10.0.3/ref/net10.0/System.Net.Http.dll /reference:/usr/share/dotnet/packs/Microsoft.NETCore.App.Ref/10.0.3/ref/net10.0/System.Net.Http.Json.dll /reference:/usr/share/dotnet/packs/Microsoft.NETCore.App.Ref/10.0.3/ref/net10.0/System.Net.HttpListener.dll /reference:/usr/share/dotnet/packs/Microsoft.NETCore.App.Ref/10.0.3/ref/net10.0/System.Net.Mail.dll /reference:/usr/share/dotnet/packs/Microsoft.NETCore.App.Ref/10.0.3/ref/net10.0/System.Net.NameResolution.dll /reference:/usr/share/dotnet/packs/Microsoft.NETCore.App.Ref/10.0.3/ref/net10.0/System.Net.NetworkInformation.dll /reference:/usr/share/dotnet/packs/Microsoft.NETCore.App.Ref/10.0.3/ref/net10.0/System.Net.Ping.dll /reference:/usr/share/dotnet/packs/Microsoft.NETCore.App.Ref/10.0.3/ref/net10.0/System.Net.Primitives.dll /reference:/usr/share/dotnet/packs/Microsoft.NETCore.App.Ref/10.0.3/ref/net10.0/System.Net.Quic.dll /reference:/usr/share/dotnet/packs/Microsoft.NETCore.App.Ref/10.0.3/ref/net10.0/System.Net.Requests.dll /reference:/usr/share/dotnet/packs/Microsoft.NETCore.App.Ref/10.0.3/ref/net10.0/System.Net.Security.dll /reference:/usr/share/dotnet/packs/Microsoft.NETCore.App.Ref/10.0.3/ref/net10.0/System.Net.ServerSentEvents.dll /reference:/usr/share/dotnet/packs/Microsoft.NETCore.App.Ref/10.0.3/ref/net10.0/System.Net.ServicePoint.dll /reference:/usr/share/dotnet/packs/Microsoft.NETCore.App.Ref/10.0.3/ref/net10.0/System.Net.Sockets.dll /reference:/usr/share/dotnet/packs/Microsoft.NETCore.App.Ref/10.0.3/ref/net10.0/System.Net.WebClient.dll /reference:/usr/share/dotnet/packs/Microsoft.NETCore.App.Ref/10.0.3/ref/net10.0/System.Net.WebHeaderCollection.dll /reference:/usr/share/dotnet/packs/Microsoft.NETCore.App.Ref/10.0.3/ref/net10.0/System.Net.WebProxy.dll /reference:/usr/share/dotnet/packs/Microsoft.NETCore.App.Ref/10.0.3/ref/net10.0/System.Net.WebSockets.Client.dll /reference:/usr/share/dotnet/packs/Microsoft.NETCore.App.Ref/10.0.3/ref/net10.0/System.Net.WebSockets.dll /reference:/usr/share/dotnet/packs/Microsoft.NETCore.App.Ref/10.0.3/ref/net10.0/System.Numerics.dll /reference:/usr/share/dotnet/packs/Microsoft.NETCore.App.Ref/10.0.3/ref/net10.0/System.Numerics.Vectors.dll /reference:/usr/share/dotnet/packs/Microsoft.NETCore.App.Ref/10.0.3/ref/net10.0/System.ObjectModel.dll /reference:/usr/share/dotnet/packs/Microsoft.NETCore.App.Ref/10.0.3/ref/net10.0/System.Reflection.DispatchProxy.dll /reference:/usr/share/dotnet/packs/Microsoft.NETCore.App.Ref/10.0.3/ref/net10.0/System.Reflection.dll /reference:/usr/share/dotnet/packs/Microsoft.NETCore.App.Ref/10.0.3/ref/net10.0/System.Reflection.Emit.dll /reference:/usr/share/dotnet/packs/Microsoft.NETCore.App.Ref/10.0.3/ref/net10.0/System.Reflection.Emit.ILGeneration.dll /reference:/usr/share/dotnet/packs/Microsoft.NETCore.App.Ref/10.0.3/ref/net10.0/System.Reflection.Emit.Lightweight.dll /reference:/usr/share/dotnet/packs/Microsoft.NETCore.App.Ref/10.0.3/ref/net10.0/System.Reflection.Extensions.dll /reference:/usr/share/dotnet/packs/Microsoft.NETCore.App.Ref/10.0.3/ref/net10.0/System.Reflection.Metadata.dll /reference:/usr/share/dotnet/packs/Microsoft.NETCore.App.Ref/10.0.3/ref/net10.0/System.Reflection.Primitives.dll /reference:/usr/share/dotnet/packs/Microsoft.NETCore.App.Ref/10.0.3/ref/net10.0/System.Reflection.TypeExtensions.dll /reference:/usr/share/dotnet/packs/Microsoft.NETCore.App.Ref/10.0.3/ref/net10.0/System.Resources.Reader.dll /reference:/usr/share/dotnet/packs/Microsoft.NETCore.App.Ref/10.0.3/ref/net10.0/System.Resources.ResourceManager.dll /reference:/usr/share/dotnet/packs/Microsoft.NETCore.App.Ref/10.0.3/ref/net10.0/System.Resources.Writer.dll /reference:/usr/share/dotnet/packs/Microsoft.NETCore.App.Ref/10.0.3/ref/net10.0/System.Runtime.CompilerServices.Unsafe.dll /reference:/usr/share/dotnet/packs/Microsoft.NETCore.App.Ref/10.0.3/ref/net10.0/System.Runtime.CompilerServices.VisualC.dll /reference:/usr/share/dotnet/packs/Microsoft.NETCore.App.Ref/10.0.3/ref/net10.0/System.Runtime.dll /reference:/usr/share/dotnet/packs/Microsoft.NETCore.App.Ref/10.0.3/ref/net10.0/System.Runtime.Extensions.dll /reference:/usr/share/dotnet/packs/Microsoft.NETCore.App.Ref/10.0.3/ref/net10.0/System.Runtime.Handles.dll /reference:/usr/share/dotnet/packs/Microsoft.NETCore.App.Ref/10.0.3/ref/net10.0/System.Runtime.InteropServices.dll /reference:/usr/share/dotnet/packs/Microsoft.NETCore.App.Ref/10.0.3/ref/net10.0/System.Runtime.InteropServices.JavaScript.dll /reference:/usr/share/dotnet/packs/Microsoft.NETCore.App.Ref/10.0.3/ref/net10.0/System.Runtime.InteropServices.RuntimeInformation.dll /reference:/usr/share/dotnet/packs/Microsoft.NETCore.App.Ref/10.0.3/ref/net10.0/System.Runtime.Intrinsics.dll /reference:/usr/share/dotnet/packs/Microsoft.NETCore.App.Ref/10.0.3/ref/net10.0/System.Runtime.Loader.dll /reference:/usr/share/dotnet/packs/Microsoft.NETCore.App.Ref/10.0.3/ref/net10.0/System.Runtime.Numerics.dll /reference:/usr/share/dotnet/packs/Microsoft.NETCore.App.Ref/10.0.3/ref/net10.0/System.Runtime.Serialization.dll /reference:/usr/share/dotnet/packs/Microsoft.NETCore.App.Ref/10.0.3/ref/net10.0/System.Runtime.Serialization.Formatters.dll /reference:/usr/share/dotnet/packs/Microsoft.NETCore.App.Ref/10.0.3/ref/net10.0/System.Runtime.Serialization.Json.dll /reference:/usr/share/dotnet/packs/Microsoft.NETCore.App.Ref/10.0.3/ref/net10.0/System.Runtime.Serialization.Primitives.dll /reference:/usr/share/dotnet/packs/Microsoft.NETCore.App.Ref/10.0.3/ref/net10.0/System.Runtime.Serialization.Xml.dll /reference:/usr/share/dotnet/packs/Microsoft.NETCore.App.Ref/10.0.3/ref/net10.0/System.Security.AccessControl.dll /reference:/usr/share/dotnet/packs/Microsoft.NETCore.App.Ref/10.0.3/ref/net10.0/System.Security.Claims.dll /reference:/usr/share/dotnet/packs/Microsoft.NETCore.App.Ref/10.0.3/ref/net10.0/System.Security.Cryptography.Algorithms.dll /reference:/usr/share/dotnet/packs/Microsoft.NETCore.App.Ref/10.0.3/ref/net10.0/System.Security.Cryptography.Cng.dll /reference:/usr/share/dotnet/packs/Microsoft.NETCore.App.Ref/10.0.3/ref/net10.0/System.Security.Cryptography.Csp.dll /reference:/usr/share/dotnet/packs/Microsoft.NETCore.App.Ref/10.0.3/ref/net10.0/System.Security.Cryptography.dll /reference:/usr/share/dotnet/packs/Microsoft.NETCore.App.Ref/10.0.3/ref/net10.0/System.Security.Cryptography.Encoding.dll /reference:/usr/share/dotnet/packs/Microsoft.NETCore.App.Ref/10.0.3/ref/net10.0/System.Security.Cryptography.OpenSsl.dll /reference:/usr/share/dotnet/packs/Microsoft.NETCore.App.Ref/10.0.3/ref/net10.0/System.Security.Cryptography.Primitives.dll /reference:/usr/share/dotnet/packs/Microsoft.NETCore.App.Ref/10.0.3/ref/net10.0/System.Security.Cryptography.X509Certificates.dll /reference:/usr/share/dotnet/packs/Microsoft.NETCore.App.Ref/10.0.3/ref/net10.0/System.Security.dll /reference:/usr/share/dotnet/packs/Microsoft.NETCore.App.Ref/10.0.3/ref/net10.0/System.Security.Principal.dll /reference:/usr/share/dotnet/packs/Microsoft.NETCore.App.Ref/10.0.3/ref/net10.0/System.Security.Principal.Windows.dll /reference:/usr/share/dotnet/packs/Microsoft.NETCore.App.Ref/10.0.3/ref/net10.0/System.Security.SecureString.dll /reference:/usr/share/dotnet/packs/Microsoft.NETCore.App.Ref/10.0.3/ref/net10.0/System.ServiceModel.Web.dll /reference:/usr/share/dotnet/packs/Microsoft.NETCore.App.Ref/10.0.3/ref/net10.0/System.ServiceProcess.dll /reference:/usr/share/dotnet/packs/Microsoft.NETCore.App.Ref/10.0.3/ref/net10.0/System.Text.Encoding.CodePages.dll /reference:/usr/share/dotnet/packs/Microsoft.NETCore.App.Ref/10.0.3/ref/net10.0/System.Text.Encoding.dll /reference:/usr/share/dotnet/packs/Microsoft.NETCore.App.Ref/10.0.3/ref/net10.0/System.Text.Encoding.Extensions.dll /reference:/usr/share/dotnet/packs/Microsoft.NETCore.App.Ref/10.0.3/ref/net10.0/System.Text.Encodings.Web.dll /reference:/usr/share/dotnet/packs/Microsoft.NETCore.App.Ref/10.0.3/ref/net10.0/System.Text.Json.dll /reference:/usr/share/dotnet/packs/Microsoft.NETCore.App.Ref/10.0.3/ref/net10.0/System.Text.RegularExpressions.dll /reference:/usr/share/dotnet/packs/Microsoft.NETCore.App.Ref/10.0.3/ref/net10.0/System.Threading.AccessControl.dll /reference:/usr/share/dotnet/packs/Microsoft.NETCore.App.Ref/10.0.3/ref/net10.0/System.Threading.Channels.dll /reference:/usr/share/dotnet/packs/Microsoft.NETCore.App.Ref/10.0.3/ref/net10.0/System.Threading.dll /reference:/usr/share/dotnet/packs/Microsoft.NETCore.App.Ref/10.0.3/ref/net10.0/System.Threading.Overlapped.dll /reference:/usr/share/dotnet/packs/Microsoft.NETCore.App.Ref/10.0.3/ref/net10.0/System.Threading.Tasks.Dataflow.dll /reference:/usr/share/dotnet/packs/Microsoft.NETCore.App.Ref/10.0.3/ref/net10.0/System.Threading.Tasks.dll /reference:/usr/share/dotnet/packs/Microsoft.NETCore.App.Ref/10.0.3/ref/net10.0/System.Threading.Tasks.Extensions.dll /reference:/usr/share/dotnet/packs/Microsoft.NETCore.App.Ref/10.0.3/ref/net10.0/System.Threading.Tasks.Parallel.dll /reference:/usr/share/dotnet/packs/Microsoft.NETCore.App.Ref/10.0.3/ref/net10.0/System.Threading.Thread.dll /reference:/usr/share/dotnet/packs/Microsoft.NETCore.App.Ref/10.0.3/ref/net10.0/System.Threading.ThreadPool.dll /reference:/usr/share/dotnet/packs/Microsoft.NETCore.App.Ref/10.0.3/ref/net10.0/System.Threading.Timer.dll /reference:/usr/share/dotnet/packs/Microsoft.NETCore.App.Ref/10.0.3/ref/net10.0/System.Transactions.dll /reference:/usr/share/dotnet/packs/Microsoft.NETCore.App.Ref/10.0.3/ref/net10.0/System.Transactions.Local.dll /reference:/usr/share/dotnet/packs/Microsoft.NETCore.App.Ref/10.0.3/ref/net10.0/System.ValueTuple.dll /reference:/usr/share/dotnet/packs/Microsoft.NETCore.App.Ref/10.0.3/ref/net10.0/System.Web.dll /reference:/usr/share/dotnet/packs/Microsoft.NETCore.App.Ref/10.0.3/ref/net10.0/System.Web.HttpUtility.dll /reference:/usr/share/dotnet/packs/Microsoft.NETCore.App.Ref/10.0.3/ref/net10.0/System.Windows.dll /reference:/usr/share/dotnet/packs/Microsoft.NETCore.App.Ref/10.0.3/ref/net10.0/System.Xml.dll /reference:/usr/share/dotnet/packs/Microsoft.NETCore.App.Ref/10.0.3/ref/net10.0/System.Xml.Linq.dll /reference:/usr/share/dotnet/packs/Microsoft.NETCore.App.Ref/10.0.3/ref/net10.0/System.Xml.ReaderWriter.dll /reference:/usr/share/dotnet/packs/Microsoft.NETCore.App.Ref/10.0.3/ref/net10.0/System.Xml.Serialization.dll /reference:/usr/share/dotnet/packs/Microsoft.NETCore.App.Ref/10.0.3/ref/net10.0/System.Xml.XDocument.dll /reference:/usr/share/dotnet/packs/Microsoft.NETCore.App.Ref/10.0.3/ref/net10.0/System.Xml.XmlDocument.dll /reference:/usr/share/dotnet/packs/Microsoft.NETCore.App.Ref/10.0.3/ref/net10.0/System.Xml.XmlSerializer.dll /reference:/usr/share/dotnet/packs/Microsoft.NETCore.App.Ref/10.0.3/ref/net10.0/System.Xml.XPath.dll /reference:/usr/share/dotnet/packs/Microsoft.NETCore.App.Ref/10.0.3/ref/net10.0/System.Xml.XPath.XDocument.dll /reference:/usr/share/dotnet/packs/Microsoft.NETCore.App.Ref/10.0.3/ref/net10.0/WindowsBase.dll /features:"InterceptorsNamespaces=;Microsoft.Extensions.Validation.Generated" /debug+ /debug:portable /filealign:512 /optimize- /out:/tmp/ghost-build/obj/Ghost.Engine.Hosting/Debug/net10.0/Ghost.Engine.Hosting.dll /refout:/tmp/ghost-build/obj/Ghost.Engine.Hosting/Debug/net10.0/refint/Ghost.Engine.Hosting.dll /target:library /warnaserror+ /utf8output /deterministic+ /sourcelink:/tmp/ghost-build/obj/Ghost.Engine.Hosting/Debug/net10.0/Ghost.Engine.Hosting.sourcelink.json /langversion:preview /embed:/tmp/ghost-build/obj/Ghost.Engine.Hosting/Debug/net10.0/Ghost.Engine.Hosting.GlobalUsings.g.cs /embed:/tmp/ghost-build/obj/Ghost.Engine.Hosting/Debug/net10.0/Ghost.Engine.Hosting.AssemblyInfo.cs /analyzerconfig:/home/rrj/src/github/rudironsoni/Ghost/.editorconfig /analyzerconfig:/tmp/ghost-build/obj/Ghost.Engine.Hosting/Debug/net10.0/Ghost.Engine.Hosting.GeneratedMSBuildEditorConfig.editorconfig /analyzerconfig:/usr/share/dotnet/sdk/10.0.103/Sdks/Microsoft.NET.Sdk/analyzers/build/config/analysislevel_10_recommended.globalconfig /analyzer:/usr/share/dotnet/sdk/10.0.103/Sdks/Microsoft.NET.Sdk/targets/../analyzers/Microsoft.CodeAnalysis.CSharp.NetAnalyzers.dll /analyzer:/usr/share/dotnet/sdk/10.0.103/Sdks/Microsoft.NET.Sdk/targets/../analyzers/Microsoft.CodeAnalysis.NetAnalyzers.dll /analyzer:/usr/share/dotnet/sdk/10.0.103/Sdks/Microsoft.NET.Sdk/targets/../codestyle/cs/Microsoft.CodeAnalysis.CodeStyle.dll /analyzer:/usr/share/dotnet/sdk/10.0.103/Sdks/Microsoft.NET.Sdk/targets/../codestyle/cs/Microsoft.CodeAnalysis.CodeStyle.Fixes.dll /analyzer:/usr/share/dotnet/sdk/10.0.103/Sdks/Microsoft.NET.Sdk/targets/../codestyle/cs/Microsoft.CodeAnalysis.CSharp.CodeStyle.dll /analyzer:/usr/share/dotnet/sdk/10.0.103/Sdks/Microsoft.NET.Sdk/targets/../codestyle/cs/Microsoft.CodeAnalysis.CSharp.CodeStyle.Fixes.dll /analyzer:/home/rrj/.nuget/packages/microsoft.extensions.logging.abstractions/9.0.1/analyzers/dotnet/roslyn4.4/cs/Microsoft.Extensions.Logging.Generators.dll /analyzer:/home/rrj/.nuget/packages/microsoft.extensions.options/9.0.1/analyzers/dotnet/roslyn4.4/cs/Microsoft.Extensions.Options.SourceGeneration.dll /analyzer:/usr/share/dotnet/packs/Microsoft.NETCore.App.Ref/10.0.3/analyzers/dotnet/cs/Microsoft.Interop.ComInterfaceGenerator.dll /analyzer:/usr/share/dotnet/packs/Microsoft.NETCore.App.Ref/10.0.3/analyzers/dotnet/cs/Microsoft.Interop.JavaScript.JSImportGenerator.dll /analyzer:/usr/share/dotnet/packs/Microsoft.NETCore.App.Ref/10.0.3/analyzers/dotnet/cs/Microsoft.Interop.LibraryImportGenerator.dll /analyzer:/usr/share/dotnet/packs/Microsoft.NETCore.App.Ref/10.0.3/analyzers/dotnet/cs/Microsoft.Interop.SourceGeneration.dll /analyzer:/usr/share/dotnet/packs/Microsoft.NETCore.App.Ref/10.0.3/analyzers/dotnet/cs/System.Text.Json.SourceGeneration.dll /analyzer:/usr/share/dotnet/packs/Microsoft.NETCore.App.Ref/10.0.3/analyzers/dotnet/cs/System.Text.RegularExpressions.Generator.dll GhostEngineHostingServiceCollectionExtensions.cs GhostEngineWarmupHostedService.cs /tmp/ghost-build/obj/Ghost.Engine.Hosting/Debug/net10.0/Ghost.Engine.Hosting.GlobalUsings.g.cs /tmp/ghost-build/obj/Ghost.Engine.Hosting/Debug/net10.0/Ghost.Engine.Hosting.AssemblyInfo.cs /warnaserror+:NU1605,SYSLIB0011
         Compilation request Ghost.Engine.Hosting (net10.0), PathToTool=/usr/share/dotnet/sdk/10.0.103/Roslyn/bincore/csc
         CompilerServer: tool - using command line tool by design '/usr/share/dotnet/sdk/10.0.103/Roslyn/bincore/csc' - Ghost.Engine.Hosting (net10.0)
    14>CopyFilesToOutputDirectory:
         Copying file from "/tmp/ghost-build/obj/Ghost.Contracts.Social/Debug/net10.0/Ghost.Contracts.Social.dll" to "/tmp/ghost-build/bin/Ghost.Contracts.Social/Debug/net10.0/Ghost.Contracts.Social.dll".
         Copying reference assembly from "/tmp/ghost-build/obj/Ghost.Contracts.Social/Debug/net10.0/refint/Ghost.Contracts.Social.dll" to "/tmp/ghost-build/obj/Ghost.Contracts.Social/Debug/net10.0/ref/Ghost.Contracts.Social.dll".
         Ghost.Contracts.Social -> /tmp/ghost-build/bin/Ghost.Contracts.Social/Debug/net10.0/Ghost.Contracts.Social.dll
         Copying file from "/tmp/ghost-build/obj/Ghost.Contracts.Social/Debug/net10.0/Ghost.Contracts.Social.pdb" to "/tmp/ghost-build/bin/Ghost.Contracts.Social/Debug/net10.0/Ghost.Contracts.Social.pdb".
    14>Done Building Project "/home/rrj/src/github/rudironsoni/Ghost/src/Contracts/Ghost.Contracts.Social/Ghost.Contracts.Social.csproj" (default targets).
     1>Project "/home/rrj/src/github/rudironsoni/Ghost/Ghost.sln" (1) is building "/home/rrj/src/github/rudironsoni/Ghost/src/Contracts/Ghost.Contracts.News/Ghost.Contracts.News.csproj" (13:9) on node 2 (default targets).
    13>_GenerateSourceLinkFile:
         Updating Source Link file '/tmp/ghost-build/obj/Ghost.Contracts.News/Debug/net10.0/Ghost.Contracts.News.sourcelink.json'.
       CoreCompile:
         Setting DOTNET_ROOT to '/usr/share/dotnet'
         /usr/share/dotnet/sdk/10.0.103/Roslyn/bincore/csc /noconfig /unsafe- /checked- /nowarn:1701,1702,1701,1702 /fullpaths /nostdlib+ /errorreport:prompt /warn:10 /define:TRACE;DEBUG;NET;NET10_0;NETCOREAPP;NET5_0_OR_GREATER;NET6_0_OR_GREATER;NET7_0_OR_GREATER;NET8_0_OR_GREATER;NET9_0_OR_GREATER;NET10_0_OR_GREATER;NETCOREAPP1_0_OR_GREATER;NETCOREAPP1_1_OR_GREATER;NETCOREAPP2_0_OR_GREATER;NETCOREAPP2_1_OR_GREATER;NETCOREAPP2_2_OR_GREATER;NETCOREAPP3_0_OR_GREATER;NETCOREAPP3_1_OR_GREATER /highentropyva+ /nullable:enable /reference:/usr/share/dotnet/packs/Microsoft.NETCore.App.Ref/10.0.3/ref/net10.0/Microsoft.CSharp.dll /reference:/usr/share/dotnet/packs/Microsoft.NETCore.App.Ref/10.0.3/ref/net10.0/Microsoft.VisualBasic.Core.dll /reference:/usr/share/dotnet/packs/Microsoft.NETCore.App.Ref/10.0.3/ref/net10.0/Microsoft.VisualBasic.dll /reference:/usr/share/dotnet/packs/Microsoft.NETCore.App.Ref/10.0.3/ref/net10.0/Microsoft.Win32.Primitives.dll /reference:/usr/share/dotnet/packs/Microsoft.NETCore.App.Ref/10.0.3/ref/net10.0/Microsoft.Win32.Registry.dll /reference:/usr/share/dotnet/packs/Microsoft.NETCore.App.Ref/10.0.3/ref/net10.0/mscorlib.dll /reference:/usr/share/dotnet/packs/Microsoft.NETCore.App.Ref/10.0.3/ref/net10.0/netstandard.dll /reference:/usr/share/dotnet/packs/Microsoft.NETCore.App.Ref/10.0.3/ref/net10.0/System.AppContext.dll /reference:/usr/share/dotnet/packs/Microsoft.NETCore.App.Ref/10.0.3/ref/net10.0/System.Buffers.dll /reference:/usr/share/dotnet/packs/Microsoft.NETCore.App.Ref/10.0.3/ref/net10.0/System.Collections.Concurrent.dll /reference:/usr/share/dotnet/packs/Microsoft.NETCore.App.Ref/10.0.3/ref/net10.0/System.Collections.dll /reference:/usr/share/dotnet/packs/Microsoft.NETCore.App.Ref/10.0.3/ref/net10.0/System.Collections.Immutable.dll /reference:/usr/share/dotnet/packs/Microsoft.NETCore.App.Ref/10.0.3/ref/net10.0/System.Collections.NonGeneric.dll /reference:/usr/share/dotnet/packs/Microsoft.NETCore.App.Ref/10.0.3/ref/net10.0/System.Collections.Specialized.dll /reference:/usr/share/dotnet/packs/Microsoft.NETCore.App.Ref/10.0.3/ref/net10.0/System.ComponentModel.Annotations.dll /reference:/usr/share/dotnet/packs/Microsoft.NETCore.App.Ref/10.0.3/ref/net10.0/System.ComponentModel.DataAnnotations.dll /reference:/usr/share/dotnet/packs/Microsoft.NETCore.App.Ref/10.0.3/ref/net10.0/System.ComponentModel.dll /reference:/usr/share/dotnet/packs/Microsoft.NETCore.App.Ref/10.0.3/ref/net10.0/System.ComponentModel.EventBasedAsync.dll /reference:/usr/share/dotnet/packs/Microsoft.NETCore.App.Ref/10.0.3/ref/net10.0/System.ComponentModel.Primitives.dll /reference:/usr/share/dotnet/packs/Microsoft.NETCore.App.Ref/10.0.3/ref/net10.0/System.ComponentModel.TypeConverter.dll /reference:/usr/share/dotnet/packs/Microsoft.NETCore.App.Ref/10.0.3/ref/net10.0/System.Configuration.dll /reference:/usr/share/dotnet/packs/Microsoft.NETCore.App.Ref/10.0.3/ref/net10.0/System.Console.dll /reference:/usr/share/dotnet/packs/Microsoft.NETCore.App.Ref/10.0.3/ref/net10.0/System.Core.dll /reference:/usr/share/dotnet/packs/Microsoft.NETCore.App.Ref/10.0.3/ref/net10.0/System.Data.Common.dll /reference:/usr/share/dotnet/packs/Microsoft.NETCore.App.Ref/10.0.3/ref/net10.0/System.Data.DataSetExtensions.dll /reference:/usr/share/dotnet/packs/Microsoft.NETCore.App.Ref/10.0.3/ref/net10.0/System.Data.dll /reference:/usr/share/dotnet/packs/Microsoft.NETCore.App.Ref/10.0.3/ref/net10.0/System.Diagnostics.Contracts.dll /reference:/usr/share/dotnet/packs/Microsoft.NETCore.App.Ref/10.0.3/ref/net10.0/System.Diagnostics.Debug.dll /reference:/usr/share/dotnet/packs/Microsoft.NETCore.App.Ref/10.0.3/ref/net10.0/System.Diagnostics.DiagnosticSource.dll /reference:/usr/share/dotnet/packs/Microsoft.NETCore.App.Ref/10.0.3/ref/net10.0/System.Diagnostics.FileVersionInfo.dll /reference:/usr/share/dotnet/packs/Microsoft.NETCore.App.Ref/10.0.3/ref/net10.0/System.Diagnostics.Process.dll /reference:/usr/share/dotnet/packs/Microsoft.NETCore.App.Ref/10.0.3/ref/net10.0/System.Diagnostics.StackTrace.dll /reference:/usr/share/dotnet/packs/Microsoft.NETCore.App.Ref/10.0.3/ref/net10.0/System.Diagnostics.TextWriterTraceListener.dll /reference:/usr/share/dotnet/packs/Microsoft.NETCore.App.Ref/10.0.3/ref/net10.0/System.Diagnostics.Tools.dll /reference:/usr/share/dotnet/packs/Microsoft.NETCore.App.Ref/10.0.3/ref/net10.0/System.Diagnostics.TraceSource.dll /reference:/usr/share/dotnet/packs/Microsoft.NETCore.App.Ref/10.0.3/ref/net10.0/System.Diagnostics.Tracing.dll /reference:/usr/share/dotnet/packs/Microsoft.NETCore.App.Ref/10.0.3/ref/net10.0/System.dll /reference:/usr/share/dotnet/packs/Microsoft.NETCore.App.Ref/10.0.3/ref/net10.0/System.Drawing.dll /reference:/usr/share/dotnet/packs/Microsoft.NETCore.App.Ref/10.0.3/ref/net10.0/System.Drawing.Primitives.dll /reference:/usr/share/dotnet/packs/Microsoft.NETCore.App.Ref/10.0.3/ref/net10.0/System.Dynamic.Runtime.dll /reference:/usr/share/dotnet/packs/Microsoft.NETCore.App.Ref/10.0.3/ref/net10.0/System.Formats.Asn1.dll /reference:/usr/share/dotnet/packs/Microsoft.NETCore.App.Ref/10.0.3/ref/net10.0/System.Formats.Tar.dll /reference:/usr/share/dotnet/packs/Microsoft.NETCore.App.Ref/10.0.3/ref/net10.0/System.Globalization.Calendars.dll /reference:/usr/share/dotnet/packs/Microsoft.NETCore.App.Ref/10.0.3/ref/net10.0/System.Globalization.dll /reference:/usr/share/dotnet/packs/Microsoft.NETCore.App.Ref/10.0.3/ref/net10.0/System.Globalization.Extensions.dll /reference:/usr/share/dotnet/packs/Microsoft.NETCore.App.Ref/10.0.3/ref/net10.0/System.IO.Compression.Brotli.dll /reference:/usr/share/dotnet/packs/Microsoft.NETCore.App.Ref/10.0.3/ref/net10.0/System.IO.Compression.dll /reference:/usr/share/dotnet/packs/Microsoft.NETCore.App.Ref/10.0.3/ref/net10.0/System.IO.Compression.FileSystem.dll /reference:/usr/share/dotnet/packs/Microsoft.NETCore.App.Ref/10.0.3/ref/net10.0/System.IO.Compression.ZipFile.dll /reference:/usr/share/dotnet/packs/Microsoft.NETCore.App.Ref/10.0.3/ref/net10.0/System.IO.dll /reference:/usr/share/dotnet/packs/Microsoft.NETCore.App.Ref/10.0.3/ref/net10.0/System.IO.FileSystem.AccessControl.dll /reference:/usr/share/dotnet/packs/Microsoft.NETCore.App.Ref/10.0.3/ref/net10.0/System.IO.FileSystem.dll /reference:/usr/share/dotnet/packs/Microsoft.NETCore.App.Ref/10.0.3/ref/net10.0/System.IO.FileSystem.DriveInfo.dll /reference:/usr/share/dotnet/packs/Microsoft.NETCore.App.Ref/10.0.3/ref/net10.0/System.IO.FileSystem.Primitives.dll /reference:/usr/share/dotnet/packs/Microsoft.NETCore.App.Ref/10.0.3/ref/net10.0/System.IO.FileSystem.Watcher.dll /reference:/usr/share/dotnet/packs/Microsoft.NETCore.App.Ref/10.0.3/ref/net10.0/System.IO.IsolatedStorage.dll /reference:/usr/share/dotnet/packs/Microsoft.NETCore.App.Ref/10.0.3/ref/net10.0/System.IO.MemoryMappedFiles.dll /reference:/usr/share/dotnet/packs/Microsoft.NETCore.App.Ref/10.0.3/ref/net10.0/System.IO.Pipelines.dll /reference:/usr/share/dotnet/packs/Microsoft.NETCore.App.Ref/10.0.3/ref/net10.0/System.IO.Pipes.AccessControl.dll /reference:/usr/share/dotnet/packs/Microsoft.NETCore.App.Ref/10.0.3/ref/net10.0/System.IO.Pipes.dll /reference:/usr/share/dotnet/packs/Microsoft.NETCore.App.Ref/10.0.3/ref/net10.0/System.IO.UnmanagedMemoryStream.dll /reference:/usr/share/dotnet/packs/Microsoft.NETCore.App.Ref/10.0.3/ref/net10.0/System.Linq.AsyncEnumerable.dll /reference:/usr/share/dotnet/packs/Microsoft.NETCore.App.Ref/10.0.3/ref/net10.0/System.Linq.dll /reference:/usr/share/dotnet/packs/Microsoft.NETCore.App.Ref/10.0.3/ref/net10.0/System.Linq.Expressions.dll /reference:/usr/share/dotnet/packs/Microsoft.NETCore.App.Ref/10.0.3/ref/net10.0/System.Linq.Parallel.dll /reference:/usr/share/dotnet/packs/Microsoft.NETCore.App.Ref/10.0.3/ref/net10.0/System.Linq.Queryable.dll /reference:/usr/share/dotnet/packs/Microsoft.NETCore.App.Ref/10.0.3/ref/net10.0/System.Memory.dll /reference:/usr/share/dotnet/packs/Microsoft.NETCore.App.Ref/10.0.3/ref/net10.0/System.Net.dll /reference:/usr/share/dotnet/packs/Microsoft.NETCore.App.Ref/10.0.3/ref/net10.0/System.Net.Http.dll /reference:/usr/share/dotnet/packs/Microsoft.NETCore.App.Ref/10.0.3/ref/net10.0/System.Net.Http.Json.dll /reference:/usr/share/dotnet/packs/Microsoft.NETCore.App.Ref/10.0.3/ref/net10.0/System.Net.HttpListener.dll /reference:/usr/share/dotnet/packs/Microsoft.NETCore.App.Ref/10.0.3/ref/net10.0/System.Net.Mail.dll /reference:/usr/share/dotnet/packs/Microsoft.NETCore.App.Ref/10.0.3/ref/net10.0/System.Net.NameResolution.dll /reference:/usr/share/dotnet/packs/Microsoft.NETCore.App.Ref/10.0.3/ref/net10.0/System.Net.NetworkInformation.dll /reference:/usr/share/dotnet/packs/Microsoft.NETCore.App.Ref/10.0.3/ref/net10.0/System.Net.Ping.dll /reference:/usr/share/dotnet/packs/Microsoft.NETCore.App.Ref/10.0.3/ref/net10.0/System.Net.Primitives.dll /reference:/usr/share/dotnet/packs/Microsoft.NETCore.App.Ref/10.0.3/ref/net10.0/System.Net.Quic.dll /reference:/usr/share/dotnet/packs/Microsoft.NETCore.App.Ref/10.0.3/ref/net10.0/System.Net.Requests.dll /reference:/usr/share/dotnet/packs/Microsoft.NETCore.App.Ref/10.0.3/ref/net10.0/System.Net.Security.dll /reference:/usr/share/dotnet/packs/Microsoft.NETCore.App.Ref/10.0.3/ref/net10.0/System.Net.ServerSentEvents.dll /reference:/usr/share/dotnet/packs/Microsoft.NETCore.App.Ref/10.0.3/ref/net10.0/System.Net.ServicePoint.dll /reference:/usr/share/dotnet/packs/Microsoft.NETCore.App.Ref/10.0.3/ref/net10.0/System.Net.Sockets.dll /reference:/usr/share/dotnet/packs/Microsoft.NETCore.App.Ref/10.0.3/ref/net10.0/System.Net.WebClient.dll /reference:/usr/share/dotnet/packs/Microsoft.NETCore.App.Ref/10.0.3/ref/net10.0/System.Net.WebHeaderCollection.dll /reference:/usr/share/dotnet/packs/Microsoft.NETCore.App.Ref/10.0.3/ref/net10.0/System.Net.WebProxy.dll /reference:/usr/share/dotnet/packs/Microsoft.NETCore.App.Ref/10.0.3/ref/net10.0/System.Net.WebSockets.Client.dll /reference:/usr/share/dotnet/packs/Microsoft.NETCore.App.Ref/10.0.3/ref/net10.0/System.Net.WebSockets.dll /reference:/usr/share/dotnet/packs/Microsoft.NETCore.App.Ref/10.0.3/ref/net10.0/System.Numerics.dll /reference:/usr/share/dotnet/packs/Microsoft.NETCore.App.Ref/10.0.3/ref/net10.0/System.Numerics.Vectors.dll /reference:/usr/share/dotnet/packs/Microsoft.NETCore.App.Ref/10.0.3/ref/net10.0/System.ObjectModel.dll /reference:/usr/share/dotnet/packs/Microsoft.NETCore.App.Ref/10.0.3/ref/net10.0/System.Reflection.DispatchProxy.dll /reference:/usr/share/dotnet/packs/Microsoft.NETCore.App.Ref/10.0.3/ref/net10.0/System.Reflection.dll /reference:/usr/share/dotnet/packs/Microsoft.NETCore.App.Ref/10.0.3/ref/net10.0/System.Reflection.Emit.dll /reference:/usr/share/dotnet/packs/Microsoft.NETCore.App.Ref/10.0.3/ref/net10.0/System.Reflection.Emit.ILGeneration.dll /reference:/usr/share/dotnet/packs/Microsoft.NETCore.App.Ref/10.0.3/ref/net10.0/System.Reflection.Emit.Lightweight.dll /reference:/usr/share/dotnet/packs/Microsoft.NETCore.App.Ref/10.0.3/ref/net10.0/System.Reflection.Extensions.dll /reference:/usr/share/dotnet/packs/Microsoft.NETCore.App.Ref/10.0.3/ref/net10.0/System.Reflection.Metadata.dll /reference:/usr/share/dotnet/packs/Microsoft.NETCore.App.Ref/10.0.3/ref/net10.0/System.Reflection.Primitives.dll /reference:/usr/share/dotnet/packs/Microsoft.NETCore.App.Ref/10.0.3/ref/net10.0/System.Reflection.TypeExtensions.dll /reference:/usr/share/dotnet/packs/Microsoft.NETCore.App.Ref/10.0.3/ref/net10.0/System.Resources.Reader.dll /reference:/usr/share/dotnet/packs/Microsoft.NETCore.App.Ref/10.0.3/ref/net10.0/System.Resources.ResourceManager.dll /reference:/usr/share/dotnet/packs/Microsoft.NETCore.App.Ref/10.0.3/ref/net10.0/System.Resources.Writer.dll /reference:/usr/share/dotnet/packs/Microsoft.NETCore.App.Ref/10.0.3/ref/net10.0/System.Runtime.CompilerServices.Unsafe.dll /reference:/usr/share/dotnet/packs/Microsoft.NETCore.App.Ref/10.0.3/ref/net10.0/System.Runtime.CompilerServices.VisualC.dll /reference:/usr/share/dotnet/packs/Microsoft.NETCore.App.Ref/10.0.3/ref/net10.0/System.Runtime.dll /reference:/usr/share/dotnet/packs/Microsoft.NETCore.App.Ref/10.0.3/ref/net10.0/System.Runtime.Extensions.dll /reference:/usr/share/dotnet/packs/Microsoft.NETCore.App.Ref/10.0.3/ref/net10.0/System.Runtime.Handles.dll /reference:/usr/share/dotnet/packs/Microsoft.NETCore.App.Ref/10.0.3/ref/net10.0/System.Runtime.InteropServices.dll /reference:/usr/share/dotnet/packs/Microsoft.NETCore.App.Ref/10.0.3/ref/net10.0/System.Runtime.InteropServices.JavaScript.dll /reference:/usr/share/dotnet/packs/Microsoft.NETCore.App.Ref/10.0.3/ref/net10.0/System.Runtime.InteropServices.RuntimeInformation.dll /reference:/usr/share/dotnet/packs/Microsoft.NETCore.App.Ref/10.0.3/ref/net10.0/System.Runtime.Intrinsics.dll /reference:/usr/share/dotnet/packs/Microsoft.NETCore.App.Ref/10.0.3/ref/net10.0/System.Runtime.Loader.dll /reference:/usr/share/dotnet/packs/Microsoft.NETCore.App.Ref/10.0.3/ref/net10.0/System.Runtime.Numerics.dll /reference:/usr/share/dotnet/packs/Microsoft.NETCore.App.Ref/10.0.3/ref/net10.0/System.Runtime.Serialization.dll /reference:/usr/share/dotnet/packs/Microsoft.NETCore.App.Ref/10.0.3/ref/net10.0/System.Runtime.Serialization.Formatters.dll /reference:/usr/share/dotnet/packs/Microsoft.NETCore.App.Ref/10.0.3/ref/net10.0/System.Runtime.Serialization.Json.dll /reference:/usr/share/dotnet/packs/Microsoft.NETCore.App.Ref/10.0.3/ref/net10.0/System.Runtime.Serialization.Primitives.dll /reference:/usr/share/dotnet/packs/Microsoft.NETCore.App.Ref/10.0.3/ref/net10.0/System.Runtime.Serialization.Xml.dll /reference:/usr/share/dotnet/packs/Microsoft.NETCore.App.Ref/10.0.3/ref/net10.0/System.Security.AccessControl.dll /reference:/usr/share/dotnet/packs/Microsoft.NETCore.App.Ref/10.0.3/ref/net10.0/System.Security.Claims.dll /reference:/usr/share/dotnet/packs/Microsoft.NETCore.App.Ref/10.0.3/ref/net10.0/System.Security.Cryptography.Algorithms.dll /reference:/usr/share/dotnet/packs/Microsoft.NETCore.App.Ref/10.0.3/ref/net10.0/System.Security.Cryptography.Cng.dll /reference:/usr/share/dotnet/packs/Microsoft.NETCore.App.Ref/10.0.3/ref/net10.0/System.Security.Cryptography.Csp.dll /reference:/usr/share/dotnet/packs/Microsoft.NETCore.App.Ref/10.0.3/ref/net10.0/System.Security.Cryptography.dll /reference:/usr/share/dotnet/packs/Microsoft.NETCore.App.Ref/10.0.3/ref/net10.0/System.Security.Cryptography.Encoding.dll /reference:/usr/share/dotnet/packs/Microsoft.NETCore.App.Ref/10.0.3/ref/net10.0/System.Security.Cryptography.OpenSsl.dll /reference:/usr/share/dotnet/packs/Microsoft.NETCore.App.Ref/10.0.3/ref/net10.0/System.Security.Cryptography.Primitives.dll /reference:/usr/share/dotnet/packs/Microsoft.NETCore.App.Ref/10.0.3/ref/net10.0/System.Security.Cryptography.X509Certificates.dll /reference:/usr/share/dotnet/packs/Microsoft.NETCore.App.Ref/10.0.3/ref/net10.0/System.Security.dll /reference:/usr/share/dotnet/packs/Microsoft.NETCore.App.Ref/10.0.3/ref/net10.0/System.Security.Principal.dll /reference:/usr/share/dotnet/packs/Microsoft.NETCore.App.Ref/10.0.3/ref/net10.0/System.Security.Principal.Windows.dll /reference:/usr/share/dotnet/packs/Microsoft.NETCore.App.Ref/10.0.3/ref/net10.0/System.Security.SecureString.dll /reference:/usr/share/dotnet/packs/Microsoft.NETCore.App.Ref/10.0.3/ref/net10.0/System.ServiceModel.Web.dll /reference:/usr/share/dotnet/packs/Microsoft.NETCore.App.Ref/10.0.3/ref/net10.0/System.ServiceProcess.dll /reference:/usr/share/dotnet/packs/Microsoft.NETCore.App.Ref/10.0.3/ref/net10.0/System.Text.Encoding.CodePages.dll /reference:/usr/share/dotnet/packs/Microsoft.NETCore.App.Ref/10.0.3/ref/net10.0/System.Text.Encoding.dll /reference:/usr/share/dotnet/packs/Microsoft.NETCore.App.Ref/10.0.3/ref/net10.0/System.Text.Encoding.Extensions.dll /reference:/usr/share/dotnet/packs/Microsoft.NETCore.App.Ref/10.0.3/ref/net10.0/System.Text.Encodings.Web.dll /reference:/usr/share/dotnet/packs/Microsoft.NETCore.App.Ref/10.0.3/ref/net10.0/System.Text.Json.dll /reference:/usr/share/dotnet/packs/Microsoft.NETCore.App.Ref/10.0.3/ref/net10.0/System.Text.RegularExpressions.dll /reference:/usr/share/dotnet/packs/Microsoft.NETCore.App.Ref/10.0.3/ref/net10.0/System.Threading.AccessControl.dll /reference:/usr/share/dotnet/packs/Microsoft.NETCore.App.Ref/10.0.3/ref/net10.0/System.Threading.Channels.dll /reference:/usr/share/dotnet/packs/Microsoft.NETCore.App.Ref/10.0.3/ref/net10.0/System.Threading.dll /reference:/usr/share/dotnet/packs/Microsoft.NETCore.App.Ref/10.0.3/ref/net10.0/System.Threading.Overlapped.dll /reference:/usr/share/dotnet/packs/Microsoft.NETCore.App.Ref/10.0.3/ref/net10.0/System.Threading.Tasks.Dataflow.dll /reference:/usr/share/dotnet/packs/Microsoft.NETCore.App.Ref/10.0.3/ref/net10.0/System.Threading.Tasks.dll /reference:/usr/share/dotnet/packs/Microsoft.NETCore.App.Ref/10.0.3/ref/net10.0/System.Threading.Tasks.Extensions.dll /reference:/usr/share/dotnet/packs/Microsoft.NETCore.App.Ref/10.0.3/ref/net10.0/System.Threading.Tasks.Parallel.dll /reference:/usr/share/dotnet/packs/Microsoft.NETCore.App.Ref/10.0.3/ref/net10.0/System.Threading.Thread.dll /reference:/usr/share/dotnet/packs/Microsoft.NETCore.App.Ref/10.0.3/ref/net10.0/System.Threading.ThreadPool.dll /reference:/usr/share/dotnet/packs/Microsoft.NETCore.App.Ref/10.0.3/ref/net10.0/System.Threading.Timer.dll /reference:/usr/share/dotnet/packs/Microsoft.NETCore.App.Ref/10.0.3/ref/net10.0/System.Transactions.dll /reference:/usr/share/dotnet/packs/Microsoft.NETCore.App.Ref/10.0.3/ref/net10.0/System.Transactions.Local.dll /reference:/usr/share/dotnet/packs/Microsoft.NETCore.App.Ref/10.0.3/ref/net10.0/System.ValueTuple.dll /reference:/usr/share/dotnet/packs/Microsoft.NETCore.App.Ref/10.0.3/ref/net10.0/System.Web.dll /reference:/usr/share/dotnet/packs/Microsoft.NETCore.App.Ref/10.0.3/ref/net10.0/System.Web.HttpUtility.dll /reference:/usr/share/dotnet/packs/Microsoft.NETCore.App.Ref/10.0.3/ref/net10.0/System.Windows.dll /reference:/usr/share/dotnet/packs/Microsoft.NETCore.App.Ref/10.0.3/ref/net10.0/System.Xml.dll /reference:/usr/share/dotnet/packs/Microsoft.NETCore.App.Ref/10.0.3/ref/net10.0/System.Xml.Linq.dll /reference:/usr/share/dotnet/packs/Microsoft.NETCore.App.Ref/10.0.3/ref/net10.0/System.Xml.ReaderWriter.dll /reference:/usr/share/dotnet/packs/Microsoft.NETCore.App.Ref/10.0.3/ref/net10.0/System.Xml.Serialization.dll /reference:/usr/share/dotnet/packs/Microsoft.NETCore.App.Ref/10.0.3/ref/net10.0/System.Xml.XDocument.dll /reference:/usr/share/dotnet/packs/Microsoft.NETCore.App.Ref/10.0.3/ref/net10.0/System.Xml.XmlDocument.dll /reference:/usr/share/dotnet/packs/Microsoft.NETCore.App.Ref/10.0.3/ref/net10.0/System.Xml.XmlSerializer.dll /reference:/usr/share/dotnet/packs/Microsoft.NETCore.App.Ref/10.0.3/ref/net10.0/System.Xml.XPath.dll /reference:/usr/share/dotnet/packs/Microsoft.NETCore.App.Ref/10.0.3/ref/net10.0/System.Xml.XPath.XDocument.dll /reference:/usr/share/dotnet/packs/Microsoft.NETCore.App.Ref/10.0.3/ref/net10.0/WindowsBase.dll /features:"InterceptorsNamespaces=;Microsoft.Extensions.Validation.Generated" /debug+ /debug:portable /filealign:512 /optimize- /out:/tmp/ghost-build/obj/Ghost.Contracts.News/Debug/net10.0/Ghost.Contracts.News.dll /refout:/tmp/ghost-build/obj/Ghost.Contracts.News/Debug/net10.0/refint/Ghost.Contracts.News.dll /target:library /warnaserror+ /utf8output /deterministic+ /sourcelink:/tmp/ghost-build/obj/Ghost.Contracts.News/Debug/net10.0/Ghost.Contracts.News.sourcelink.json /langversion:preview /embed:/tmp/ghost-build/obj/Ghost.Contracts.News/Debug/net10.0/Ghost.Contracts.News.GlobalUsings.g.cs /embed:/tmp/ghost-build/obj/Ghost.Contracts.News/Debug/net10.0/Ghost.Contracts.News.AssemblyInfo.cs /analyzerconfig:/home/rrj/src/github/rudironsoni/Ghost/.editorconfig /analyzerconfig:/tmp/ghost-build/obj/Ghost.Contracts.News/Debug/net10.0/Ghost.Contracts.News.GeneratedMSBuildEditorConfig.editorconfig /analyzerconfig:/usr/share/dotnet/sdk/10.0.103/Sdks/Microsoft.NET.Sdk/analyzers/build/config/analysislevel_10_recommended.globalconfig /analyzer:/usr/share/dotnet/sdk/10.0.103/Sdks/Microsoft.NET.Sdk/targets/../analyzers/Microsoft.CodeAnalysis.CSharp.NetAnalyzers.dll /analyzer:/usr/share/dotnet/sdk/10.0.103/Sdks/Microsoft.NET.Sdk/targets/../analyzers/Microsoft.CodeAnalysis.NetAnalyzers.dll /analyzer:/usr/share/dotnet/sdk/10.0.103/Sdks/Microsoft.NET.Sdk/targets/../codestyle/cs/Microsoft.CodeAnalysis.CodeStyle.dll /analyzer:/usr/share/dotnet/sdk/10.0.103/Sdks/Microsoft.NET.Sdk/targets/../codestyle/cs/Microsoft.CodeAnalysis.CodeStyle.Fixes.dll /analyzer:/usr/share/dotnet/sdk/10.0.103/Sdks/Microsoft.NET.Sdk/targets/../codestyle/cs/Microsoft.CodeAnalysis.CSharp.CodeStyle.dll /analyzer:/usr/share/dotnet/sdk/10.0.103/Sdks/Microsoft.NET.Sdk/targets/../codestyle/cs/Microsoft.CodeAnalysis.CSharp.CodeStyle.Fixes.dll /analyzer:/usr/share/dotnet/packs/Microsoft.NETCore.App.Ref/10.0.3/analyzers/dotnet/cs/Microsoft.Interop.ComInterfaceGenerator.dll /analyzer:/usr/share/dotnet/packs/Microsoft.NETCore.App.Ref/10.0.3/analyzers/dotnet/cs/Microsoft.Interop.JavaScript.JSImportGenerator.dll /analyzer:/usr/share/dotnet/packs/Microsoft.NETCore.App.Ref/10.0.3/analyzers/dotnet/cs/Microsoft.Interop.LibraryImportGenerator.dll /analyzer:/usr/share/dotnet/packs/Microsoft.NETCore.App.Ref/10.0.3/analyzers/dotnet/cs/Microsoft.Interop.SourceGeneration.dll /analyzer:/usr/share/dotnet/packs/Microsoft.NETCore.App.Ref/10.0.3/analyzers/dotnet/cs/System.Text.Json.SourceGeneration.dll /analyzer:/usr/share/dotnet/packs/Microsoft.NETCore.App.Ref/10.0.3/analyzers/dotnet/cs/System.Text.RegularExpressions.Generator.dll DTOs/NewsArticle.cs DTOs/NewsCategory.cs DTOs/NewsFilter.cs DTOs/NewsSearchOptions.cs INewsClient.cs Serialization/NewsSerializerContext.cs /tmp/ghost-build/obj/Ghost.Contracts.News/Debug/net10.0/Ghost.Contracts.News.GlobalUsings.g.cs /tmp/ghost-build/obj/Ghost.Contracts.News/Debug/net10.0/Ghost.Contracts.News.AssemblyInfo.cs /warnaserror+:NU1605,SYSLIB0011
         Compilation request Ghost.Contracts.News (net10.0), PathToTool=/usr/share/dotnet/sdk/10.0.103/Roslyn/bincore/csc
         CompilerServer: tool - using command line tool by design '/usr/share/dotnet/sdk/10.0.103/Roslyn/bincore/csc' - Ghost.Contracts.News (net10.0)
    26>_CopyFilesMarkedCopyLocal:
         Copying file from "/tmp/ghost-build/bin/Ghost.Engine.Abstractions/Debug/net10.0/Ghost.Engine.Abstractions.dll" to "/tmp/ghost-build/bin/Ghost.Engine.Hosting/Debug/net10.0/Ghost.Engine.Abstractions.dll".
         Copying file from "/tmp/ghost-build/bin/Ghost.Engine/Debug/net10.0/Ghost.Engine.dll" to "/tmp/ghost-build/bin/Ghost.Engine.Hosting/Debug/net10.0/Ghost.Engine.dll".
         Copying file from "/tmp/ghost-build/bin/Ghost.Engine/Debug/net10.0/Ghost.Engine.pdb" to "/tmp/ghost-build/bin/Ghost.Engine.Hosting/Debug/net10.0/Ghost.Engine.pdb".
         Copying file from "/tmp/ghost-build/bin/Ghost.Engine.Abstractions/Debug/net10.0/Ghost.Engine.Abstractions.pdb" to "/tmp/ghost-build/bin/Ghost.Engine.Hosting/Debug/net10.0/Ghost.Engine.Abstractions.pdb".
         Creating "/tmp/ghost-build/obj/Ghost.Engine.Hosting/Debug/net10.0/Ghost.En.BCB8325F.Up2Date" because "AlwaysCreate" was specified.
         Touching "/tmp/ghost-build/obj/Ghost.Engine.Hosting/Debug/net10.0/Ghost.En.BCB8325F.Up2Date".
       CopyFilesToOutputDirectory:
         Copying file from "/tmp/ghost-build/obj/Ghost.Engine.Hosting/Debug/net10.0/Ghost.Engine.Hosting.dll" to "/tmp/ghost-build/bin/Ghost.Engine.Hosting/Debug/net10.0/Ghost.Engine.Hosting.dll".
         Copying reference assembly from "/tmp/ghost-build/obj/Ghost.Engine.Hosting/Debug/net10.0/refint/Ghost.Engine.Hosting.dll" to "/tmp/ghost-build/obj/Ghost.Engine.Hosting/Debug/net10.0/ref/Ghost.Engine.Hosting.dll".
         Ghost.Engine.Hosting -> /tmp/ghost-build/bin/Ghost.Engine.Hosting/Debug/net10.0/Ghost.Engine.Hosting.dll
         Copying file from "/tmp/ghost-build/obj/Ghost.Engine.Hosting/Debug/net10.0/Ghost.Engine.Hosting.pdb" to "/tmp/ghost-build/bin/Ghost.Engine.Hosting/Debug/net10.0/Ghost.Engine.Hosting.pdb".
    26>Done Building Project "/home/rrj/src/github/rudironsoni/Ghost/src/Engine/Ghost.Engine.Hosting/Ghost.Engine.Hosting.csproj" (default targets).
    13>CopyFilesToOutputDirectory:
         Copying file from "/tmp/ghost-build/obj/Ghost.Contracts.News/Debug/net10.0/Ghost.Contracts.News.dll" to "/tmp/ghost-build/bin/Ghost.Contracts.News/Debug/net10.0/Ghost.Contracts.News.dll".
         Copying reference assembly from "/tmp/ghost-build/obj/Ghost.Contracts.News/Debug/net10.0/refint/Ghost.Contracts.News.dll" to "/tmp/ghost-build/obj/Ghost.Contracts.News/Debug/net10.0/ref/Ghost.Contracts.News.dll".
         Ghost.Contracts.News -> /tmp/ghost-build/bin/Ghost.Contracts.News/Debug/net10.0/Ghost.Contracts.News.dll
         Copying file from "/tmp/ghost-build/obj/Ghost.Contracts.News/Debug/net10.0/Ghost.Contracts.News.pdb" to "/tmp/ghost-build/bin/Ghost.Contracts.News/Debug/net10.0/Ghost.Contracts.News.pdb".
    13>Done Building Project "/home/rrj/src/github/rudironsoni/Ghost/src/Contracts/Ghost.Contracts.News/Ghost.Contracts.News.csproj" (default targets).
     1>Project "/home/rrj/src/github/rudironsoni/Ghost/Ghost.sln" (1) is building "/home/rrj/src/github/rudironsoni/Ghost/src/Platform/Hosting/Ghost.Hosting/Ghost.Hosting.csproj" (6) on node 2 (default targets).
     6>/usr/share/dotnet/sdk/10.0.103/Microsoft.Common.CurrentVersion.targets(2137,5): error MSB4181: The "MSBuild" task returned false but did not log an error. [/home/rrj/src/github/rudironsoni/Ghost/src/Platform/Hosting/Ghost.Hosting/Ghost.Hosting.csproj]
     6>Done Building Project "/home/rrj/src/github/rudironsoni/Ghost/src/Platform/Hosting/Ghost.Hosting/Ghost.Hosting.csproj" (default targets) -- FAILED.
     1>Project "/home/rrj/src/github/rudironsoni/Ghost/Ghost.sln" (1) is building "/home/rrj/src/github/rudironsoni/Ghost/src/Plugins/InfoJobs/Ghost.Plugin.InfoJobs/Ghost.Plugin.InfoJobs.csproj" (38) on node 4 (default targets).
    38>/usr/share/dotnet/sdk/10.0.103/Microsoft.Common.CurrentVersion.targets(2137,5): error MSB4181: The "MSBuild" task returned false but did not log an error. [/home/rrj/src/github/rudironsoni/Ghost/src/Plugins/InfoJobs/Ghost.Plugin.InfoJobs/Ghost.Plugin.InfoJobs.csproj]
    38>Done Building Project "/home/rrj/src/github/rudironsoni/Ghost/src/Plugins/InfoJobs/Ghost.Plugin.InfoJobs/Ghost.Plugin.InfoJobs.csproj" (default targets) -- FAILED.
     1>Project "/home/rrj/src/github/rudironsoni/Ghost/Ghost.sln" (1) is building "/home/rrj/src/github/rudironsoni/Ghost/src/Platform/Hosting/Ghost.Hosting.WebApi/Ghost.Hosting.WebApi.csproj" (7) on node 2 (default targets).
     7>/usr/share/dotnet/sdk/10.0.103/Microsoft.Common.CurrentVersion.targets(2137,5): error MSB4181: The "MSBuild" task returned false but did not log an error. [/home/rrj/src/github/rudironsoni/Ghost/src/Platform/Hosting/Ghost.Hosting.WebApi/Ghost.Hosting.WebApi.csproj]
     7>Done Building Project "/home/rrj/src/github/rudironsoni/Ghost/src/Platform/Hosting/Ghost.Hosting.WebApi/Ghost.Hosting.WebApi.csproj" (default targets) -- FAILED.
     1>Project "/home/rrj/src/github/rudironsoni/Ghost/Ghost.sln" (1) is building "/home/rrj/src/github/rudironsoni/Ghost/src/Sdk/Ghost.Sdk/Ghost.Sdk.csproj" (9) on node 2 (default targets).
     9>/usr/share/dotnet/sdk/10.0.103/Microsoft.Common.CurrentVersion.targets(2137,5): error MSB4181: The "MSBuild" task returned false but did not log an error. [/home/rrj/src/github/rudironsoni/Ghost/src/Sdk/Ghost.Sdk/Ghost.Sdk.csproj]
     9>Done Building Project "/home/rrj/src/github/rudironsoni/Ghost/src/Sdk/Ghost.Sdk/Ghost.Sdk.csproj" (default targets) -- FAILED.
     1>Project "/home/rrj/src/github/rudironsoni/Ghost/Ghost.sln" (1) is building "/home/rrj/src/github/rudironsoni/Ghost/src/Plugins/Common/Ghost.Plugin.Common/Ghost.Plugin.Common.csproj" (33) on node 4 (default targets).
    33>/usr/share/dotnet/sdk/10.0.103/Microsoft.Common.CurrentVersion.targets(2137,5): error MSB4181: The "MSBuild" task returned false but did not log an error. [/home/rrj/src/github/rudironsoni/Ghost/src/Plugins/Common/Ghost.Plugin.Common/Ghost.Plugin.Common.csproj]
    33>Done Building Project "/home/rrj/src/github/rudironsoni/Ghost/src/Plugins/Common/Ghost.Plugin.Common/Ghost.Plugin.Common.csproj" (default targets) -- FAILED.
     1>Project "/home/rrj/src/github/rudironsoni/Ghost/Ghost.sln" (1) is building "/home/rrj/src/github/rudironsoni/Ghost/src/Plugins/LinkedIn/Ghost.Plugin.LinkedIn/Ghost.Plugin.LinkedIn.csproj" (8) on node 2 (default targets).
     8>/usr/share/dotnet/sdk/10.0.103/Microsoft.Common.CurrentVersion.targets(2137,5): error MSB4181: The "MSBuild" task returned false but did not log an error. [/home/rrj/src/github/rudironsoni/Ghost/src/Plugins/LinkedIn/Ghost.Plugin.LinkedIn/Ghost.Plugin.LinkedIn.csproj]
     8>Done Building Project "/home/rrj/src/github/rudironsoni/Ghost/src/Plugins/LinkedIn/Ghost.Plugin.LinkedIn/Ghost.Plugin.LinkedIn.csproj" (default targets) -- FAILED.
     1>Project "/home/rrj/src/github/rudironsoni/Ghost/Ghost.sln" (1) is building "/home/rrj/src/github/rudironsoni/Ghost/tests/Plugins/LinkedIn/Ghost.Plugin.LinkedIn.End2EndTests/Ghost.Plugin.LinkedIn.End2EndTests.csproj" (42) on node 4 (default targets).
    42>/usr/share/dotnet/sdk/10.0.103/Microsoft.Common.CurrentVersion.targets(2137,5): error MSB4181: The "MSBuild" task returned false but did not log an error. [/home/rrj/src/github/rudironsoni/Ghost/tests/Plugins/LinkedIn/Ghost.Plugin.LinkedIn.End2EndTests/Ghost.Plugin.LinkedIn.End2EndTests.csproj]
    42>Done Building Project "/home/rrj/src/github/rudironsoni/Ghost/tests/Plugins/LinkedIn/Ghost.Plugin.LinkedIn.End2EndTests/Ghost.Plugin.LinkedIn.End2EndTests.csproj" (default targets) -- FAILED.
     1>Project "/home/rrj/src/github/rudironsoni/Ghost/Ghost.sln" (1) is building "/home/rrj/src/github/rudironsoni/Ghost/src/Apps/Ghost.LinkedInScraperHarness/Ghost.LinkedInScraperHarness.csproj" (16) on node 2 (default targets).
    16>/usr/share/dotnet/sdk/10.0.103/Microsoft.Common.CurrentVersion.targets(2137,5): error MSB4181: The "MSBuild" task returned false but did not log an error. [/home/rrj/src/github/rudironsoni/Ghost/src/Apps/Ghost.LinkedInScraperHarness/Ghost.LinkedInScraperHarness.csproj]
    16>Done Building Project "/home/rrj/src/github/rudironsoni/Ghost/src/Apps/Ghost.LinkedInScraperHarness/Ghost.LinkedInScraperHarness.csproj" (default targets) -- FAILED.
     1>Project "/home/rrj/src/github/rudironsoni/Ghost/Ghost.sln" (1) is building "/home/rrj/src/github/rudironsoni/Ghost/tests/Sdk/Ghost.Sdk.Tests/Ghost.Sdk.Tests.csproj" (47) on node 4 (default targets).
    47>/usr/share/dotnet/sdk/10.0.103/Microsoft.Common.CurrentVersion.targets(2137,5): error MSB4181: The "MSBuild" task returned false but did not log an error. [/home/rrj/src/github/rudironsoni/Ghost/tests/Sdk/Ghost.Sdk.Tests/Ghost.Sdk.Tests.csproj]
    47>Done Building Project "/home/rrj/src/github/rudironsoni/Ghost/tests/Sdk/Ghost.Sdk.Tests/Ghost.Sdk.Tests.csproj" (default targets) -- FAILED.
     1>Project "/home/rrj/src/github/rudironsoni/Ghost/Ghost.sln" (1) is building "/home/rrj/src/github/rudironsoni/Ghost/src/Plugins/X/Ghost.Plugin.X/Ghost.Plugin.X.csproj" (32) on node 4 (default targets).
    32>/usr/share/dotnet/sdk/10.0.103/Microsoft.Common.CurrentVersion.targets(2137,5): error MSB4181: The "MSBuild" task returned false but did not log an error. [/home/rrj/src/github/rudironsoni/Ghost/src/Plugins/X/Ghost.Plugin.X/Ghost.Plugin.X.csproj]
    32>Done Building Project "/home/rrj/src/github/rudironsoni/Ghost/src/Plugins/X/Ghost.Plugin.X/Ghost.Plugin.X.csproj" (default targets) -- FAILED.
     1>Project "/home/rrj/src/github/rudironsoni/Ghost/Ghost.sln" (1) is building "/home/rrj/src/github/rudironsoni/Ghost/src/Plugins/OpenAI/Ghost.Plugin.OpenAI/Ghost.Plugin.OpenAI.csproj" (31) on node 4 (default targets).
    31>/usr/share/dotnet/sdk/10.0.103/Microsoft.Common.CurrentVersion.targets(2137,5): error MSB4181: The "MSBuild" task returned false but did not log an error. [/home/rrj/src/github/rudironsoni/Ghost/src/Plugins/OpenAI/Ghost.Plugin.OpenAI/Ghost.Plugin.OpenAI.csproj]
    31>Done Building Project "/home/rrj/src/github/rudironsoni/Ghost/src/Plugins/OpenAI/Ghost.Plugin.OpenAI/Ghost.Plugin.OpenAI.csproj" (default targets) -- FAILED.
     1>Project "/home/rrj/src/github/rudironsoni/Ghost/Ghost.sln" (1) is building "/home/rrj/src/github/rudironsoni/Ghost/src/Plugins/Anthropic/Ghost.Plugin.Anthropic/Ghost.Plugin.Anthropic.csproj" (30) on node 4 (default targets).
    30>/usr/share/dotnet/sdk/10.0.103/Microsoft.Common.CurrentVersion.targets(2137,5): error MSB4181: The "MSBuild" task returned false but did not log an error. [/home/rrj/src/github/rudironsoni/Ghost/src/Plugins/Anthropic/Ghost.Plugin.Anthropic/Ghost.Plugin.Anthropic.csproj]
    30>Done Building Project "/home/rrj/src/github/rudironsoni/Ghost/src/Plugins/Anthropic/Ghost.Plugin.Anthropic/Ghost.Plugin.Anthropic.csproj" (default targets) -- FAILED.
     1>Project "/home/rrj/src/github/rudironsoni/Ghost/Ghost.sln" (1) is building "/home/rrj/src/github/rudironsoni/Ghost/tests/Platform/Hosting/Ghost.Platform.Hosting.UnitTests/Ghost.Platform.Hosting.UnitTests.csproj" (34) on node 4 (default targets).
    34>/usr/share/dotnet/sdk/10.0.103/Microsoft.Common.CurrentVersion.targets(2137,5): error MSB4181: The "MSBuild" task returned false but did not log an error. [/home/rrj/src/github/rudironsoni/Ghost/tests/Platform/Hosting/Ghost.Platform.Hosting.UnitTests/Ghost.Platform.Hosting.UnitTests.csproj]
    34>Done Building Project "/home/rrj/src/github/rudironsoni/Ghost/tests/Platform/Hosting/Ghost.Platform.Hosting.UnitTests/Ghost.Platform.Hosting.UnitTests.csproj" (default targets) -- FAILED.
     1>Project "/home/rrj/src/github/rudironsoni/Ghost/Ghost.sln" (1) is building "/home/rrj/src/github/rudironsoni/Ghost/src/Plugins/Glassdoor/Ghost.Plugin.Glassdoor/Ghost.Plugin.Glassdoor.csproj" (28) on node 4 (default targets).
    28>/usr/share/dotnet/sdk/10.0.103/Microsoft.Common.CurrentVersion.targets(2137,5): error MSB4181: The "MSBuild" task returned false but did not log an error. [/home/rrj/src/github/rudironsoni/Ghost/src/Plugins/Glassdoor/Ghost.Plugin.Glassdoor/Ghost.Plugin.Glassdoor.csproj]
    28>Done Building Project "/home/rrj/src/github/rudironsoni/Ghost/src/Plugins/Glassdoor/Ghost.Plugin.Glassdoor/Ghost.Plugin.Glassdoor.csproj" (default targets) -- FAILED.
     1>Project "/home/rrj/src/github/rudironsoni/Ghost/Ghost.sln" (1) is building "/home/rrj/src/github/rudironsoni/Ghost/tests/Plugins/Glassdoor/Ghost.Plugin.Glassdoor.End2EndTests/Ghost.Plugin.Glassdoor.End2EndTests.csproj" (39) on node 4 (default targets).
    39>/usr/share/dotnet/sdk/10.0.103/Microsoft.Common.CurrentVersion.targets(2137,5): error MSB4181: The "MSBuild" task returned false but did not log an error. [/home/rrj/src/github/rudironsoni/Ghost/tests/Plugins/Glassdoor/Ghost.Plugin.Glassdoor.End2EndTests/Ghost.Plugin.Glassdoor.End2EndTests.csproj]
    39>Done Building Project "/home/rrj/src/github/rudironsoni/Ghost/tests/Plugins/Glassdoor/Ghost.Plugin.Glassdoor.End2EndTests/Ghost.Plugin.Glassdoor.End2EndTests.csproj" (default targets) -- FAILED.
     1>Project "/home/rrj/src/github/rudironsoni/Ghost/Ghost.sln" (1) is building "/home/rrj/src/github/rudironsoni/Ghost/tests/Plugins/Glassdoor/Ghost.Plugin.Glassdoor.UnitTests/Ghost.Plugin.Glassdoor.UnitTests.csproj" (35) on node 4 (default targets).
    35>/usr/share/dotnet/sdk/10.0.103/Microsoft.Common.CurrentVersion.targets(2137,5): error MSB4181: The "MSBuild" task returned false but did not log an error. [/home/rrj/src/github/rudironsoni/Ghost/tests/Plugins/Glassdoor/Ghost.Plugin.Glassdoor.UnitTests/Ghost.Plugin.Glassdoor.UnitTests.csproj]
    35>Done Building Project "/home/rrj/src/github/rudironsoni/Ghost/tests/Plugins/Glassdoor/Ghost.Plugin.Glassdoor.UnitTests/Ghost.Plugin.Glassdoor.UnitTests.csproj" (default targets) -- FAILED.
     1>Project "/home/rrj/src/github/rudironsoni/Ghost/Ghost.sln" (1) is building "/home/rrj/src/github/rudironsoni/Ghost/src/Plugins/Google/Ghost.Plugin.Google/Ghost.Plugin.Google.csproj" (29) on node 4 (default targets).
    29>/usr/share/dotnet/sdk/10.0.103/Microsoft.Common.CurrentVersion.targets(2137,5): error MSB4181: The "MSBuild" task returned false but did not log an error. [/home/rrj/src/github/rudironsoni/Ghost/src/Plugins/Google/Ghost.Plugin.Google/Ghost.Plugin.Google.csproj]
    29>Done Building Project "/home/rrj/src/github/rudironsoni/Ghost/src/Plugins/Google/Ghost.Plugin.Google/Ghost.Plugin.Google.csproj" (default targets) -- FAILED.
     1>Project "/home/rrj/src/github/rudironsoni/Ghost/Ghost.sln" (1) is building "/home/rrj/src/github/rudironsoni/Ghost/tests/Plugins/Google/Ghost.Plugin.Google.End2EndTests/Ghost.Plugin.Google.End2EndTests.csproj" (40) on node 4 (default targets).
    40>/usr/share/dotnet/sdk/10.0.103/Microsoft.Common.CurrentVersion.targets(2137,5): error MSB4181: The "MSBuild" task returned false but did not log an error. [/home/rrj/src/github/rudironsoni/Ghost/tests/Plugins/Google/Ghost.Plugin.Google.End2EndTests/Ghost.Plugin.Google.End2EndTests.csproj]
    40>Done Building Project "/home/rrj/src/github/rudironsoni/Ghost/tests/Plugins/Google/Ghost.Plugin.Google.End2EndTests/Ghost.Plugin.Google.End2EndTests.csproj" (default targets) -- FAILED.
     1>Project "/home/rrj/src/github/rudironsoni/Ghost/Ghost.sln" (1) is building "/home/rrj/src/github/rudironsoni/Ghost/src/Plugins/Indeed/Ghost.Plugin.Indeed/Ghost.Plugin.Indeed.csproj" (27) on node 4 (default targets).
    27>/usr/share/dotnet/sdk/10.0.103/Microsoft.Common.CurrentVersion.targets(2137,5): error MSB4181: The "MSBuild" task returned false but did not log an error. [/home/rrj/src/github/rudironsoni/Ghost/src/Plugins/Indeed/Ghost.Plugin.Indeed/Ghost.Plugin.Indeed.csproj]
    27>Done Building Project "/home/rrj/src/github/rudironsoni/Ghost/src/Plugins/Indeed/Ghost.Plugin.Indeed/Ghost.Plugin.Indeed.csproj" (default targets) -- FAILED.
     1>Project "/home/rrj/src/github/rudironsoni/Ghost/Ghost.sln" (1) is building "/home/rrj/src/github/rudironsoni/Ghost/tests/Plugins/Indeed/Ghost.Plugin.Indeed.End2EndTests/Ghost.Plugin.Indeed.End2EndTests.csproj" (41) on node 4 (default targets).
    41>/usr/share/dotnet/sdk/10.0.103/Microsoft.Common.CurrentVersion.targets(2137,5): error MSB4181: The "MSBuild" task returned false but did not log an error. [/home/rrj/src/github/rudironsoni/Ghost/tests/Plugins/Indeed/Ghost.Plugin.Indeed.End2EndTests/Ghost.Plugin.Indeed.End2EndTests.csproj]
    41>Done Building Project "/home/rrj/src/github/rudironsoni/Ghost/tests/Plugins/Indeed/Ghost.Plugin.Indeed.End2EndTests/Ghost.Plugin.Indeed.End2EndTests.csproj" (default targets) -- FAILED.
     1>Project "/home/rrj/src/github/rudironsoni/Ghost/Ghost.sln" (1) is building "/home/rrj/src/github/rudironsoni/Ghost/src/Apps/Ghost.WebApi/Ghost.WebApi.csproj" (12) on node 2 (default targets).
    12>/usr/share/dotnet/sdk/10.0.103/Microsoft.Common.CurrentVersion.targets(2137,5): error MSB4181: The "MSBuild" task returned false but did not log an error. [/home/rrj/src/github/rudironsoni/Ghost/src/Apps/Ghost.WebApi/Ghost.WebApi.csproj]
    12>Done Building Project "/home/rrj/src/github/rudironsoni/Ghost/src/Apps/Ghost.WebApi/Ghost.WebApi.csproj" (default targets) -- FAILED.
     1>Project "/home/rrj/src/github/rudironsoni/Ghost/Ghost.sln" (1) is building "/home/rrj/src/github/rudironsoni/Ghost/tests/Plugins/Indeed/Ghost.Plugin.Indeed.UnitTests/Ghost.Plugin.Indeed.UnitTests.csproj" (36) on node 4 (default targets).
    36>/usr/share/dotnet/sdk/10.0.103/Microsoft.Common.CurrentVersion.targets(2137,5): error MSB4181: The "MSBuild" task returned false but did not log an error. [/home/rrj/src/github/rudironsoni/Ghost/tests/Plugins/Indeed/Ghost.Plugin.Indeed.UnitTests/Ghost.Plugin.Indeed.UnitTests.csproj]
    36>Done Building Project "/home/rrj/src/github/rudironsoni/Ghost/tests/Plugins/Indeed/Ghost.Plugin.Indeed.UnitTests/Ghost.Plugin.Indeed.UnitTests.csproj" (default targets) -- FAILED.
     1>Project "/home/rrj/src/github/rudironsoni/Ghost/Ghost.sln" (1) is building "/home/rrj/src/github/rudironsoni/Ghost/tests/Kernel/Ghost.Kernel.SmokeTests/Ghost.Kernel.SmokeTests.csproj" (46) on node 4 (default targets).
    46>/usr/share/dotnet/sdk/10.0.103/Microsoft.Common.CurrentVersion.targets(2137,5): error MSB4181: The "MSBuild" task returned false but did not log an error. [/home/rrj/src/github/rudironsoni/Ghost/tests/Kernel/Ghost.Kernel.SmokeTests/Ghost.Kernel.SmokeTests.csproj]
    46>Done Building Project "/home/rrj/src/github/rudironsoni/Ghost/tests/Kernel/Ghost.Kernel.SmokeTests/Ghost.Kernel.SmokeTests.csproj" (default targets) -- FAILED.
     1>Done Building Project "/home/rrj/src/github/rudironsoni/Ghost/Ghost.sln" (default targets) -- FAILED.

Build FAILED.

       "/home/rrj/src/github/rudironsoni/Ghost/Ghost.sln" (default target) (1) ->
       "/home/rrj/src/github/rudironsoni/Ghost/src/Kernel/Ghost/Ghost.csproj" (default target) (2) ->
       "/home/rrj/src/github/rudironsoni/Ghost/src/Contracts/Ghost.Contracts.Jobs/Ghost.Contracts.Jobs.csproj" (default target) (3:2) ->
       (CoreCompile target) -> 
         /home/rrj/src/github/rudironsoni/Ghost/src/Contracts/Ghost.Contracts.Jobs/DTOs/JobSearchCriteria.cs(24,5): error IDE0032: Use auto property (https://learn.microsoft.com/dotnet/fundamentals/code-analysis/style-rules/ide0032) [/home/rrj/src/github/rudironsoni/Ghost/src/Contracts/Ghost.Contracts.Jobs/Ghost.Contracts.Jobs.csproj]


       "/home/rrj/src/github/rudironsoni/Ghost/Ghost.sln" (default target) (1) ->
       "/home/rrj/src/github/rudironsoni/Ghost/tests/Plugins/InfoJobs/Ghost.Plugin.InfoJobs.IntegrationTests/Ghost.Plugin.InfoJobs.IntegrationTests.csproj" (default target) (57) ->
       (ResolveProjectReferences target) -> 
         /usr/share/dotnet/sdk/10.0.103/Microsoft.Common.CurrentVersion.targets(2137,5): error MSB4181: The "MSBuild" task returned false but did not log an error. [/home/rrj/src/github/rudironsoni/Ghost/tests/Plugins/InfoJobs/Ghost.Plugin.InfoJobs.IntegrationTests/Ghost.Plugin.InfoJobs.IntegrationTests.csproj]


       "/home/rrj/src/github/rudironsoni/Ghost/Ghost.sln" (default target) (1) ->
       "/home/rrj/src/github/rudironsoni/Ghost/src/Platform/Hosting/Ghost.Hosting/Ghost.Hosting.csproj" (default target) (6) ->
         /usr/share/dotnet/sdk/10.0.103/Microsoft.Common.CurrentVersion.targets(2137,5): error MSB4181: The "MSBuild" task returned false but did not log an error. [/home/rrj/src/github/rudironsoni/Ghost/src/Platform/Hosting/Ghost.Hosting/Ghost.Hosting.csproj]


       "/home/rrj/src/github/rudironsoni/Ghost/Ghost.sln" (default target) (1) ->
       "/home/rrj/src/github/rudironsoni/Ghost/src/Plugins/InfoJobs/Ghost.Plugin.InfoJobs/Ghost.Plugin.InfoJobs.csproj" (default target) (38) ->
         /usr/share/dotnet/sdk/10.0.103/Microsoft.Common.CurrentVersion.targets(2137,5): error MSB4181: The "MSBuild" task returned false but did not log an error. [/home/rrj/src/github/rudironsoni/Ghost/src/Plugins/InfoJobs/Ghost.Plugin.InfoJobs/Ghost.Plugin.InfoJobs.csproj]


       "/home/rrj/src/github/rudironsoni/Ghost/Ghost.sln" (default target) (1) ->
       "/home/rrj/src/github/rudironsoni/Ghost/src/Platform/Hosting/Ghost.Hosting.WebApi/Ghost.Hosting.WebApi.csproj" (default target) (7) ->
         /usr/share/dotnet/sdk/10.0.103/Microsoft.Common.CurrentVersion.targets(2137,5): error MSB4181: The "MSBuild" task returned false but did not log an error. [/home/rrj/src/github/rudironsoni/Ghost/src/Platform/Hosting/Ghost.Hosting.WebApi/Ghost.Hosting.WebApi.csproj]


       "/home/rrj/src/github/rudironsoni/Ghost/Ghost.sln" (default target) (1) ->
       "/home/rrj/src/github/rudironsoni/Ghost/src/Sdk/Ghost.Sdk/Ghost.Sdk.csproj" (default target) (9) ->
         /usr/share/dotnet/sdk/10.0.103/Microsoft.Common.CurrentVersion.targets(2137,5): error MSB4181: The "MSBuild" task returned false but did not log an error. [/home/rrj/src/github/rudironsoni/Ghost/src/Sdk/Ghost.Sdk/Ghost.Sdk.csproj]


       "/home/rrj/src/github/rudironsoni/Ghost/Ghost.sln" (default target) (1) ->
       "/home/rrj/src/github/rudironsoni/Ghost/src/Plugins/Common/Ghost.Plugin.Common/Ghost.Plugin.Common.csproj" (default target) (33) ->
         /usr/share/dotnet/sdk/10.0.103/Microsoft.Common.CurrentVersion.targets(2137,5): error MSB4181: The "MSBuild" task returned false but did not log an error. [/home/rrj/src/github/rudironsoni/Ghost/src/Plugins/Common/Ghost.Plugin.Common/Ghost.Plugin.Common.csproj]


       "/home/rrj/src/github/rudironsoni/Ghost/Ghost.sln" (default target) (1) ->
       "/home/rrj/src/github/rudironsoni/Ghost/src/Plugins/LinkedIn/Ghost.Plugin.LinkedIn/Ghost.Plugin.LinkedIn.csproj" (default target) (8) ->
         /usr/share/dotnet/sdk/10.0.103/Microsoft.Common.CurrentVersion.targets(2137,5): error MSB4181: The "MSBuild" task returned false but did not log an error. [/home/rrj/src/github/rudironsoni/Ghost/src/Plugins/LinkedIn/Ghost.Plugin.LinkedIn/Ghost.Plugin.LinkedIn.csproj]


       "/home/rrj/src/github/rudironsoni/Ghost/Ghost.sln" (default target) (1) ->
       "/home/rrj/src/github/rudironsoni/Ghost/tests/Plugins/LinkedIn/Ghost.Plugin.LinkedIn.End2EndTests/Ghost.Plugin.LinkedIn.End2EndTests.csproj" (default target) (42) ->
         /usr/share/dotnet/sdk/10.0.103/Microsoft.Common.CurrentVersion.targets(2137,5): error MSB4181: The "MSBuild" task returned false but did not log an error. [/home/rrj/src/github/rudironsoni/Ghost/tests/Plugins/LinkedIn/Ghost.Plugin.LinkedIn.End2EndTests/Ghost.Plugin.LinkedIn.End2EndTests.csproj]


       "/home/rrj/src/github/rudironsoni/Ghost/Ghost.sln" (default target) (1) ->
       "/home/rrj/src/github/rudironsoni/Ghost/src/Apps/Ghost.LinkedInScraperHarness/Ghost.LinkedInScraperHarness.csproj" (default target) (16) ->
         /usr/share/dotnet/sdk/10.0.103/Microsoft.Common.CurrentVersion.targets(2137,5): error MSB4181: The "MSBuild" task returned false but did not log an error. [/home/rrj/src/github/rudironsoni/Ghost/src/Apps/Ghost.LinkedInScraperHarness/Ghost.LinkedInScraperHarness.csproj]


       "/home/rrj/src/github/rudironsoni/Ghost/Ghost.sln" (default target) (1) ->
       "/home/rrj/src/github/rudironsoni/Ghost/tests/Sdk/Ghost.Sdk.Tests/Ghost.Sdk.Tests.csproj" (default target) (47) ->
         /usr/share/dotnet/sdk/10.0.103/Microsoft.Common.CurrentVersion.targets(2137,5): error MSB4181: The "MSBuild" task returned false but did not log an error. [/home/rrj/src/github/rudironsoni/Ghost/tests/Sdk/Ghost.Sdk.Tests/Ghost.Sdk.Tests.csproj]


       "/home/rrj/src/github/rudironsoni/Ghost/Ghost.sln" (default target) (1) ->
       "/home/rrj/src/github/rudironsoni/Ghost/src/Plugins/X/Ghost.Plugin.X/Ghost.Plugin.X.csproj" (default target) (32) ->
         /usr/share/dotnet/sdk/10.0.103/Microsoft.Common.CurrentVersion.targets(2137,5): error MSB4181: The "MSBuild" task returned false but did not log an error. [/home/rrj/src/github/rudironsoni/Ghost/src/Plugins/X/Ghost.Plugin.X/Ghost.Plugin.X.csproj]


       "/home/rrj/src/github/rudironsoni/Ghost/Ghost.sln" (default target) (1) ->
       "/home/rrj/src/github/rudironsoni/Ghost/src/Plugins/OpenAI/Ghost.Plugin.OpenAI/Ghost.Plugin.OpenAI.csproj" (default target) (31) ->
         /usr/share/dotnet/sdk/10.0.103/Microsoft.Common.CurrentVersion.targets(2137,5): error MSB4181: The "MSBuild" task returned false but did not log an error. [/home/rrj/src/github/rudironsoni/Ghost/src/Plugins/OpenAI/Ghost.Plugin.OpenAI/Ghost.Plugin.OpenAI.csproj]


       "/home/rrj/src/github/rudironsoni/Ghost/Ghost.sln" (default target) (1) ->
       "/home/rrj/src/github/rudironsoni/Ghost/src/Plugins/Anthropic/Ghost.Plugin.Anthropic/Ghost.Plugin.Anthropic.csproj" (default target) (30) ->
         /usr/share/dotnet/sdk/10.0.103/Microsoft.Common.CurrentVersion.targets(2137,5): error MSB4181: The "MSBuild" task returned false but did not log an error. [/home/rrj/src/github/rudironsoni/Ghost/src/Plugins/Anthropic/Ghost.Plugin.Anthropic/Ghost.Plugin.Anthropic.csproj]


       "/home/rrj/src/github/rudironsoni/Ghost/Ghost.sln" (default target) (1) ->
       "/home/rrj/src/github/rudironsoni/Ghost/tests/Platform/Hosting/Ghost.Platform.Hosting.UnitTests/Ghost.Platform.Hosting.UnitTests.csproj" (default target) (34) ->
         /usr/share/dotnet/sdk/10.0.103/Microsoft.Common.CurrentVersion.targets(2137,5): error MSB4181: The "MSBuild" task returned false but did not log an error. [/home/rrj/src/github/rudironsoni/Ghost/tests/Platform/Hosting/Ghost.Platform.Hosting.UnitTests/Ghost.Platform.Hosting.UnitTests.csproj]


       "/home/rrj/src/github/rudironsoni/Ghost/Ghost.sln" (default target) (1) ->
       "/home/rrj/src/github/rudironsoni/Ghost/src/Plugins/Glassdoor/Ghost.Plugin.Glassdoor/Ghost.Plugin.Glassdoor.csproj" (default target) (28) ->
         /usr/share/dotnet/sdk/10.0.103/Microsoft.Common.CurrentVersion.targets(2137,5): error MSB4181: The "MSBuild" task returned false but did not log an error. [/home/rrj/src/github/rudironsoni/Ghost/src/Plugins/Glassdoor/Ghost.Plugin.Glassdoor/Ghost.Plugin.Glassdoor.csproj]


       "/home/rrj/src/github/rudironsoni/Ghost/Ghost.sln" (default target) (1) ->
       "/home/rrj/src/github/rudironsoni/Ghost/tests/Plugins/Glassdoor/Ghost.Plugin.Glassdoor.End2EndTests/Ghost.Plugin.Glassdoor.End2EndTests.csproj" (default target) (39) ->
         /usr/share/dotnet/sdk/10.0.103/Microsoft.Common.CurrentVersion.targets(2137,5): error MSB4181: The "MSBuild" task returned false but did not log an error. [/home/rrj/src/github/rudironsoni/Ghost/tests/Plugins/Glassdoor/Ghost.Plugin.Glassdoor.End2EndTests/Ghost.Plugin.Glassdoor.End2EndTests.csproj]


       "/home/rrj/src/github/rudironsoni/Ghost/Ghost.sln" (default target) (1) ->
       "/home/rrj/src/github/rudironsoni/Ghost/tests/Plugins/Glassdoor/Ghost.Plugin.Glassdoor.UnitTests/Ghost.Plugin.Glassdoor.UnitTests.csproj" (default target) (35) ->
         /usr/share/dotnet/sdk/10.0.103/Microsoft.Common.CurrentVersion.targets(2137,5): error MSB4181: The "MSBuild" task returned false but did not log an error. [/home/rrj/src/github/rudironsoni/Ghost/tests/Plugins/Glassdoor/Ghost.Plugin.Glassdoor.UnitTests/Ghost.Plugin.Glassdoor.UnitTests.csproj]


       "/home/rrj/src/github/rudironsoni/Ghost/Ghost.sln" (default target) (1) ->
       "/home/rrj/src/github/rudironsoni/Ghost/src/Plugins/Google/Ghost.Plugin.Google/Ghost.Plugin.Google.csproj" (default target) (29) ->
         /usr/share/dotnet/sdk/10.0.103/Microsoft.Common.CurrentVersion.targets(2137,5): error MSB4181: The "MSBuild" task returned false but did not log an error. [/home/rrj/src/github/rudironsoni/Ghost/src/Plugins/Google/Ghost.Plugin.Google/Ghost.Plugin.Google.csproj]


       "/home/rrj/src/github/rudironsoni/Ghost/Ghost.sln" (default target) (1) ->
       "/home/rrj/src/github/rudironsoni/Ghost/tests/Plugins/Google/Ghost.Plugin.Google.End2EndTests/Ghost.Plugin.Google.End2EndTests.csproj" (default target) (40) ->
         /usr/share/dotnet/sdk/10.0.103/Microsoft.Common.CurrentVersion.targets(2137,5): error MSB4181: The "MSBuild" task returned false but did not log an error. [/home/rrj/src/github/rudironsoni/Ghost/tests/Plugins/Google/Ghost.Plugin.Google.End2EndTests/Ghost.Plugin.Google.End2EndTests.csproj]


       "/home/rrj/src/github/rudironsoni/Ghost/Ghost.sln" (default target) (1) ->
       "/home/rrj/src/github/rudironsoni/Ghost/src/Plugins/Indeed/Ghost.Plugin.Indeed/Ghost.Plugin.Indeed.csproj" (default target) (27) ->
         /usr/share/dotnet/sdk/10.0.103/Microsoft.Common.CurrentVersion.targets(2137,5): error MSB4181: The "MSBuild" task returned false but did not log an error. [/home/rrj/src/github/rudironsoni/Ghost/src/Plugins/Indeed/Ghost.Plugin.Indeed/Ghost.Plugin.Indeed.csproj]


       "/home/rrj/src/github/rudironsoni/Ghost/Ghost.sln" (default target) (1) ->
       "/home/rrj/src/github/rudironsoni/Ghost/tests/Plugins/Indeed/Ghost.Plugin.Indeed.End2EndTests/Ghost.Plugin.Indeed.End2EndTests.csproj" (default target) (41) ->
         /usr/share/dotnet/sdk/10.0.103/Microsoft.Common.CurrentVersion.targets(2137,5): error MSB4181: The "MSBuild" task returned false but did not log an error. [/home/rrj/src/github/rudironsoni/Ghost/tests/Plugins/Indeed/Ghost.Plugin.Indeed.End2EndTests/Ghost.Plugin.Indeed.End2EndTests.csproj]


       "/home/rrj/src/github/rudironsoni/Ghost/Ghost.sln" (default target) (1) ->
       "/home/rrj/src/github/rudironsoni/Ghost/src/Apps/Ghost.WebApi/Ghost.WebApi.csproj" (default target) (12) ->
         /usr/share/dotnet/sdk/10.0.103/Microsoft.Common.CurrentVersion.targets(2137,5): error MSB4181: The "MSBuild" task returned false but did not log an error. [/home/rrj/src/github/rudironsoni/Ghost/src/Apps/Ghost.WebApi/Ghost.WebApi.csproj]


       "/home/rrj/src/github/rudironsoni/Ghost/Ghost.sln" (default target) (1) ->
       "/home/rrj/src/github/rudironsoni/Ghost/tests/Plugins/Indeed/Ghost.Plugin.Indeed.UnitTests/Ghost.Plugin.Indeed.UnitTests.csproj" (default target) (36) ->
         /usr/share/dotnet/sdk/10.0.103/Microsoft.Common.CurrentVersion.targets(2137,5): error MSB4181: The "MSBuild" task returned false but did not log an error. [/home/rrj/src/github/rudironsoni/Ghost/tests/Plugins/Indeed/Ghost.Plugin.Indeed.UnitTests/Ghost.Plugin.Indeed.UnitTests.csproj]


       "/home/rrj/src/github/rudironsoni/Ghost/Ghost.sln" (default target) (1) ->
       "/home/rrj/src/github/rudironsoni/Ghost/tests/Kernel/Ghost.Kernel.SmokeTests/Ghost.Kernel.SmokeTests.csproj" (default target) (46) ->
         /usr/share/dotnet/sdk/10.0.103/Microsoft.Common.CurrentVersion.targets(2137,5): error MSB4181: The "MSBuild" task returned false but did not log an error. [/home/rrj/src/github/rudironsoni/Ghost/tests/Kernel/Ghost.Kernel.SmokeTests/Ghost.Kernel.SmokeTests.csproj]

    0 Warning(s)
    25 Error(s)

Time Elapsed 00:00:40.01
